Product: MDK-ARM Standard 5.10
Component: ARM Compiler 5.04 update 1 (build 49)
Tool: armlink [5040049]

==============================================================================

Section Cross References

    main.o(i.advertising_init) refers to memseta.o(.text) for __aeabi_memclr4
    main.o(i.advertising_init) refers to ble_advertising.o(i.ble_advertising_init) for ble_advertising_init
    main.o(i.advertising_init) refers to app_error.o(i.app_error_handler) for app_error_handler
    main.o(i.advertising_init) refers to main.o(.data) for .data
    main.o(i.advertising_init) refers to main.o(i.on_adv_evt) for on_adv_evt
    main.o(i.apple_notification_error_handler) refers to app_error.o(i.app_error_handler) for app_error_handler
    main.o(i.assert_nrf_callback) refers to app_error.o(i.app_error_handler) for app_error_handler
    main.o(i.ble_evt_dispatch) refers to device_manager_peripheral.o(i.dm_ble_evt_handler) for dm_ble_evt_handler
    main.o(i.ble_evt_dispatch) refers to ble_db_discovery.o(i.ble_db_discovery_on_ble_evt) for ble_db_discovery_on_ble_evt
    main.o(i.ble_evt_dispatch) refers to ble_conn_params.o(i.ble_conn_params_on_ble_evt) for ble_conn_params_on_ble_evt
    main.o(i.ble_evt_dispatch) refers to ble_ancs_c.o(i.ble_ancs_c_on_ble_evt) for ble_ancs_c_on_ble_evt
    main.o(i.ble_evt_dispatch) refers to bsp_btn_ble.o(i.bsp_btn_ble_on_ble_evt) for bsp_btn_ble_on_ble_evt
    main.o(i.ble_evt_dispatch) refers to main.o(i.on_ble_evt) for on_ble_evt
    main.o(i.ble_evt_dispatch) refers to ble_advertising.o(i.ble_advertising_on_ble_evt) for ble_advertising_on_ble_evt
    main.o(i.ble_evt_dispatch) refers to main.o(.bss) for .bss
    main.o(i.ble_stack_init) refers to softdevice_handler.o(i.softdevice_handler_init) for softdevice_handler_init
    main.o(i.ble_stack_init) refers to app_error.o(i.app_error_handler) for app_error_handler
    main.o(i.ble_stack_init) refers to app_mw_ble.o(i.sd_ble_enable) for sd_ble_enable
    main.o(i.ble_stack_init) refers to softdevice_handler.o(i.softdevice_ble_evt_handler_set) for softdevice_ble_evt_handler_set
    main.o(i.ble_stack_init) refers to softdevice_handler.o(i.softdevice_sys_evt_handler_set) for softdevice_sys_evt_handler_set
    main.o(i.ble_stack_init) refers to main.o(.bss) for .bss
    main.o(i.ble_stack_init) refers to main.o(i.ble_evt_dispatch) for ble_evt_dispatch
    main.o(i.ble_stack_init) refers to main.o(i.sys_evt_dispatch) for sys_evt_dispatch
    main.o(i.bsp_event_handler) refers to ble_ancs_c.o(i.ble_ancs_c_request_attrs) for ble_ancs_c_request_attrs
    main.o(i.bsp_event_handler) refers to main.o(i.sleep_mode_enter) for sleep_mode_enter
    main.o(i.bsp_event_handler) refers to app_mw_ble_gap.o(i.sd_ble_gap_disconnect) for sd_ble_gap_disconnect
    main.o(i.bsp_event_handler) refers to app_error.o(i.app_error_handler) for app_error_handler
    main.o(i.bsp_event_handler) refers to ble_advertising.o(i.ble_advertising_restart_without_whitelist) for ble_advertising_restart_without_whitelist
    main.o(i.bsp_event_handler) refers to main.o(.data) for .data
    main.o(i.conn_params_error_handler) refers to app_error.o(i.app_error_handler) for app_error_handler
    main.o(i.device_manager_evt_handler) refers to app_error.o(i.app_error_handler) for app_error_handler
    main.o(i.device_manager_evt_handler) refers to ble_ancs_c.o(i.ble_ancs_c_on_device_manager_evt) for ble_ancs_c_on_device_manager_evt
    main.o(i.device_manager_evt_handler) refers to memcpya.o(.text) for __aeabi_memcpy
    main.o(i.device_manager_evt_handler) refers to app_timer.o(i.app_timer_start) for app_timer_start
    main.o(i.device_manager_evt_handler) refers to ble_db_discovery.o(i.ble_db_discovery_start) for ble_db_discovery_start
    main.o(i.device_manager_evt_handler) refers to main.o(.bss) for .bss
    main.o(i.device_manager_evt_handler) refers to main.o(.data) for .data
    main.o(i.device_manager_init) refers to pstorage_nosd.o(i.pstorage_init) for pstorage_init
    main.o(i.device_manager_init) refers to app_error.o(i.app_error_handler) for app_error_handler
    main.o(i.device_manager_init) refers to device_manager_peripheral.o(i.dm_init) for dm_init
    main.o(i.device_manager_init) refers to memseta.o(.text) for __aeabi_memclr
    main.o(i.device_manager_init) refers to memcpya.o(.text) for __aeabi_memcpy
    main.o(i.device_manager_init) refers to device_manager_peripheral.o(i.dm_register) for dm_register
    main.o(i.device_manager_init) refers to main.o(i.device_manager_evt_handler) for device_manager_evt_handler
    main.o(i.device_manager_init) refers to main.o(.data) for .data
    main.o(i.main) refers to app_timer.o(i.app_timer_init) for app_timer_init
    main.o(i.main) refers to app_error.o(i.app_error_handler) for app_error_handler
    main.o(i.main) refers to app_timer.o(i.app_timer_create) for app_timer_create
    main.o(i.main) refers to app_uart_fifo.o(i.app_uart_init) for app_uart_init
[...]
    ble_gattc_evt_read_rsp_dec               0x00003d0f   Thumb Code   204  ble_gattc_evt_read_rsp.o(i.ble_gattc_evt_read_rsp_dec)
    ble_gattc_evt_rel_disc_rsp_dec           0x00003ddb   Thumb Code   144  ble_gattc_evt_rel_disc_rsp.o(i.ble_gattc_evt_rel_disc_rsp_dec)
    ble_gattc_evt_rel_disc_rsp_t_dec         0x00003e6b   Thumb Code    66  ble_gattc_struct_serialization.o(i.ble_gattc_evt_rel_disc_rsp_t_dec)
    ble_gattc_evt_timeout_dec                0x00003ead   Thumb Code   102  ble_gattc_evt_timeout.o(i.ble_gattc_evt_timeout_dec)
    ble_gattc_evt_write_rsp_dec              0x00003f13   Thumb Code   218  ble_gattc_evt_write_rsp.o(i.ble_gattc_evt_write_rsp_dec)
    ble_gattc_handle_range_t_dec             0x00003fed   Thumb Code    48  ble_gattc_struct_serialization.o(i.ble_gattc_handle_range_t_dec)
    ble_gattc_include_t_dec                  0x0000401d   Thumb Code    32  ble_gattc_struct_serialization.o(i.ble_gattc_include_t_dec)
    ble_gattc_primary_services_discover_req_enc 0x0000403d   Thumb Code    92  ble_gattc_primary_services_discover.o(i.ble_gattc_primary_services_discover_req_enc)
    ble_gattc_primary_services_discover_rsp_dec 0x00004099   Thumb Code    12  ble_gattc_primary_services_discover.o(i.ble_gattc_primary_services_discover_rsp_dec)
    ble_gattc_read_req_enc                   0x000040a5   Thumb Code    56  ble_gattc_read.o(i.ble_gattc_read_req_enc)
    ble_gattc_read_rsp_dec                   0x000040dd   Thumb Code    12  ble_gattc_read.o(i.ble_gattc_read_rsp_dec)
    ble_gattc_service_t_dec                  0x000040e9   Thumb Code    32  ble_gattc_struct_serialization.o(i.ble_gattc_service_t_dec)
    ble_gattc_write_req_enc                  0x00004109   Thumb Code   164  ble_gattc_write.o(i.ble_gattc_write_req_enc)
    ble_gattc_write_rsp_dec                  0x000041ad   Thumb Code    12  ble_gattc_write.o(i.ble_gattc_write_rsp_dec)
    ble_gatts_attr_context_t_dec             0x000041b9   Thumb Code   114  ble_gatts_struct_serialization.o(i.ble_gatts_attr_context_t_dec)
    ble_gatts_evt_hvc_dec                    0x0000422b   Thumb Code   100  ble_gatts_evt_hvc.o(i.ble_gatts_evt_hvc_dec)
    ble_gatts_evt_read_t_dec                 0x0000428f   Thumb Code   118  ble_gatts_struct_serialization.o(i.ble_gatts_evt_read_t_dec)
    ble_gatts_evt_rw_authorize_request_dec   0x00004305   Thumb Code   180  ble_gatts_evt_rw_authorize_request.o(i.ble_gatts_evt_rw_authorize_request_dec)
    ble_gatts_evt_rw_authorize_request_t_dec 0x000043bd   Thumb Code   144  ble_gatts_struct_serialization.o(i.ble_gatts_evt_rw_authorize_request_t_dec)
    ble_gatts_evt_sc_confirm_dec             0x0000444d   Thumb Code    80  ble_gatts_evt_sc_confirm.o(i.ble_gatts_evt_sc_confirm_dec)
    ble_gatts_evt_sys_attr_missing_dec       0x0000449d   Thumb Code   100  ble_gatts_evt_sys_attr_missing.o(i.ble_gatts_evt_sys_attr_missing_dec)
    ble_gatts_evt_timeout_dec                0x00004501   Thumb Code   100  ble_gatts_evt_timeout.o(i.ble_gatts_evt_timeout_dec)
    ble_gatts_evt_write_dec                  0x00004565   Thumb Code   170  ble_gatts_evt_write.o(i.ble_gatts_evt_write_dec)
    ble_gatts_evt_write_t_dec                0x00004615   Thumb Code   212  ble_gatts_struct_serialization.o(i.ble_gatts_evt_write_t_dec)
    ble_gatts_service_changed_req_enc        0x000046e9   Thumb Code   102  ble_gatts_service_changed.o(i.ble_gatts_service_changed_req_enc)
    ble_gatts_service_changed_rsp_dec        0x0000474f   Thumb Code    12  ble_gatts_service_changed.o(i.ble_gatts_service_changed_rsp_dec)
    ble_gatts_sys_attr_get_req_enc           0x0000475b   Thumb Code   136  ble_gatts_sys_attr_get.o(i.ble_gatts_sys_attr_get_req_enc)
    ble_gatts_sys_attr_get_rsp_dec           0x000047e3   Thumb Code   168  ble_gatts_sys_attr_get.o(i.ble_gatts_sys_attr_get_rsp_dec)
    ble_gatts_sys_attr_set_req_enc           0x0000488b   Thumb Code   144  ble_gatts_sys_attr_set.o(i.ble_gatts_sys_attr_set_req_enc)
    ble_gatts_sys_attr_set_rsp_dec           0x0000491b   Thumb Code    12  ble_gatts_sys_attr_set.o(i.ble_gatts_sys_attr_set_rsp_dec)
    ble_l2cap_evt_rx_dec                     0x00004927   Thumb Code   114  ble_l2cap_evt_rx.o(i.ble_l2cap_evt_rx_dec)
    ble_l2cap_evt_rx_t_dec                   0x00004999   Thumb Code   136  ble_struct_serialization.o(i.ble_l2cap_evt_rx_t_dec)
    ble_l2cap_header_t_dec                   0x00004a21   Thumb Code    46  ble_struct_serialization.o(i.ble_l2cap_header_t_dec)
    ble_uuid128_t_enc                        0x00004ab5   Thumb Code    40  ble_struct_serialization.o(i.ble_uuid128_t_enc)
    ble_uuid_encode_req_enc                  0x00004add   Thumb Code   110  ble_uuid_encode.o(i.ble_uuid_encode_req_enc)
    ble_uuid_encode_rsp_dec                  0x00004b4b   Thumb Code   118  ble_uuid_encode.o(i.ble_uuid_encode_rsp_dec)
    ble_uuid_t_dec                           0x00004bc1   Thumb Code    44  ble_struct_serialization.o(i.ble_uuid_t_dec)
    ble_uuid_vs_add_req_enc                  0x00004bed   Thumb Code    92  ble_uuid_vs_add.o(i.ble_uuid_vs_add_req_enc)
    ble_uuid_vs_add_rsp_dec                  0x00004c4d   Thumb Code    92  ble_uuid_vs_add.o(i.ble_uuid_vs_add_rsp_dec)
    bond_data_load                           0x00004cad   Thumb Code    58  device_manager_peripheral.o(i.bond_data_load)
    bsp_btn_ble_init                         0x00004cf5   Thumb Code    80  bsp_btn_ble.o(i.bsp_btn_ble_init)
    bsp_btn_ble_on_ble_evt                   0x00004d49   Thumb Code   114  bsp_btn_ble.o(i.bsp_btn_ble_on_ble_evt)
    bsp_btn_ble_sleep_mode_prepare           0x00004dc1   Thumb Code    20  bsp_btn_ble.o(i.bsp_btn_ble_sleep_mode_prepare)
    bsp_button_is_pressed                    0x00004e71   Thumb Code    34  bsp.o(i.bsp_button_is_pressed)
    bsp_event_to_button_action_assign        0x00004ee9   Thumb Code    66  bsp.o(i.bsp_event_to_button_action_assign)
    bsp_indication_set                       0x00004f31   Thumb Code    22  bsp.o(i.bsp_indication_set)
    bsp_init                                 0x00004f4d   Thumb Code   134  bsp.o(i.bsp_init)
    bsp_wakeup_buttons_set                   0x000051dd   Thumb Code    50  bsp.o(i.bsp_wakeup_buttons_set)
    buf_dec                                  0x00005219   Thumb Code   106  ble_serialization.o(i.buf_dec)
    buf_enc                                  0x00005283   Thumb Code    80  ble_serialization.o(i.buf_enc)
    cond_field_dec                           0x00005485   Thumb Code    94  cond_field_serialization.o(i.cond_field_dec)
    cond_field_enc                           0x000054e3   Thumb Code    50  cond_field_serialization.o(i.cond_field_enc)
    critical_region_enter                    0x0000565d   Thumb Code    12  app_util_platform.o(i.critical_region_enter)
    critical_region_exit                     0x0000566d   Thumb Code    14  app_util_platform.o(i.critical_region_exit)
    dm_ble_evt_handler                       0x00005b49   Thumb Code   966  device_manager_peripheral.o(i.dm_ble_evt_handler)
    dm_handle_initialize                     0x00005f25   Thumb Code    22  device_manager_peripheral.o(i.dm_handle_initialize)
    dm_init                                  0x00005f41   Thumb Code   174  device_manager_peripheral.o(i.dm_init)
    dm_register                              0x00006169   Thumb Code   104  device_manager_peripheral.o(i.dm_register)
    dm_security_setup_req                    0x000061dd   Thumb Code    82  device_manager_peripheral.o(i.dm_security_setup_req)
    dm_security_status_req                   0x0000623d   Thumb Code    98  device_manager_peripheral.o(i.dm_security_status_req)
    dm_whitelist_create                      0x000062ad   Thumb Code   164  device_manager_peripheral.o(i.dm_whitelist_create)
    fputc                                    0x00006481   Thumb Code    14  retarget.o(i.fputc)
    int8_dec                                 0x00006991   Thumb Code    22  ble_serialization.o(i.int8_dec)
    intern_softdevice_events_execute         0x000069a9   Thumb Code   128  softdevice_handler.o(i.intern_softdevice_events_execute)
    len16data_dec                            0x00006af9   Thumb Code    48  ble_serialization.o(i.len16data_dec)
    len8data_enc                             0x00006b29   Thumb Code    48  ble_serialization.o(i.len8data_enc)
    main                                     0x00006cdd   Thumb Code   414  main.o(i.main)
    nrf_delay_ms                             0x000070d5   Thumb Code    24  nrf_delay.o(i.nrf_delay_ms)
    nrf_drv_common_irq_enable                0x000070f1   Thumb Code    78  nrf_drv_common.o(i.nrf_drv_common_irq_enable)
    nrf_drv_gpiote_in_event_enable           0x00007151   Thumb Code   138  nrf_drv_gpiote.o(i.nrf_drv_gpiote_in_event_enable)
    nrf_drv_gpiote_in_init                   0x000071f1   Thumb Code   130  nrf_drv_gpiote.o(i.nrf_drv_gpiote_in_init)
    nrf_drv_gpiote_in_is_set                 0x00007285   Thumb Code    16  nrf_drv_gpiote.o(i.nrf_drv_gpiote_in_is_set)
    nrf_drv_gpiote_init                      0x00007299   Thumb Code    76  nrf_drv_gpiote.o(i.nrf_drv_gpiote_init)
    nrf_drv_gpiote_is_init                   0x000072ed   Thumb Code    12  nrf_drv_gpiote.o(i.nrf_drv_gpiote_is_init)
    nrf_drv_gpiote_out_init                  0x000072fd   Thumb Code   130  nrf_drv_gpiote.o(i.nrf_drv_gpiote_out_init)
    os_rsp_set_handler                       0x000078f1   Thumb Code     2  ser_softdevice_handler.o(i.os_rsp_set_handler)
    power_system_off_req_enc                 0x00007cf1   Thumb Code    34  power_system_off.o(i.power_system_off_req_enc)
    pstorage_access_status_get               0x00007d13   Thumb Code    12  pstorage_nosd.o(i.pstorage_access_status_get)
    pstorage_block_identifier_get            0x00007d21   Thumb Code    76  pstorage_nosd.o(i.pstorage_block_identifier_get)
    pstorage_clear                           0x00007d75   Thumb Code   118  pstorage_nosd.o(i.pstorage_clear)
    pstorage_init                            0x00007e25   Thumb Code    30  pstorage_nosd.o(i.pstorage_init)
    pstorage_load                            0x00007e49   Thumb Code   142  pstorage_nosd.o(i.pstorage_load)
    pstorage_register                        0x00007ee1   Thumb Code   164  pstorage_nosd.o(i.pstorage_register)
    pstorage_store                           0x00007f8d   Thumb Code   142  pstorage_nosd.o(i.pstorage_store)
    pstorage_sys_event_handler               0x00008025   Thumb Code     2  pstorage_nosd.o(i.pstorage_sys_event_handler)
    pstorage_update                          0x00008029   Thumb Code   346  pstorage_nosd.o(i.pstorage_update)
    sd_app_evt_wait                          0x0000820d   Thumb Code     6  nrf_soc.o(i.sd_app_evt_wait)
    sd_ble_enable                            0x00008215   Thumb Code    58  app_mw_ble.o(i.sd_ble_enable)
    sd_ble_evt_get                           0x00008259   Thumb Code    40  ser_softdevice_handler.o(i.sd_ble_evt_get)
    sd_ble_gap_adv_data_set                  0x00008285   Thumb Code    78  app_mw_ble_gap.o(i.sd_ble_gap_adv_data_set)
    sd_ble_gap_adv_start                     0x000082d9   Thumb Code    58  app_mw_ble_gap.o(i.sd_ble_gap_adv_start)
    sd_ble_gap_adv_stop                      0x00008319   Thumb Code    54  app_mw_ble_gap.o(i.sd_ble_gap_adv_stop)
    sd_ble_gap_appearance_get                0x00008355   Thumb Code    62  app_mw_ble_gap.o(i.sd_ble_gap_appearance_get)
    sd_ble_gap_authenticate                  0x0000839d   Thumb Code    62  app_mw_ble_gap.o(i.sd_ble_gap_authenticate)
    sd_ble_gap_conn_param_update             0x000083e1   Thumb Code    62  app_mw_ble_gap.o(i.sd_ble_gap_conn_param_update)
    sd_ble_gap_device_name_get               0x00008425   Thumb Code    68  app_mw_ble_gap.o(i.sd_ble_gap_device_name_get)
    sd_ble_gap_device_name_set               0x00008471   Thumb Code    68  app_mw_ble_gap.o(i.sd_ble_gap_device_name_set)
    sd_ble_gap_disconnect                    0x000084b9   Thumb Code    62  app_mw_ble_gap.o(i.sd_ble_gap_disconnect)
    sd_ble_gap_ppcp_get                      0x000084fd   Thumb Code    62  app_mw_ble_gap.o(i.sd_ble_gap_ppcp_get)
    sd_ble_gap_ppcp_set                      0x00008545   Thumb Code    58  app_mw_ble_gap.o(i.sd_ble_gap_ppcp_set)
    sd_ble_gap_sec_info_reply                0x00008585   Thumb Code    78  app_mw_ble_gap.o(i.sd_ble_gap_sec_info_reply)
    sd_ble_gap_sec_params_reply              0x000085d9   Thumb Code   120  app_mw_ble_gap.o(i.sd_ble_gap_sec_params_reply)
    sd_ble_gattc_characteristics_discover    0x0000865d   Thumb Code    62  app_mw_ble_gattc.o(i.sd_ble_gattc_characteristics_discover)
    sd_ble_gattc_descriptors_discover        0x000086a1   Thumb Code    62  app_mw_ble_gattc.o(i.sd_ble_gattc_descriptors_discover)
    sd_ble_gattc_primary_services_discover   0x000086e5   Thumb Code    68  app_mw_ble_gattc.o(i.sd_ble_gattc_primary_services_discover)
    sd_ble_gattc_read                        0x0000872d   Thumb Code    68  app_mw_ble_gattc.o(i.sd_ble_gattc_read)
    sd_ble_gattc_write                       0x00008775   Thumb Code    62  app_mw_ble_gattc.o(i.sd_ble_gattc_write)
    sd_ble_gatts_service_changed             0x000087b9   Thumb Code    68  app_mw_ble_gatts.o(i.sd_ble_gatts_service_changed)
    sd_ble_gatts_sys_attr_get                0x00008801   Thumb Code    84  app_mw_ble_gatts.o(i.sd_ble_gatts_sys_attr_get)
    sd_ble_gatts_sys_attr_set                0x0000885d   Thumb Code    78  app_mw_ble_gatts.o(i.sd_ble_gatts_sys_attr_set)
    sd_ble_uuid_encode                       0x000088b1   Thumb Code    70  app_mw_ble.o(i.sd_ble_uuid_encode)
    sd_ble_uuid_vs_add                       0x00008901   Thumb Code    62  app_mw_ble.o(i.sd_ble_uuid_vs_add)
    sd_evt_get                               0x00008949   Thumb Code     4  ser_softdevice_handler.o(i.sd_evt_get)
    sd_nvic_ClearPendingIRQ                  0x0000894d   Thumb Code    16  nrf_soc.o(i.sd_nvic_ClearPendingIRQ)
    sd_nvic_DisableIRQ                       0x00008961   Thumb Code    16  nrf_soc.o(i.sd_nvic_DisableIRQ)
    sd_nvic_EnableIRQ                        0x00008975   Thumb Code    16  nrf_soc.o(i.sd_nvic_EnableIRQ)
    sd_nvic_SetPriority                      0x00008989   Thumb Code    62  nrf_soc.o(i.sd_nvic_SetPriority)
    sd_nvic_critical_region_enter            0x000089d1   Thumb Code    26  nrf_soc.o(i.sd_nvic_critical_region_enter)
    sd_nvic_critical_region_exit             0x000089f1   Thumb Code    20  nrf_soc.o(i.sd_nvic_critical_region_exit)
    sd_power_system_off                      0x00008a09   Thumb Code    58  app_mw_nrf_soc.o(i.sd_power_system_off)
    sd_softdevice_enable                     0x00008a45   Thumb Code    68  ser_softdevice_handler.o(i.sd_softdevice_enable)
    ser_app_hal_delay                        0x00008ae5   Thumb Code     8  ser_app_hal_nrf51.o(i.ser_app_hal_delay)
    ser_app_hal_hw_init                      0x00008aed   Thumb Code    34  ser_app_hal_nrf51.o(i.ser_app_hal_hw_init)
    ser_app_hal_nrf_evt_irq_priority_set     0x00008b1d   Thumb Code    20  ser_app_hal_nrf51.o(i.ser_app_hal_nrf_evt_irq_priority_set)
    ser_app_hal_nrf_evt_pending              0x00008b35   Thumb Code    10  ser_app_hal_nrf51.o(i.ser_app_hal_nrf_evt_pending)
    ser_app_hal_nrf_reset_pin_clear          0x00008b45   Thumb Code    10  ser_app_hal_nrf51.o(i.ser_app_hal_nrf_reset_pin_clear)
    ser_app_hal_nrf_reset_pin_set            0x00008b55   Thumb Code    10  ser_app_hal_nrf51.o(i.ser_app_hal_nrf_reset_pin_set)
    ser_app_power_system_off_enter           0x00008b65   Thumb Code     8  ser_app_power_system_off.o(i.ser_app_power_system_off_enter)
    ser_app_power_system_off_get             0x00008b71   Thumb Code     6  ser_app_power_system_off.o(i.ser_app_power_system_off_get)
    ser_app_power_system_off_set             0x00008b7d   Thumb Code     8  ser_app_power_system_off.o(i.ser_app_power_system_off_set)
    ser_ble_cmd_rsp_dec                      0x00008b89   Thumb Code    38  ble_serialization.o(i.ser_ble_cmd_rsp_dec)
    ser_ble_cmd_rsp_result_code_dec          0x00008baf   Thumb Code    62  ble_serialization.o(i.ser_ble_cmd_rsp_result_code_dec)
    ser_hal_transport_open                   0x00008bed   Thumb Code    58  ser_hal_transport.o(i.ser_hal_transport_open)
    ser_hal_transport_rx_pkt_free            0x00008c31   Thumb Code    82  ser_hal_transport.o(i.ser_hal_transport_rx_pkt_free)
    ser_hal_transport_tx_pkt_alloc           0x00008c8d   Thumb Code    54  ser_hal_transport.o(i.ser_hal_transport_tx_pkt_alloc)
    ser_hal_transport_tx_pkt_free            0x00008ccd   Thumb Code    44  ser_hal_transport.o(i.ser_hal_transport_tx_pkt_free)
    ser_hal_transport_tx_pkt_send            0x00008d01   Thumb Code    90  ser_hal_transport.o(i.ser_hal_transport_tx_pkt_send)
    ser_phy_interrupts_disable               0x00008de5   Thumb Code    10  ser_phy_nrf51_spi_master.o(i.ser_phy_interrupts_disable)
    ser_phy_interrupts_enable                0x00008df5   Thumb Code    10  ser_phy_nrf51_spi_master.o(i.ser_phy_interrupts_enable)
    ser_phy_open                             0x00008e05   Thumb Code   116  ser_phy_nrf51_spi_master.o(i.ser_phy_open)
    ser_phy_rx_buf_set                       0x00008e91   Thumb Code    40  ser_phy_nrf51_spi_master.o(i.ser_phy_rx_buf_set)
    ser_phy_spi_master_ready                 0x00008ed9   Thumb Code    32  ser_phy_nrf51_spi_master.o(i.ser_phy_spi_master_ready)
    ser_phy_spi_master_request               0x00008efd   Thumb Code    32  ser_phy_nrf51_spi_master.o(i.ser_phy_spi_master_request)
    ser_phy_tx_pkt_send                      0x000090f5   Thumb Code    58  ser_phy_nrf51_spi_master.o(i.ser_phy_tx_pkt_send)
    ser_sd_transport_cmd_write               0x00009145   Thumb Code    62  ser_sd_transport.o(i.ser_sd_transport_cmd_write)
    ser_sd_transport_is_busy                 0x000091dd   Thumb Code     6  ser_sd_transport.o(i.ser_sd_transport_is_busy)
    ser_sd_transport_open                    0x000091e9   Thumb Code    30  ser_sd_transport.o(i.ser_sd_transport_open)
    ser_sd_transport_rx_free                 0x00009211   Thumb Code    10  ser_sd_transport.o(i.ser_sd_transport_rx_free)
    ser_sd_transport_tx_alloc                0x0000927d   Thumb Code    20  ser_sd_transport.o(i.ser_sd_transport_tx_alloc)
    softdevice_assertion_handler             0x000094db   Thumb Code    12  softdevice_handler.o(i.softdevice_assertion_handler)
    softdevice_ble_evt_handler_set           0x000094e9   Thumb Code    16  softdevice_handler.o(i.softdevice_ble_evt_handler_set)
    softdevice_handler_init                  0x000094fd   Thumb Code    44  softdevice_handler.o(i.softdevice_handler_init)
    softdevice_sys_evt_handler_set           0x00009531   Thumb Code    16  softdevice_handler.o(i.softdevice_sys_evt_handler_set)
    spi_master_evt_handler_reg               0x000095b5   Thumb Code    26  spi_master.o(i.spi_master_evt_handler_reg)
    spi_master_open                          0x0000961d   Thumb Code   266  spi_master.o(i.spi_master_open)
    spi_master_send_recv                     0x00009745   Thumb Code   282  spi_master.o(i.spi_master_send_recv)
    uart_error_handle                        0x00009b9d   Thumb Code    24  main.o(i.uart_error_handle)
    uint16_dec                               0x00009bb5   Thumb Code    30  ble_serialization.o(i.uint16_dec)
    uint16_t_dec                             0x00009bfb   Thumb Code    36  ble_serialization.o(i.uint16_t_dec)
    uint16_t_enc                             0x00009c1f   Thumb Code    34  ble_serialization.o(i.uint16_t_enc)
    uint32_t_enc                             0x00009c7b   Thumb Code    50  ble_serialization.o(i.uint32_t_enc)
    uint8_dec                                0x00009cad   Thumb Code    22  ble_serialization.o(i.uint8_dec)
    uint8_t_dec                              0x00009cc3   Thumb Code    26  ble_serialization.o(i.uint8_t_dec)
    uint8_t_enc                              0x00009cdd   Thumb Code    26  ble_serialization.o(i.uint8_t_enc)
    uint8_vector_dec                         0x00009cf7   Thumb Code    48  ble_serialization.o(i.uint8_vector_dec)
    ble_ancs_base_uuid128                    0x00009f78   Data          16  ble_ancs_c.o(.constdata)
    ble_ancs_cp_base_uuid128                 0x00009f88   Data          16  ble_ancs_c.o(.constdata)
    ble_ancs_ns_base_uuid128                 0x00009f98   Data          16  ble_ancs_c.o(.constdata)
    ble_ancs_ds_base_uuid128                 0x00009fa8   Data          16  ble_ancs_c.o(.constdata)
    m_service_context_store                  0x00009fb8   Data          16  device_manager_peripheral.o(.constdata)
    m_service_context_load                   0x00009fc8   Data          16  device_manager_peripheral.o(.constdata)
    m_service_context_apply                  0x00009fd8   Data          16  device_manager_peripheral.o(.constdata)
    os_mailQ_def_sd_ble_evt_mailbox          0x0000a018   Data          12  ser_softdevice_handler.o(.constdata)
    Region$$Table$$Base                      0x0000a150   Number         0  anon$$obj.o(Region$$Table)
    Region$$Table$$Limit                     0x0000a170   Number         0  anon$$obj.o(Region$$Table)
    SystemCoreClock                          0x200000a8   Data           4  system_nrf51.o(.data)
    __stdout                                 0x2000018c   Data           4  retarget.o(.data)
    m_app_keys_table                         0x20001160   Data          28  app_ble_gap_sec_keys.o(.bss)
    m_app_user_mem_table                     0x2000117c   Data          12  app_ble_user_mem.o(.bss)
    os_mailQ_q_sd_ble_evt_mailbox            0x200015a0   Data         372  ser_softdevice_handler.o(.bss)
    __initial_sp                             0x20001f18   Data           0  arm_startup_nrf51.o(STACK)



==============================================================================

Memory Map of the image

  Image Entry point : 0x000000c1

  Load Region LR_IROM1 (Base: 0x00000000, Size: 0x0000a384, Max: 0x00040000, ABSOLUTE, COMPRESSED[0x0000a1cc])

    Execution Region ER_IROM1 (Base: 0x00000000, Size: 0x0000a170, Max: 0x00040000, ABSOLUTE)

    Base Addr    Size         Type   Attr      Idx    E Section Name        Object

    0x00000000   0x000000c0   Data   RO          464    RESET               arm_startup_nrf51.o
    0x000000c0   0x00000000   Code   RO         6290  * .ARM.Collect$$$$00000000  mc_p.l(entry.o)
    0x000000c0   0x00000004   Code   RO         6568    .ARM.Collect$$$$00000001  mc_p.l(entry2.o)
    0x000000c4   0x00000004   Code   RO         6571    .ARM.Collect$$$$00000004  mc_p.l(entry5.o)
    0x000000c8   0x00000000   Code   RO         6573    .ARM.Collect$$$$00000008  mc_p.l(entry7b.o)
    0x000000c8   0x00000000   Code   RO         6575    .ARM.Collect$$$$0000000A  mc_p.l(entry8b.o)
    0x000000c8   0x00000008   Code   RO         6576    .ARM.Collect$$$$0000000B  mc_p.l(entry9a.o)
    0x000000d0   0x00000000   Code   RO         6578    .ARM.Collect$$$$0000000D  mc_p.l(entry10a.o)
    0x000000d0   0x00000000   Code   RO         6580    .ARM.Collect$$$$0000000F  mc_p.l(entry11a.o)
    0x000000d0   0x00000004   Code   RO         6569    .ARM.Collect$$$$00002712  mc_p.l(entry2.o)
    0x000000d4   0x0000001e   Code   RO         1396    .emb_text           nrf_delay.o
    0x000000f2   0x00000002   PAD
    0x000000f4   0x0000001e   Code   RO         2061    .emb_text           app_timer.o
    0x00000112   0x00000002   PAD
    0x00000114   0x00000038   Code   RO          465    .text               arm_startup_nrf51.o
    0x0000014c   0x0000002c   Code   RO         6293    .text               mc_p.l(uidiv.o)
    0x00000178   0x00000024   Code   RO         6295    .text               mc_p.l(memcpya.o)
    0x0000019c   0x00000024   Code   RO         6297    .text               mc_p.l(memseta.o)
    0x000001c0   0x0000001a   Code   RO         6301    .text               mc_p.l(memcmp.o)
    0x000001da   0x00000014   Code   RO         6566    .text               mc_p.l(uread4.o)
    0x000001ee   0x00000002   PAD
    0x000001f0   0x00000024   Code   RO         6595    .text               mc_p.l(init.o)
    0x00000214   0x0000003a   Code   RO         6615    .text               mc_p.l(__dczerorl.o)
    0x0000024e   0x00000002   PAD
    0x00000250   0x00000108   Code   RO         1447    i.GPIOTE_IRQHandler  nrf_drv_gpiote.o
    0x00000358   0x00000014   Code   RO         5926    i.NVIC_SetPendingIRQ  ser_phy_nrf51_spi_master.o
    0x0000036c   0x00000044   Code   RO         2062    i.NVIC_SetPriority  app_timer.o
    0x000003b0   0x00000020   Code   RO         2063    i.RTC1_IRQHandler   app_timer.o
    0x000003d0   0x0000002c   Code   RO         1818    i.SPI0_TWI0_IRQHandler  spi_master.o
    0x000003fc   0x00000054   Code   RO         2064    i.SWI0_IRQHandler   app_timer.o
    0x00000450   0x00000024   Code   RO         6234    i.SWI2_IRQHandler   softdevice_handler.o
    0x00000474   0x00000054   Code   RO         5927    i.SWI3_IRQHandler   ser_phy_nrf51_spi_master.o
    0x000004c8   0x00000054   Code   RO          472    i.SystemInit        system_nrf51.o
    0x0000051c   0x00000080   Code   RO         1212    i.UART0_IRQHandler  app_uart_fifo.o
    0x0000059c   0x00000020   Code   RO         6394    i.__0printf$3       mc_p.l(printf3.o)
    0x000005bc   0x0000001a   Code   RO          120    i.__ARM_common_switch8  main.o
    0x000005d6   0x0000000e   Code   RO         6609    i.__scatterload_copy  mc_p.l(handlers.o)
    0x000005e4   0x00000002   Code   RO         6610    i.__scatterload_null  mc_p.l(handlers.o)
    0x000005e6   0x0000000e   Code   RO         6611    i.__scatterload_zeroinit  mc_p.l(handlers.o)
    0x000005f4   0x000001cc   Code   RO         6401    i._printf_core      mc_p.l(printf3.o)
    0x000007c0   0x0000004c   Code   RO         1213    i.action_tx_send    app_uart_fifo.o
    0x0000080c   0x00000024   Code   RO         1214    i.action_tx_stop    app_uart_fifo.o
    0x00000830   0x00000020   Code   RO         1215    i.action_uart_deactivate  app_uart_fifo.o
    0x00000850   0x0000014c   Code   RO          506    i.adv_data_encode   ble_advdata.o
    0x0000099c   0x0000003c   Code   RO          425    i.advertising_buttons_configure  bsp_btn_ble.o
    0x000009d8   0x00000070   Code   RO            4    i.advertising_init  main.o
    0x00000a48   0x00000018   Code   RO          318    i.alert_timer_handler  bsp.o
    0x00000a60   0x00000020   Code   RO         2310    i.app_ble_gap_sec_context_create  app_ble_gap_sec_keys.o
    0x00000a80   0x0000001c   Code   RO         2311    i.app_ble_gap_sec_context_destroy  app_ble_gap_sec_keys.o
    0x00000a9c   0x00000020   Code   RO         2312    i.app_ble_gap_sec_context_find  app_ble_gap_sec_keys.o
    0x00000abc   0x0000001c   Code   RO         2352    i.app_ble_user_mem_context_destroy  app_ble_user_mem.o
    0x00000ad8   0x00000020   Code   RO         2353    i.app_ble_user_mem_context_find  app_ble_user_mem.o
    0x00000af8   0x00000024   Code   RO         1913    i.app_button_enable  app_button.o
    0x00000b1c   0x00000078   Code   RO         1914    i.app_button_init   app_button.o
    0x00000b94   0x00000018   Code   RO         1969    i.app_error_handler  app_error.o
    0x00000bac   0x0000000c   Code   RO          945    i.app_evt_notify    device_manager_peripheral.o
    0x00000bb8   0x00000022   Code   RO         1991    i.app_fifo_get      app_fifo.o
    0x00000bda   0x00000024   Code   RO         1992    i.app_fifo_init     app_fifo.o
    0x00000bfe   0x00000022   Code   RO         1993    i.app_fifo_put      app_fifo.o
    0x00000c20   0x00000032   Code   RO         2389    i.app_mailbox_create  app_mailbox.o
    0x00000c52   0x00000054   Code   RO         2390    i.app_mailbox_get   app_mailbox.o
    0x00000ca6   0x00000054   Code   RO         2392    i.app_mailbox_put   app_mailbox.o
    0x00000cfa   0x00000002   PAD
    0x00000cfc   0x0000001c   Code   RO         1718    i.app_notify        pstorage_nosd.o
    0x00000d18   0x00000044   Code   RO         2022    i.app_sched_event_get  app_scheduler.o
    0x00000d5c   0x00000088   Code   RO         2023    i.app_sched_event_put  app_scheduler.o
    0x00000de4   0x0000001e   Code   RO         2024    i.app_sched_execute  app_scheduler.o
    0x00000e02   0x00000002   PAD
    0x00000e04   0x0000002c   Code   RO         2025    i.app_sched_init    app_scheduler.o
    0x00000e30   0x0000004c   Code   RO         2067    i.app_timer_create  app_timer.o
    0x00000e7c   0x0000001a   Code   RO         2207    i.app_timer_evt_get  app_timer_appsh.o
    0x00000e96   0x00000002   PAD
    0x00000e98   0x00000018   Code   RO         2208    i.app_timer_evt_schedule  app_timer_appsh.o
    0x00000eb0   0x000000b4   Code   RO         2068    i.app_timer_init    app_timer.o
    0x00000f64   0x00000084   Code   RO         2069    i.app_timer_start   app_timer.o
    0x00000fe8   0x00000058   Code   RO         2070    i.app_timer_stop    app_timer.o
    0x00001040   0x00000194   Code   RO         1220    i.app_uart_init     app_uart_fifo.o
    0x000011d4   0x0000001c   Code   RO         1221    i.app_uart_put      app_uart_fifo.o
    0x000011f0   0x0000000c   Code   RO            5    i.apple_notification_error_handler  main.o
    0x000011fc   0x0000005c   Code   RO          507    i.ble_advdata_set   ble_advdata.o
    0x00001258   0x00000124   Code   RO          566    i.ble_advertising_init  ble_advertising.o
    0x0000137c   0x00000074   Code   RO          567    i.ble_advertising_on_ble_evt  ble_advertising.o
    0x000013f0   0x00000030   Code   RO          568    i.ble_advertising_on_sys_evt  ble_advertising.o
    0x00001420   0x00000010   Code   RO          570    i.ble_advertising_peer_address_clear  ble_advertising.o
    0x00001430   0x00000044   Code   RO          571    i.ble_advertising_restart_without_whitelist  ble_advertising.o
    0x00001474   0x000001e0   Code   RO          572    i.ble_advertising_start  ble_advertising.o
    0x00001654   0x00000054   Code   RO          573    i.ble_advertising_whitelist_reply  ble_advertising.o
    0x000016a8   0x0000002c   Code   RO          638    i.ble_ancs_c_attr_add  ble_ancs_c.o
    0x000016d4   0x00000014   Code   RO          640    i.ble_ancs_c_data_source_notif_enable  ble_ancs_c.o
    0x000016e8   0x00000064   Code   RO          641    i.ble_ancs_c_init   ble_ancs_c.o
    0x0000174c   0x00000014   Code   RO          643    i.ble_ancs_c_notif_source_notif_enable  ble_ancs_c.o
    0x00001760   0x00000018   Code   RO          644    i.ble_ancs_c_on_ble_evt  ble_ancs_c.o
    0x00001778   0x00000010   Code   RO          645    i.ble_ancs_c_on_device_manager_evt  ble_ancs_c.o
    0x00001788   0x00000020   Code   RO          646    i.ble_ancs_c_request_attrs  ble_ancs_c.o
    0x000017a8   0x00000094   Code   RO          647    i.ble_ancs_get_notif_attrs  ble_ancs_c.o
    0x0000183c   0x00000014   Code   RO          648    i.ble_ancs_verify_notification_format  ble_ancs_c.o
    0x00001850   0x00000058   Code   RO          762    i.ble_conn_params_init  ble_conn_params.o
    0x000018a8   0x00000090   Code   RO          763    i.ble_conn_params_on_ble_evt  ble_conn_params.o
    0x00001938   0x0000004c   Code   RO          823    i.ble_db_discovery_evt_register  ble_db_discovery.o
    0x00001984   0x00000018   Code   RO          824    i.ble_db_discovery_init  ble_db_discovery.o
    0x0000199c   0x000000a0   Code   RO          825    i.ble_db_discovery_on_ble_evt  ble_db_discovery.o
    0x00001a3c   0x00000060   Code   RO          826    i.ble_db_discovery_start  ble_db_discovery.o
    0x00001a9c   0x00000022   Code   RO         5518    i.ble_enable_params_t_enc  ble_struct_serialization.o
    0x00001abe   0x00000002   PAD
    0x00001ac0   0x00000040   Code   RO         3225    i.ble_enable_req_enc  ble_enable.o
    0x00001b00   0x0000000c   Code   RO         3226    i.ble_enable_rsp_dec  ble_enable.o
    0x00001b0c   0x00000236   Code   RO         3249    i.ble_event_dec     ble_event.o
    0x00001d42   0x00000002   PAD
    0x00001d44   0x00000038   Code   RO            7    i.ble_evt_dispatch  main.o
    0x00001d7c   0x00000066   Code   RO         3276    i.ble_evt_tx_complete_dec  ble_evt_tx_complete.o
    0x00001de2   0x00000002   PAD
    0x00001de4   0x000000b0   Code   RO         3290    i.ble_evt_user_mem_release_dec  ble_evt_user_mem_release.o
    0x00001e94   0x00000060   Code   RO         3309    i.ble_evt_user_mem_request_dec  ble_evt_user_mem_request.o
    0x00001ef4   0x00000024   Code   RO         1319    i.ble_flash_block_write  ble_flash.o
    0x00001f18   0x00000016   Code   RO         1323    i.ble_flash_page_erase  ble_flash.o
    0x00001f2e   0x00000026   Code   RO         3983    i.ble_gap_addr_dec  ble_gap_struct_serialization.o
    0x00001f54   0x00000032   Code   RO         3984    i.ble_gap_addr_enc  ble_gap_struct_serialization.o
    0x00001f86   0x0000002e   Code   RO         3986    i.ble_gap_adv_ch_mask_t_enc  ble_gap_struct_serialization.o
    0x00001fb4   0x0000005e   Code   RO         3357    i.ble_gap_adv_data_set_req_enc  ble_gap_adv_data_set.o
    0x00002012   0x0000000c   Code   RO         3358    i.ble_gap_adv_data_set_rsp_dec  ble_gap_adv_data_set.o
    0x0000201e   0x00000002   PAD
    0x00002020   0x000000cc   Code   RO         3375    i.ble_gap_adv_start_req_enc  ble_gap_adv_start.o
    0x000020ec   0x0000000c   Code   RO         3376    i.ble_gap_adv_start_rsp_dec  ble_gap_adv_start.o
    0x000020f8   0x00000030   Code   RO         3396    i.ble_gap_adv_stop_req_enc  ble_gap_adv_stop.o
    0x00002128   0x0000000c   Code   RO         3397    i.ble_gap_adv_stop_rsp_dec  ble_gap_adv_stop.o
    0x00002134   0x0000002a   Code   RO         3414    i.ble_gap_appearance_get_req_enc  ble_gap_appearance_get.o
    0x0000215e   0x00000056   Code   RO         3415    i.ble_gap_appearance_get_rsp_dec  ble_gap_appearance_get.o
    0x000021b4   0x0000005c   Code   RO         3468    i.ble_gap_authenticate_req_enc  ble_gap_authenticate.o
    0x00002210   0x0000000c   Code   RO         3469    i.ble_gap_authenticate_rsp_dec  ble_gap_authenticate.o
    0x0000221c   0x00000072   Code   RO         3486    i.ble_gap_conn_param_update_req_enc  ble_gap_conn_param_update.o
    0x0000228e   0x0000000c   Code   RO         3487    i.ble_gap_conn_param_update_rsp_dec  ble_gap_conn_param_update.o
    0x0000229a   0x0000005c   Code   RO         3987    i.ble_gap_conn_params_t_dec  ble_gap_struct_serialization.o
    0x000022f6   0x00000056   Code   RO         3563    i.ble_gap_device_name_get_req_enc  ble_gap_device_name_get.o
    0x0000234c   0x0000005e   Code   RO         3564    i.ble_gap_device_name_get_rsp_dec  ble_gap_device_name_get.o
    0x000023aa   0x0000007e   Code   RO         3581    i.ble_gap_device_name_set_req_enc  ble_gap_device_name_set.o
    0x00002428   0x0000000c   Code   RO         3582    i.ble_gap_device_name_set_rsp_dec  ble_gap_device_name_set.o
    0x00002434   0x0000002c   Code   RO         3599    i.ble_gap_disconnect_req_enc  ble_gap_disconnect.o
    0x00002460   0x0000000c   Code   RO         3600    i.ble_gap_disconnect_rsp_dec  ble_gap_disconnect.o
    0x0000246c   0x00000054   Code   RO         3993    i.ble_gap_enc_info_dec  ble_gap_struct_serialization.o
    0x000024c0   0x00000044   Code   RO         3994    i.ble_gap_enc_info_enc  ble_gap_struct_serialization.o
    0x00002504   0x0000002c   Code   RO         3995    i.ble_gap_enc_key_t_dec  ble_gap_struct_serialization.o
    0x00002530   0x0000002c   Code   RO         3996    i.ble_gap_enc_key_t_enc  ble_gap_struct_serialization.o
    0x0000255c   0x000000cc   Code   RO         3635    i.ble_gap_evt_adv_report_dec  ble_gap_evt_adv_report.o
    0x00002628   0x00000064   Code   RO         3647    i.ble_gap_evt_auth_key_request_dec  ble_gap_evt_auth_key_request.o
    0x0000268c   0x00000098   Code   RO         3659    i.ble_gap_evt_auth_status_dec  ble_gap_evt_auth_status.o
    0x00002724   0x00000094   Code   RO         3997    i.ble_gap_evt_auth_status_t_dec  ble_gap_struct_serialization.o
    0x000027b8   0x0000008e   Code   RO         3672    i.ble_gap_evt_conn_param_update_dec  ble_gap_evt_conn_param_update.o
    0x00002846   0x0000008e   Code   RO         3684    i.ble_gap_evt_conn_param_update_request_dec  ble_gap_evt_conn_param_update_request.o
    0x000028d4   0x0000008c   Code   RO         3696    i.ble_gap_evt_conn_sec_update_dec  ble_gap_evt_conn_sec_update.o
    0x00002960   0x00000066   Code   RO         3708    i.ble_gap_evt_connected_dec  ble_gap_evt_connected.o
    0x000029c6   0x0000005c   Code   RO         4005    i.ble_gap_evt_connected_t_dec  ble_gap_struct_serialization.o
    0x00002a22   0x00000064   Code   RO         3720    i.ble_gap_evt_disconnected_dec  ble_gap_evt_disconnected.o
    0x00002a86   0x0000006c   Code   RO         3732    i.ble_gap_evt_passkey_display_dec  ble_gap_evt_passkey_display.o
    0x00002af2   0x00000064   Code   RO         3744    i.ble_gap_evt_rssi_changed_dec  ble_gap_evt_rssi_changed.o
    0x00002b56   0x0000007a   Code   RO         3756    i.ble_gap_evt_scan_req_report_dec  ble_gap_evt_scan_req_report.o
    0x00002bd0   0x00000068   Code   RO         3768    i.ble_gap_evt_sec_info_request_dec  ble_gap_evt_sec_info_request.o
    0x00002c38   0x00000060   Code   RO         4009    i.ble_gap_evt_sec_info_request_t_dec  ble_gap_struct_serialization.o
    0x00002c98   0x0000006c   Code   RO         3780    i.ble_gap_evt_sec_params_request_dec  ble_gap_evt_sec_params_request.o
    0x00002d04   0x00000008   Code   RO         4011    i.ble_gap_evt_sec_params_request_t_dec  ble_gap_struct_serialization.o
    0x00002d0c   0x00000064   Code   RO         3792    i.ble_gap_evt_sec_request_dec  ble_gap_evt_sec_request.o
    0x00002d70   0x00000046   Code   RO         4013    i.ble_gap_evt_sec_request_t_dec  ble_gap_struct_serialization.o
    0x00002db6   0x00000062   Code   RO         3804    i.ble_gap_evt_timeout_dec  ble_gap_evt_timeout.o
    0x00002e18   0x0000002c   Code   RO         4015    i.ble_gap_id_key_t_dec  ble_gap_struct_serialization.o
    0x00002e44   0x0000002c   Code   RO         4016    i.ble_gap_id_key_t_enc  ble_gap_struct_serialization.o
    0x00002e70   0x00000026   Code   RO         4017    i.ble_gap_irk_dec   ble_gap_struct_serialization.o
    0x00002e96   0x00000026   Code   RO         4018    i.ble_gap_irk_enc   ble_gap_struct_serialization.o
    0x00002ebc   0x00000038   Code   RO         4019    i.ble_gap_master_id_t_dec  ble_gap_struct_serialization.o
    0x00002ef4   0x00000036   Code   RO         4020    i.ble_gap_master_id_t_enc  ble_gap_struct_serialization.o
    0x00002f2a   0x0000002a   Code   RO         3816    i.ble_gap_ppcp_get_req_enc  ble_gap_ppcp_get.o
    0x00002f54   0x0000007a   Code   RO         3817    i.ble_gap_ppcp_get_rsp_dec  ble_gap_ppcp_get.o
    0x00002fce   0x00000066   Code   RO         3834    i.ble_gap_ppcp_set_req_enc  ble_gap_ppcp_set.o
    0x00003034   0x0000000c   Code   RO         3835    i.ble_gap_ppcp_set_rsp_dec  ble_gap_ppcp_set.o
    0x00003040   0x000000d4   Code   RO         3947    i.ble_gap_sec_info_reply_req_enc  ble_gap_sec_info_reply.o
    0x00003114   0x0000000c   Code   RO         3948    i.ble_gap_sec_info_reply_rsp_dec  ble_gap_sec_info_reply.o
    0x00003120   0x00000058   Code   RO         4035    i.ble_gap_sec_kdist_t_dec  ble_gap_struct_serialization.o
    0x00003178   0x00000048   Code   RO         4036    i.ble_gap_sec_kdist_t_enc  ble_gap_struct_serialization.o
    0x000031c0   0x0000004c   Code   RO         4037    i.ble_gap_sec_keys_dec  ble_gap_struct_serialization.o
    0x0000320c   0x0000004c   Code   RO         4038    i.ble_gap_sec_keys_enc  ble_gap_struct_serialization.o
    0x00003258   0x0000002c   Code   RO         4039    i.ble_gap_sec_keyset_t_dec  ble_gap_struct_serialization.o
    0x00003284   0x0000002c   Code   RO         4040    i.ble_gap_sec_keyset_t_enc  ble_gap_struct_serialization.o
    0x000032b0   0x00000044   Code   RO         4041    i.ble_gap_sec_levels_dec  ble_gap_struct_serialization.o
    0x000032f4   0x0000008c   Code   RO         3965    i.ble_gap_sec_params_reply_req_enc  ble_gap_sec_params_reply.o
    0x00003380   0x00000064   Code   RO         3966    i.ble_gap_sec_params_reply_rsp_dec  ble_gap_sec_params_reply.o
    0x000033e4   0x0000009a   Code   RO         4043    i.ble_gap_sec_params_t_dec  ble_gap_struct_serialization.o
    0x0000347e   0x00000076   Code   RO         4044    i.ble_gap_sec_params_t_enc  ble_gap_struct_serialization.o
    0x000034f4   0x00000026   Code   RO         4045    i.ble_gap_sign_info_dec  ble_gap_struct_serialization.o
    0x0000351a   0x00000026   Code   RO         4046    i.ble_gap_sign_info_enc  ble_gap_struct_serialization.o
    0x00003540   0x000000a0   Code   RO         4048    i.ble_gap_whitelist_t_enc  ble_gap_struct_serialization.o
    0x000035e0   0x00000058   Code   RO         4439    i.ble_gattc_characteristics_discover_req_enc  ble_gattc_characteristics_discover.o
    0x00003638   0x0000000c   Code   RO         4440    i.ble_gattc_characteristics_discover_rsp_dec  ble_gattc_characteristics_discover.o
    0x00003644   0x00000052   Code   RO         4457    i.ble_gattc_descriptors_discover_req_enc  ble_gattc_descriptors_discover.o
    0x00003696   0x0000000c   Code   RO         4458    i.ble_gattc_descriptors_discover_rsp_dec  ble_gattc_descriptors_discover.o
    0x000036a2   0x000001a2   Code   RO         4475    i.ble_gattc_evt_char_disc_rsp_dec  ble_gattc_evt_char_disc_rsp.o
    0x00003844   0x000000a0   Code   RO         4487    i.ble_gattc_evt_char_val_by_uuid_read_rsp_dec  ble_gattc_evt_char_val_by_uuid_read_rsp.o
    0x000038e4   0x000000c4   Code   RO         4667    i.ble_gattc_evt_char_val_by_uuid_read_rsp_t_dec  ble_gattc_struct_serialization.o
    0x000039a8   0x0000007e   Code   RO         4499    i.ble_gattc_evt_char_vals_read_rsp_dec  ble_gattc_evt_char_vals_read_rsp.o
    0x00003a26   0x0000003e   Code   RO         4669    i.ble_gattc_evt_char_vals_read_rsp_t_dec  ble_gattc_struct_serialization.o
    0x00003a64   0x000000e8   Code   RO         4511    i.ble_gattc_evt_desc_disc_rsp_dec  ble_gattc_evt_desc_disc_rsp.o
    0x00003b4c   0x000000cc   Code   RO         4523    i.ble_gattc_evt_hvx_dec  ble_gattc_evt_hvx.o
    0x00003c18   0x000000f6   Code   RO         4535    i.ble_gattc_evt_prim_srvc_disc_rsp_dec  ble_gattc_evt_prim_srvc_disc_rsp.o
    0x00003d0e   0x000000cc   Code   RO         4547    i.ble_gattc_evt_read_rsp_dec  ble_gattc_evt_read_rsp.o
    0x00003dda   0x00000090   Code   RO         4559    i.ble_gattc_evt_rel_disc_rsp_dec  ble_gattc_evt_rel_disc_rsp.o
    0x00003e6a   0x00000042   Code   RO         4671    i.ble_gattc_evt_rel_disc_rsp_t_dec  ble_gattc_struct_serialization.o
    0x00003eac   0x00000066   Code   RO         4571    i.ble_gattc_evt_timeout_dec  ble_gattc_evt_timeout.o
    0x00003f12   0x000000da   Code   RO         4583    i.ble_gattc_evt_write_rsp_dec  ble_gattc_evt_write_rsp.o
    0x00003fec   0x00000030   Code   RO         4673    i.ble_gattc_handle_range_t_dec  ble_gattc_struct_serialization.o
    0x0000401c   0x00000020   Code   RO         4675    i.ble_gattc_include_t_dec  ble_gattc_struct_serialization.o
    0x0000403c   0x0000005c   Code   RO         4613    i.ble_gattc_primary_services_discover_req_enc  ble_gattc_primary_services_discover.o
    0x00004098   0x0000000c   Code   RO         4614    i.ble_gattc_primary_services_discover_rsp_dec  ble_gattc_primary_services_discover.o
    0x000040a4   0x00000038   Code   RO         4631    i.ble_gattc_read_req_enc  ble_gattc_read.o
    0x000040dc   0x0000000c   Code   RO         4632    i.ble_gattc_read_rsp_dec  ble_gattc_read.o
    0x000040e8   0x00000020   Code   RO         4677    i.ble_gattc_service_t_dec  ble_gattc_struct_serialization.o
    0x00004108   0x000000a4   Code   RO         4757    i.ble_gattc_write_req_enc  ble_gattc_write.o
    0x000041ac   0x0000000c   Code   RO         4758    i.ble_gattc_write_rsp_dec  ble_gattc_write.o
    0x000041b8   0x00000072   Code   RO         5004    i.ble_gatts_attr_context_t_dec  ble_gatts_struct_serialization.o
    0x0000422a   0x00000064   Code   RO         4819    i.ble_gatts_evt_hvc_dec  ble_gatts_evt_hvc.o
    0x0000428e   0x00000076   Code   RO         5014    i.ble_gatts_evt_read_t_dec  ble_gatts_struct_serialization.o
    0x00004304   0x000000b8   Code   RO         4833    i.ble_gatts_evt_rw_authorize_request_dec  ble_gatts_evt_rw_authorize_request.o
    0x000043bc   0x00000090   Code   RO         5016    i.ble_gatts_evt_rw_authorize_request_t_dec  ble_gatts_struct_serialization.o
    0x0000444c   0x00000050   Code   RO         4852    i.ble_gatts_evt_sc_confirm_dec  ble_gatts_evt_sc_confirm.o
    0x0000449c   0x00000064   Code   RO         4864    i.ble_gatts_evt_sys_attr_missing_dec  ble_gatts_evt_sys_attr_missing.o
    0x00004500   0x00000064   Code   RO         4876    i.ble_gatts_evt_timeout_dec  ble_gatts_evt_timeout.o
    0x00004564   0x000000b0   Code   RO         4890    i.ble_gatts_evt_write_dec  ble_gatts_evt_write.o
    0x00004614   0x000000d4   Code   RO         5018    i.ble_gatts_evt_write_t_dec  ble_gatts_struct_serialization.o
    0x000046e8   0x00000066   Code   RO         4986    i.ble_gatts_service_changed_req_enc  ble_gatts_service_changed.o
    0x0000474e   0x0000000c   Code   RO         4987    i.ble_gatts_service_changed_rsp_dec  ble_gatts_service_changed.o
    0x0000475a   0x00000088   Code   RO         5177    i.ble_gatts_sys_attr_get_req_enc  ble_gatts_sys_attr_get.o
    0x000047e2   0x000000a8   Code   RO         5178    i.ble_gatts_sys_attr_get_rsp_dec  ble_gatts_sys_attr_get.o
    0x0000488a   0x00000090   Code   RO         5195    i.ble_gatts_sys_attr_set_req_enc  ble_gatts_sys_attr_set.o
    0x0000491a   0x0000000c   Code   RO         5196    i.ble_gatts_sys_attr_set_rsp_dec  ble_gatts_sys_attr_set.o
    0x00004926   0x00000072   Code   RO         5285    i.ble_l2cap_evt_rx_dec  ble_l2cap_evt_rx.o
    0x00004998   0x00000088   Code   RO         5519    i.ble_l2cap_evt_rx_t_dec  ble_struct_serialization.o
    0x00004a20   0x0000002e   Code   RO         5521    i.ble_l2cap_header_t_dec  ble_struct_serialization.o
    0x00004a4e   0x00000002   PAD
    0x00004a50   0x00000064   Code   RO            8    i.ble_stack_init    main.o
    0x00004ab4   0x00000028   Code   RO         5524    i.ble_uuid128_t_enc  ble_struct_serialization.o
    0x00004adc   0x0000006e   Code   RO         5647    i.ble_uuid_encode_req_enc  ble_uuid_encode.o
    0x00004b4a   0x00000076   Code   RO         5648    i.ble_uuid_encode_rsp_dec  ble_uuid_encode.o
    0x00004bc0   0x0000002c   Code   RO         5525    i.ble_uuid_t_dec    ble_struct_serialization.o
    0x00004bec   0x00000060   Code   RO         5665    i.ble_uuid_vs_add_req_enc  ble_uuid_vs_add.o
    0x00004c4c   0x00000060   Code   RO         5666    i.ble_uuid_vs_add_rsp_dec  ble_uuid_vs_add.o
    0x00004cac   0x00000048   Code   RO          946    i.bond_data_load    device_manager_peripheral.o
    0x00004cf4   0x00000054   Code   RO          426    i.bsp_btn_ble_init  bsp_btn_ble.o
    0x00004d48   0x00000078   Code   RO          427    i.bsp_btn_ble_on_ble_evt  bsp_btn_ble.o
    0x00004dc0   0x00000014   Code   RO          428    i.bsp_btn_ble_sleep_mode_prepare  bsp_btn_ble.o
    0x00004dd4   0x0000009c   Code   RO          319    i.bsp_button_event_handler  bsp.o
    0x00004e70   0x0000002c   Code   RO          320    i.bsp_button_is_pressed  bsp.o
    0x00004e9c   0x0000004c   Code   RO            9    i.bsp_event_handler  main.o
    0x00004ee8   0x00000048   Code   RO          324    i.bsp_event_to_button_action_assign  bsp.o
    0x00004f30   0x0000001c   Code   RO          325    i.bsp_indication_set  bsp.o
    0x00004f4c   0x000000a0   Code   RO          327    i.bsp_init          bsp.o
    0x00004fec   0x000001f0   Code   RO          328    i.bsp_led_indication  bsp.o
    0x000051dc   0x0000003c   Code   RO          329    i.bsp_wakeup_buttons_set  bsp.o
    0x00005218   0x0000006a   Code   RO         5351    i.buf_dec           ble_serialization.o
    0x00005282   0x00000050   Code   RO         5352    i.buf_enc           ble_serialization.o
    0x000052d2   0x0000000c   Code   RO          330    i.button_timer_handler  bsp.o
    0x000052de   0x00000002   PAD
    0x000052e0   0x00000044   Code   RO          649    i.cccd_configure    ble_ancs_c.o
    0x00005324   0x0000001c   Code   RO         1448    i.channel_free      nrf_drv_gpiote.o
    0x00005340   0x00000048   Code   RO         1449    i.channel_port_alloc  nrf_drv_gpiote.o
    0x00005388   0x00000010   Code   RO         1450    i.channel_port_get  nrf_drv_gpiote.o
    0x00005398   0x0000003a   Code   RO          827    i.characteristics_discover  ble_db_discovery.o
    0x000053d2   0x00000002   PAD
    0x000053d4   0x000000a4   Code   RO         2072    i.compare_reg_update  app_timer.o
    0x00005478   0x0000000c   Code   RO         5928    i.compute_current_packet_length  ser_phy_nrf51_spi_master.o
    0x00005484   0x0000005e   Code   RO         5701    i.cond_field_dec    cond_field_serialization.o
    0x000054e2   0x00000032   Code   RO         5702    i.cond_field_enc    cond_field_serialization.o
    0x00005514   0x00000084   Code   RO          508    i.conn_int_encode   ble_advdata.o
    0x00005598   0x0000000c   Code   RO           10    i.conn_params_error_handler  main.o
    0x000055a4   0x00000064   Code   RO          765    i.conn_params_negotiation  ble_conn_params.o
    0x00005608   0x00000030   Code   RO          947    i.connection_instance_find  device_manager_peripheral.o
    0x00005638   0x00000024   Code   RO          948    i.connection_instance_init  device_manager_peripheral.o
    0x0000565c   0x00000010   Code   RO         2242    i.critical_region_enter  app_util_platform.o
    0x0000566c   0x00000014   Code   RO         2243    i.critical_region_exit  app_util_platform.o
    0x00005680   0x000000c0   Code   RO          650    i.db_discover_evt_handler  ble_ancs_c.o
    0x00005740   0x00000086   Code   RO          828    i.descriptors_discover  ble_db_discovery.o
    0x000057c6   0x00000002   PAD
    0x000057c8   0x00000060   Code   RO         1916    i.detection_delay_timeout_handler  app_button.o
    0x00005828   0x000000b0   Code   RO          949    i.device_context_store  device_manager_peripheral.o
    0x000058d8   0x00000054   Code   RO          950    i.device_instance_allocate  device_manager_peripheral.o
    0x0000592c   0x00000048   Code   RO          951    i.device_instance_find  device_manager_peripheral.o
    0x00005974   0x0000002c   Code   RO          952    i.device_instance_free  device_manager_peripheral.o
    0x000059a0   0x00000068   Code   RO           11    i.device_manager_evt_handler  main.o
    0x00005a08   0x00000084   Code   RO           12    i.device_manager_init  main.o
    0x00005a8c   0x0000006c   Code   RO          829    i.discovery_complete_evt_trigger  ble_db_discovery.o
    0x00005af8   0x00000050   Code   RO          830    i.discovery_error_evt_trigger  ble_db_discovery.o
    0x00005b48   0x000003dc   Code   RO          957    i.dm_ble_evt_handler  device_manager_peripheral.o
    0x00005f24   0x0000001c   Code   RO          963    i.dm_handle_initialize  device_manager_peripheral.o
    0x00005f40   0x000000c4   Code   RO          964    i.dm_init           device_manager_peripheral.o
    0x00006004   0x00000164   Code   RO          967    i.dm_pstorage_cb_handler  device_manager_peripheral.o
    0x00006168   0x00000074   Code   RO          968    i.dm_register       device_manager_peripheral.o
    0x000061dc   0x00000060   Code   RO          969    i.dm_security_setup_req  device_manager_peripheral.o
    0x0000623c   0x00000070   Code   RO          970    i.dm_security_status_req  device_manager_peripheral.o
    0x000062ac   0x000000b4   Code   RO          974    i.dm_whitelist_create  device_manager_peripheral.o
    0x00006360   0x00000040   Code   RO         2073    i.elapsed_ticks_acquire  app_timer.o
    0x000063a0   0x00000018   Code   RO         2433    i.enable_rsp_dec    app_mw_ble.o
    0x000063b8   0x00000058   Code   RO         2074    i.expired_timers_handler  app_timer.o
    0x00006410   0x0000002c   Code   RO         1327    i.flash_page_erase  ble_flash.o
    0x0000643c   0x00000044   Code   RO         1328    i.flash_word_write  ble_flash.o
    0x00006480   0x0000000e   Code   RO         2277    i.fputc             retarget.o
    0x0000648e   0x00000002   PAD
    0x00006490   0x00000034   Code   RO         5929    i.frame_get         ser_phy_nrf51_spi_master.o
    0x000064c4   0x00000030   Code   RO         5930    i.frame_send        ser_phy_nrf51_spi_master.o
    0x000064f4   0x00000018   Code   RO         2566    i.gap_adv_data_set_rsp_dec  app_mw_ble_gap.o
    0x0000650c   0x00000018   Code   RO         2567    i.gap_adv_start_rsp_dec  app_mw_ble_gap.o
    0x00006524   0x0000001c   Code   RO         2568    i.gap_adv_stop_rsp_dec  app_mw_ble_gap.o
    0x00006540   0x00000020   Code   RO         2569    i.gap_appearance_get_rsp_dec  app_mw_ble_gap.o
    0x00006560   0x0000001c   Code   RO         2572    i.gap_authenticate_rsp_dec  app_mw_ble_gap.o
    0x0000657c   0x00000018   Code   RO         2573    i.gap_conn_param_update_rsp_dec  app_mw_ble_gap.o
    0x00006594   0x00000024   Code   RO         2577    i.gap_device_name_get_rsp_dec  app_mw_ble_gap.o
    0x000065b8   0x00000018   Code   RO         2578    i.gap_device_name_set_rsp_dec  app_mw_ble_gap.o
    0x000065d0   0x00000018   Code   RO         2579    i.gap_disconnect_rsp_dec  app_mw_ble_gap.o
    0x000065e8   0x00000024   Code   RO         2581    i.gap_ppcp_get_reply_rsp_dec  app_mw_ble_gap.o
    0x0000660c   0x00000018   Code   RO         2582    i.gap_ppcp_set_rsp_dec  app_mw_ble_gap.o
    0x00006624   0x00000018   Code   RO         2588    i.gap_sec_info_reply_rsp_dec  app_mw_ble_gap.o
    0x0000663c   0x00000038   Code   RO         2589    i.gap_sec_params_reply_rsp_dec  app_mw_ble_gap.o
    0x00006674   0x00000018   Code   RO         2886    i.gattc_characteristics_discover_rsp_dec  app_mw_ble_gattc.o
    0x0000668c   0x00000004   Code   RO          975    i.gattc_context_apply  device_manager_peripheral.o
    0x00006690   0x00000004   Code   RO          976    i.gattc_context_load  device_manager_peripheral.o
    0x00006694   0x00000004   Code   RO          977    i.gattc_context_store  device_manager_peripheral.o
    0x00006698   0x00000018   Code   RO         2887    i.gattc_descriptors_discover_rsp_dec  app_mw_ble_gattc.o
    0x000066b0   0x00000018   Code   RO         2889    i.gattc_primary_services_discover_rsp_dec  app_mw_ble_gattc.o
    0x000066c8   0x00000018   Code   RO         2890    i.gattc_read_rsp_dec  app_mw_ble_gattc.o
    0x000066e0   0x00000018   Code   RO         2892    i.gattc_write_rsp_dec  app_mw_ble_gattc.o
    0x000066f8   0x000000b4   Code   RO          978    i.gatts_context_apply  device_manager_peripheral.o
    0x000067ac   0x00000030   Code   RO          979    i.gatts_context_load  device_manager_peripheral.o
    0x000067dc   0x000000ac   Code   RO          980    i.gatts_context_store  device_manager_peripheral.o
    0x00006888   0x0000001c   Code   RO         3003    i.gatts_service_changed_rsp_dec  app_mw_ble_gatts.o
    0x000068a4   0x00000024   Code   RO         3004    i.gatts_sys_attr_get_rsp_dec  app_mw_ble_gatts.o
    0x000068c8   0x00000018   Code   RO         3005    i.gatts_sys_attr_set_rsp_dec  app_mw_ble_gatts.o
    0x000068e0   0x00000008   Code   RO          981    i.gattsc_context_apply  device_manager_peripheral.o
    0x000068e8   0x00000008   Code   RO          982    i.gattsc_context_load  device_manager_peripheral.o
    0x000068f0   0x00000008   Code   RO          983    i.gattsc_context_store  device_manager_peripheral.o
    0x000068f8   0x0000004c   Code   RO         1917    i.gpiote_event_handler  app_button.o
    0x00006944   0x00000016   Code   RO         1222    i.gpiote_uart_event_handler  app_uart_fifo.o
    0x0000695a   0x00000002   PAD
    0x0000695c   0x00000018   Code   RO         5931    i.header_get        ser_phy_nrf51_spi_master.o
    0x00006974   0x0000001c   Code   RO         5932    i.header_send       ser_phy_nrf51_spi_master.o
    0x00006990   0x00000016   Code   RO         5356    i.int8_dec          ble_serialization.o
    0x000069a6   0x00000002   PAD
    0x000069a8   0x00000084   Code   RO         6235    i.intern_softdevice_events_execute  softdevice_handler.o
    0x00006a2c   0x0000001c   Code   RO          766    i.is_conn_params_ok  ble_conn_params.o
    0x00006a48   0x00000042   Code   RO          831    i.is_desc_discovery_reqd  ble_db_discovery.o
    0x00006a8a   0x00000002   PAD
    0x00006a8c   0x00000048   Code   RO          473    i.is_manual_peripheral_setup_needed  system_nrf51.o
    0x00006ad4   0x0000000c   Code   RO         1719    i.is_word_aligned   pstorage_nosd.o
    0x00006ae0   0x00000018   Code   RO          331    i.leds_timer_handler  bsp.o
    0x00006af8   0x00000030   Code   RO         5357    i.len16data_dec     ble_serialization.o
    0x00006b28   0x00000030   Code   RO         5360    i.len8data_enc      ble_serialization.o
    0x00006b58   0x00000094   Code   RO         2075    i.list_deletions_handler  app_timer.o
    0x00006bec   0x000000f0   Code   RO         2076    i.list_insertions_handler  app_timer.o
    0x00006cdc   0x000001e0   Code   RO           13    i.main              main.o
    0x00006ebc   0x00000064   Code   RO          509    i.manuf_specific_data_encode  ble_advdata.o
    0x00006f20   0x00000076   Code   RO          510    i.name_encode       ble_advdata.o
    0x00006f96   0x00000004   Code   RO          984    i.no_service_context_apply  device_manager_peripheral.o
    0x00006f9a   0x00000004   Code   RO          985    i.no_service_context_load  device_manager_peripheral.o
    0x00006f9e   0x00000004   Code   RO          986    i.no_service_context_store  device_manager_peripheral.o
    0x00006fa2   0x00000002   PAD
    0x00006fa4   0x00000130   Code   RO           14    i.notif_print       main.o
    0x000070d4   0x0000001c   Code   RO         1397    i.nrf_delay_ms      nrf_delay.o
    0x000070f0   0x00000060   Code   RO         1424    i.nrf_drv_common_irq_enable  nrf_drv_common.o
    0x00007150   0x000000a0   Code   RO         1453    i.nrf_drv_gpiote_in_event_enable  nrf_drv_gpiote.o
    0x000071f0   0x00000094   Code   RO         1454    i.nrf_drv_gpiote_in_init  nrf_drv_gpiote.o
    0x00007284   0x00000014   Code   RO         1455    i.nrf_drv_gpiote_in_is_set  nrf_drv_gpiote.o
    0x00007298   0x00000054   Code   RO         1457    i.nrf_drv_gpiote_init  nrf_drv_gpiote.o
    0x000072ec   0x00000010   Code   RO         1458    i.nrf_drv_gpiote_is_init  nrf_drv_gpiote.o
    0x000072fc   0x00000098   Code   RO         1460    i.nrf_drv_gpiote_out_init  nrf_drv_gpiote.o
    0x00007394   0x00000020   Code   RO         1470    i.nrf_gpio_cfg_sense_set  nrf_drv_gpiote.o
    0x000073b4   0x00000010   Code   RO         5933    i.nrf_gpio_pin_read  ser_phy_nrf51_spi_master.o
    0x000073c4   0x00000010   Code   RO         1819    i.nrf_gpio_pin_set  spi_master.o
    0x000073d4   0x00000014   Code   RO         1471    i.nrf_gpiote_event_is_set  nrf_drv_gpiote.o
    0x000073e8   0x0000006c   Code   RO           15    i.on_adv_evt        main.o
    0x00007454   0x00000164   Code   RO           16    i.on_ancs_c_evt     main.o
    0x000075b8   0x0000009c   Code   RO           17    i.on_ble_evt        main.o
    0x00007654   0x000000cc   Code   RO          832    i.on_characteristic_discovery_rsp  ble_db_discovery.o
    0x00007720   0x000000a0   Code   RO          833    i.on_descriptor_discovery_rsp  ble_db_discovery.o
    0x000077c0   0x00000048   Code   RO          651    i.on_evt_gattc_notif  ble_ancs_c.o
    0x00007808   0x00000060   Code   RO          834    i.on_srv_disc_completion  ble_db_discovery.o
    0x00007868   0x00000088   Code   RO         1223    i.on_uart_event     app_uart_fifo.o
    0x000078f0   0x00000002   Code   RO         6140    i.os_rsp_set_handler  ser_softdevice_handler.o
    0x000078f2   0x00000002   PAD
    0x000078f4   0x00000124   Code   RO          652    i.parse_get_notif_attrs_response  ble_ancs_c.o
    0x00007a18   0x0000009c   Code   RO          653    i.parse_notif       ble_ancs_c.o
    0x00007ab4   0x00000016   Code   RO          574    i.peer_address_exists  ble_advertising.o
    0x00007aca   0x00000002   PAD
    0x00007acc   0x00000038   Code   RO          987    i.peer_instance_init  device_manager_peripheral.o
    0x00007b04   0x0000002c   Code   RO          835    i.pending_user_evts_send  ble_db_discovery.o
    0x00007b30   0x00000190   Code   RO         5862    i.phy_events_handler  ser_hal_transport.o
    0x00007cc0   0x00000018   Code   RO         1472    i.pin_in_use_by_port  nrf_drv_gpiote.o
    0x00007cd8   0x00000018   Code   RO         1473    i.pin_in_use_by_te  nrf_drv_gpiote.o
    0x00007cf0   0x00000022   Code   RO         5721    i.power_system_off_req_enc  power_system_off.o
    0x00007d12   0x0000000c   Code   RO         1720    i.pstorage_access_status_get  pstorage_nosd.o
    0x00007d1e   0x00000002   PAD
    0x00007d20   0x00000054   Code   RO         1721    i.pstorage_block_identifier_get  pstorage_nosd.o
    0x00007d74   0x00000080   Code   RO         1722    i.pstorage_clear    pstorage_nosd.o
    0x00007df4   0x00000024   Code   RO         1723    i.pstorage_flash_page_end  pstorage_nosd.o
    0x00007e18   0x0000000a   Code   RO         1724    i.pstorage_flash_page_size  pstorage_nosd.o
    0x00007e22   0x00000002   PAD
    0x00007e24   0x00000024   Code   RO         1725    i.pstorage_init     pstorage_nosd.o
    0x00007e48   0x00000098   Code   RO         1726    i.pstorage_load     pstorage_nosd.o
    0x00007ee0   0x000000ac   Code   RO         1727    i.pstorage_register  pstorage_nosd.o
    0x00007f8c   0x00000098   Code   RO         1728    i.pstorage_store    pstorage_nosd.o
    0x00008024   0x00000002   Code   RO         1729    i.pstorage_sys_event_handler  pstorage_nosd.o
    0x00008026   0x00000002   PAD
    0x00008028   0x00000164   Code   RO         1730    i.pstorage_update   pstorage_nosd.o
    0x0000818c   0x0000003c   Code   RO          836    i.registered_handler_get  ble_db_discovery.o
    0x000081c8   0x00000044   Code   RO         2077    i.rtc1_stop         app_timer.o
    0x0000820c   0x00000006   Code   RO         1627    i.sd_app_evt_wait   nrf_soc.o
    0x00008212   0x00000002   PAD
    0x00008214   0x00000044   Code   RO         2436    i.sd_ble_enable     app_mw_ble.o
    0x00008258   0x0000002c   Code   RO         6141    i.sd_ble_evt_get    ser_softdevice_handler.o
    0x00008284   0x00000054   Code   RO         2593    i.sd_ble_gap_adv_data_set  app_mw_ble_gap.o
    0x000082d8   0x00000040   Code   RO         2594    i.sd_ble_gap_adv_start  app_mw_ble_gap.o
    0x00008318   0x0000003c   Code   RO         2595    i.sd_ble_gap_adv_stop  app_mw_ble_gap.o
    0x00008354   0x00000048   Code   RO         2596    i.sd_ble_gap_appearance_get  app_mw_ble_gap.o
    0x0000839c   0x00000044   Code   RO         2599    i.sd_ble_gap_authenticate  app_mw_ble_gap.o
    0x000083e0   0x00000044   Code   RO         2600    i.sd_ble_gap_conn_param_update  app_mw_ble_gap.o
    0x00008424   0x0000004c   Code   RO         2604    i.sd_ble_gap_device_name_get  app_mw_ble_gap.o
    0x00008470   0x00000048   Code   RO         2605    i.sd_ble_gap_device_name_set  app_mw_ble_gap.o
    0x000084b8   0x00000044   Code   RO         2606    i.sd_ble_gap_disconnect  app_mw_ble_gap.o
    0x000084fc   0x00000048   Code   RO         2608    i.sd_ble_gap_ppcp_get  app_mw_ble_gap.o
    0x00008544   0x00000040   Code   RO         2609    i.sd_ble_gap_ppcp_set  app_mw_ble_gap.o
    0x00008584   0x00000054   Code   RO         2615    i.sd_ble_gap_sec_info_reply  app_mw_ble_gap.o
    0x000085d8   0x00000084   Code   RO         2616    i.sd_ble_gap_sec_params_reply  app_mw_ble_gap.o
    0x0000865c   0x00000044   Code   RO         2895    i.sd_ble_gattc_characteristics_discover  app_mw_ble_gattc.o
    0x000086a0   0x00000044   Code   RO         2896    i.sd_ble_gattc_descriptors_discover  app_mw_ble_gattc.o
    0x000086e4   0x00000048   Code   RO         2898    i.sd_ble_gattc_primary_services_discover  app_mw_ble_gattc.o
    0x0000872c   0x00000048   Code   RO         2899    i.sd_ble_gattc_read  app_mw_ble_gattc.o
    0x00008774   0x00000044   Code   RO         2901    i.sd_ble_gattc_write  app_mw_ble_gattc.o
    0x000087b8   0x00000048   Code   RO         3014    i.sd_ble_gatts_service_changed  app_mw_ble_gatts.o
    0x00008800   0x0000005c   Code   RO         3015    i.sd_ble_gatts_sys_attr_get  app_mw_ble_gatts.o
    0x0000885c   0x00000054   Code   RO         3016    i.sd_ble_gatts_sys_attr_set  app_mw_ble_gatts.o
    0x000088b0   0x00000050   Code   RO         2442    i.sd_ble_uuid_encode  app_mw_ble.o
    0x00008900   0x00000048   Code   RO         2443    i.sd_ble_uuid_vs_add  app_mw_ble.o
    0x00008948   0x00000004   Code   RO         6143    i.sd_evt_get        ser_softdevice_handler.o
    0x0000894c   0x00000014   Code   RO         1628    i.sd_nvic_ClearPendingIRQ  nrf_soc.o
    0x00008960   0x00000014   Code   RO         1629    i.sd_nvic_DisableIRQ  nrf_soc.o
    0x00008974   0x00000014   Code   RO         1630    i.sd_nvic_EnableIRQ  nrf_soc.o
    0x00008988   0x00000048   Code   RO         1634    i.sd_nvic_SetPriority  nrf_soc.o
    0x000089d0   0x00000020   Code   RO         1636    i.sd_nvic_critical_region_enter  nrf_soc.o
    0x000089f0   0x00000018   Code   RO         1637    i.sd_nvic_critical_region_exit  nrf_soc.o
    0x00008a08   0x0000003a   Code   RO         3184    i.sd_power_system_off  app_mw_nrf_soc.o
    0x00008a42   0x00000002   PAD
    0x00008a44   0x00000058   Code   RO         6145    i.sd_softdevice_enable  ser_softdevice_handler.o
    0x00008a9c   0x00000048   Code   RO           18    i.sec_req_timeout_handler  main.o
    0x00008ae4   0x00000008   Code   RO         5745    i.ser_app_hal_delay  ser_app_hal_nrf51.o
    0x00008aec   0x00000030   Code   RO         5746    i.ser_app_hal_hw_init  ser_app_hal_nrf51.o
    0x00008b1c   0x00000018   Code   RO         5747    i.ser_app_hal_nrf_evt_irq_priority_set  ser_app_hal_nrf51.o
    0x00008b34   0x00000010   Code   RO         5748    i.ser_app_hal_nrf_evt_pending  ser_app_hal_nrf51.o
    0x00008b44   0x00000010   Code   RO         5749    i.ser_app_hal_nrf_reset_pin_clear  ser_app_hal_nrf51.o
    0x00008b54   0x00000010   Code   RO         5750    i.ser_app_hal_nrf_reset_pin_set  ser_app_hal_nrf51.o
    0x00008b64   0x0000000c   Code   RO         5828    i.ser_app_power_system_off_enter  ser_app_power_system_off.o
    0x00008b70   0x0000000c   Code   RO         5829    i.ser_app_power_system_off_get  ser_app_power_system_off.o
    0x00008b7c   0x0000000c   Code   RO         5830    i.ser_app_power_system_off_set  ser_app_power_system_off.o
    0x00008b88   0x00000026   Code   RO         5363    i.ser_ble_cmd_rsp_dec  ble_serialization.o
    0x00008bae   0x0000003e   Code   RO         5364    i.ser_ble_cmd_rsp_result_code_dec  ble_serialization.o
    0x00008bec   0x00000044   Code   RO         5864    i.ser_hal_transport_open  ser_hal_transport.o
    0x00008c30   0x0000005c   Code   RO         5865    i.ser_hal_transport_rx_pkt_free  ser_hal_transport.o
    0x00008c8c   0x00000040   Code   RO         5866    i.ser_hal_transport_tx_pkt_alloc  ser_hal_transport.o
    0x00008ccc   0x00000034   Code   RO         5867    i.ser_hal_transport_tx_pkt_free  ser_hal_transport.o
    0x00008d00   0x00000064   Code   RO         5868    i.ser_hal_transport_tx_pkt_send  ser_hal_transport.o
    0x00008d64   0x00000080   Code   RO         5935    i.ser_phy_init_gpiote  ser_phy_nrf51_spi_master.o
    0x00008de4   0x00000010   Code   RO         5936    i.ser_phy_interrupts_disable  ser_phy_nrf51_spi_master.o
    0x00008df4   0x00000010   Code   RO         5937    i.ser_phy_interrupts_enable  ser_phy_nrf51_spi_master.o
    0x00008e04   0x0000008c   Code   RO         5938    i.ser_phy_open      ser_phy_nrf51_spi_master.o
    0x00008e90   0x0000002c   Code   RO         5939    i.ser_phy_rx_buf_set  ser_phy_nrf51_spi_master.o
    0x00008ebc   0x0000001c   Code   RO         5940    i.ser_phy_spi_master_event_handler  ser_phy_nrf51_spi_master.o
    0x00008ed8   0x00000024   Code   RO         5941    i.ser_phy_spi_master_ready  ser_phy_nrf51_spi_master.o
    0x00008efc   0x00000024   Code   RO         5942    i.ser_phy_spi_master_request  ser_phy_nrf51_spi_master.o
    0x00008f20   0x000001d4   Code   RO         5943    i.ser_phy_switch_state  ser_phy_nrf51_spi_master.o
    0x000090f4   0x00000040   Code   RO         5944    i.ser_phy_tx_pkt_send  ser_phy_nrf51_spi_master.o
    0x00009134   0x00000010   Code   RO         6146    i.ser_sd_rsp_wait   ser_softdevice_handler.o
    0x00009144   0x00000044   Code   RO         6070    i.ser_sd_transport_cmd_write  ser_sd_transport.o
    0x00009188   0x00000054   Code   RO         6071    i.ser_sd_transport_hal_handler  ser_sd_transport.o
    0x000091dc   0x0000000c   Code   RO         6072    i.ser_sd_transport_is_busy  ser_sd_transport.o
    0x000091e8   0x00000028   Code   RO         6073    i.ser_sd_transport_open  ser_sd_transport.o
    0x00009210   0x0000000a   Code   RO         6075    i.ser_sd_transport_rx_free  ser_sd_transport.o
    0x0000921a   0x00000002   PAD
    0x0000921c   0x00000060   Code   RO         6076    i.ser_sd_transport_rx_packet_handler  ser_sd_transport.o
    0x0000927c   0x00000018   Code   RO         6077    i.ser_sd_transport_tx_alloc  ser_sd_transport.o
    0x00009294   0x00000054   Code   RO         6147    i.ser_softdevice_evt_handler  ser_softdevice_handler.o
    0x000092e8   0x0000007c   Code   RO          511    i.service_data_encode  ble_advdata.o
    0x00009364   0x00000140   Code   RO           19    i.service_init      main.o
    0x000094a4   0x00000036   Code   RO           20    i.sleep_mode_enter  main.o
    0x000094da   0x0000000c   Code   RO         6236    i.softdevice_assertion_handler  softdevice_handler.o
    0x000094e6   0x00000002   PAD
    0x000094e8   0x00000014   Code   RO         6237    i.softdevice_ble_evt_handler_set  softdevice_handler.o
    0x000094fc   0x00000034   Code   RO         6238    i.softdevice_handler_init  softdevice_handler.o
    0x00009530   0x00000014   Code   RO         6240    i.softdevice_sys_evt_handler_set  softdevice_handler.o
    0x00009544   0x00000048   Code   RO         1820    i.spi_master_buffer_init  spi_master.o
    0x0000958c   0x00000028   Code   RO         1821    i.spi_master_buffer_release  spi_master.o
    0x000095b4   0x0000001a   Code   RO         1895    i.spi_master_evt_handler_reg  spi_master.o
    0x000095ce   0x00000002   PAD
    0x000095d0   0x00000010   Code   RO         1823    i.spi_master_get_instance  spi_master.o
    0x000095e0   0x0000003a   Code   RO         1824    i.spi_master_init_hw_instance  spi_master.o
    0x0000961a   0x00000002   PAD
    0x0000961c   0x00000114   Code   RO         1825    i.spi_master_open   spi_master.o
    0x00009730   0x00000012   Code   RO         5945    i.spi_master_raw_assert  ser_phy_nrf51_spi_master.o
    0x00009742   0x00000002   PAD
    0x00009744   0x00000120   Code   RO         1826    i.spi_master_send_recv  spi_master.o
    0x00009864   0x000000aa   Code   RO         1827    i.spi_master_send_recv_irq  spi_master.o
    0x0000990e   0x00000002   PAD
    0x00009910   0x00000034   Code   RO         1828    i.spi_master_signal_evt  spi_master.o
    0x00009944   0x00000004   Code   RO          988    i.storage_operation_dummy_handler  device_manager_peripheral.o
    0x00009948   0x00000010   Code   RO           21    i.sys_evt_dispatch  main.o
    0x00009958   0x00000010   Code   RO         2078    i.timer_list_handler_sched  app_timer.o
    0x00009968   0x00000064   Code   RO         2079    i.timer_list_insert  app_timer.o
    0x000099cc   0x00000070   Code   RO         2080    i.timer_list_remove  app_timer.o
    0x00009a3c   0x00000080   Code   RO         2081    i.timer_timeouts_check  app_timer.o
    0x00009abc   0x00000020   Code   RO         2445    i.tx_buf_alloc      app_mw_ble.o
    0x00009adc   0x0000001e   Code   RO         2618    i.tx_buf_alloc      app_mw_ble_gap.o
    0x00009afa   0x0000001e   Code   RO         2902    i.tx_buf_alloc      app_mw_ble_gattc.o
    0x00009b18   0x0000001e   Code   RO         3019    i.tx_buf_alloc      app_mw_ble_gatts.o
    0x00009b36   0x0000001e   Code   RO         3186    i.tx_buf_alloc      app_mw_nrf_soc.o
    0x00009b54   0x00000048   Code   RO          654    i.tx_buffer_process  ble_ancs_c.o
    0x00009b9c   0x00000018   Code   RO           22    i.uart_error_handle  main.o
    0x00009bb4   0x0000001e   Code   RO         5366    i.uint16_dec        ble_serialization.o
    0x00009bd2   0x0000000a   Code   RO          512    i.uint16_encode     ble_advdata.o
    0x00009bdc   0x0000000a   Code   RO         3488    i.uint16_encode     ble_gap_conn_param_update.o
    0x00009be6   0x0000000a   Code   RO         3836    i.uint16_encode     ble_gap_ppcp_set.o
    0x00009bf0   0x0000000a   Code   RO         4759    i.uint16_encode     ble_gattc_write.o
    0x00009bfa   0x00000024   Code   RO         5367    i.uint16_t_dec      ble_serialization.o
    0x00009c1e   0x00000022   Code   RO         5368    i.uint16_t_enc      ble_serialization.o
    0x00009c40   0x00000014   Code   RO          655    i.uint32_decode     ble_ancs_c.o
    0x00009c54   0x00000014   Code   RO         5369    i.uint32_decode     ble_serialization.o
    0x00009c68   0x00000012   Code   RO         5370    i.uint32_encode     ble_serialization.o
    0x00009c7a   0x00000032   Code   RO         5372    i.uint32_t_enc      ble_serialization.o
    0x00009cac   0x00000016   Code   RO         5373    i.uint8_dec         ble_serialization.o
    0x00009cc2   0x0000001a   Code   RO         5374    i.uint8_t_dec       ble_serialization.o
    0x00009cdc   0x0000001a   Code   RO         5375    i.uint8_t_enc       ble_serialization.o
    0x00009cf6   0x00000030   Code   RO         5376    i.uint8_vector_dec  ble_serialization.o
    0x00009d26   0x00000002   PAD
    0x00009d28   0x00000014   Code   RO          989    i.update_status_bit_reset  device_manager_peripheral.o
    0x00009d3c   0x00000068   Code   RO          767    i.update_timeout_handler  ble_conn_params.o
    0x00009da4   0x00000054   Code   RO         2082    i.user_id_get       app_timer.o
    0x00009df8   0x00000024   Code   RO         2083    i.user_op_alloc     app_timer.o
    0x00009e1c   0x00000024   Code   RO         2449    i.uuid_encode_rsp_dec  app_mw_ble.o
    0x00009e40   0x00000026   Code   RO          513    i.uuid_list_encode  ble_advdata.o
    0x00009e66   0x000000a6   Code   RO          514    i.uuid_list_sized_encode  ble_advdata.o
    0x00009f0c   0x00000020   Code   RO         2450    i.uuid_vs_add_rsp_dec  app_mw_ble.o
    0x00009f2c   0x00000010   Code   RO          575    i.whitelist_has_entries  ble_advertising.o
    0x00009f3c   0x0000000c   Data   RO           24    .constdata          main.o
    0x00009f48   0x00000030   Data   RO          333    .constdata          bsp.o
    0x00009f78   0x00000010   Data   RO          657    .constdata          ble_ancs_c.o
    0x00009f88   0x00000010   Data   RO          658    .constdata          ble_ancs_c.o
    0x00009f98   0x00000010   Data   RO          659    .constdata          ble_ancs_c.o
    0x00009fa8   0x00000010   Data   RO          660    .constdata          ble_ancs_c.o
    0x00009fb8   0x00000030   Data   RO          991    .constdata          device_manager_peripheral.o
    0x00009fe8   0x00000008   Data   RO         1225    .constdata          app_uart_fifo.o
    0x00009ff0   0x00000004   Data   RO         1830    .constdata          spi_master.o
    0x00009ff4   0x00000004   Data   RO         1918    .constdata          app_button.o
    0x00009ff8   0x00000020   Data   RO         5947    .constdata          ser_phy_nrf51_spi_master.o
    0x0000a018   0x0000000c   Data   RO         6149    .constdata          ser_softdevice_handler.o
    0x0000a024   0x0000012a   Data   RO           25    .conststring        main.o
    0x0000a14e   0x00000002   PAD
    0x0000a150   0x00000020   Data   RO         6607    Region$$Table       anon$$obj.o


    Execution Region RW_IRAM1 (Base: 0x20000000, Size: 0x00001f18, Max: 0x00008000, ABSOLUTE, COMPRESSED[0x0000005c])

    Base Addr    Size         Type   Attr      Idx    E Section Name        Object

    0x20000000   0x00000080   Data   RW           26    .data               main.o
    0x20000080   0x00000020   Data   RW          334    .data               bsp.o
    0x200000a0   0x00000008   Data   RW          429    .data               bsp_btn_ble.o
    0x200000a8   0x00000004   Data   RW          474    .data               system_nrf51.o
    0x200000ac   0x0000001f   Data   RW          577    .data               ble_advertising.o
    0x200000cb   0x00000001   PAD
    0x200000cc   0x00000018   Data   RW          661    .data               ble_ancs_c.o
    0x200000e4   0x00000018   Data   RW          769    .data               ble_conn_params.o
    0x200000fc   0x00000010   Data   RW          838    .data               ble_db_discovery.o
    0x2000010c   0x00000018   Data   RW          993    .data               device_manager_peripheral.o
    0x20000124   0x00000008   Data   RW         1226    .data               app_uart_fifo.o
    0x2000012c   0x00000001   Data   RW         1329    .data               ble_flash.o
    0x2000012d   0x00000001   Data   RW         1638    .data               nrf_soc.o
    0x2000012e   0x00000002   PAD
    0x20000130   0x0000000c   Data   RW         1732    .data               pstorage_nosd.o
    0x2000013c   0x00000018   Data   RW         1919    .data               app_button.o
    0x20000154   0x00000010   Data   RW         2026    .data               app_scheduler.o
    0x20000164   0x00000024   Data   RW         2084    .data               app_timer.o
    0x20000188   0x00000004   Data   RW         2244    .data               app_util_platform.o
    0x2000018c   0x00000004   Data   RW         2278    .data               retarget.o
    0x20000190   0x0000000c   Data   RW         2453    .data               app_mw_ble.o
    0x2000019c   0x0000000c   Data   RW         2619    .data               app_mw_ble_gap.o
    0x200001a8   0x00000001   Data   RW         5831    .data               ser_app_power_system_off.o
    0x200001a9   0x00000003   PAD
    0x200001ac   0x00000008   Data   RW         5870    .data               ser_hal_transport.o
    0x200001b4   0x00000028   Data   RW         5948    .data               ser_phy_nrf51_spi_master.o
    0x200001dc   0x00000020   Data   RW         6079    .data               ser_sd_transport.o
    0x200001fc   0x00000004   Data   RW         6150    .data               ser_softdevice_handler.o
    0x20000200   0x00000014   Data   RW         6241    .data               softdevice_handler.o
    0x20000214   0x000009f6   Zero   RW           23    .bss                main.o
    0x20000c0a   0x0000000c   Zero   RW          332    .bss                bsp.o
    0x20000c16   0x00000002   PAD
    0x20000c18   0x000000fb   Zero   RW          576    .bss                ble_advertising.o
    0x20000d13   0x00000001   PAD
    0x20000d14   0x000001d0   Zero   RW          656    .bss                ble_ancs_c.o
    0x20000ee4   0x0000001c   Zero   RW          768    .bss                ble_conn_params.o
    0x20000f00   0x00000080   Zero   RW          837    .bss                ble_db_discovery.o
    0x20000f80   0x00000127   Zero   RW          990    .bss                device_manager_peripheral.o
    0x200010a7   0x00000001   PAD
    0x200010a8   0x00000020   Zero   RW         1224    .bss                app_uart_fifo.o
    0x200010c8   0x00000050   Zero   RW         1474    .bss                nrf_drv_gpiote.o
    0x20001118   0x00000020   Zero   RW         1731    .bss                pstorage_nosd.o
    0x20001138   0x00000028   Zero   RW         1829    .bss                spi_master.o
    0x20001160   0x0000001c   Zero   RW         2313    .bss                app_ble_gap_sec_keys.o
    0x2000117c   0x0000000c   Zero   RW         2354    .bss                app_ble_user_mem.o
    0x20001188   0x0000000c   Zero   RW         2452    .bss                app_mw_ble.o
    0x20001194   0x0000000c   Zero   RW         3020    .bss                app_mw_ble_gatts.o
    0x200011a0   0x00000300   Zero   RW         5869    .bss                ser_hal_transport.o
    0x200014a0   0x000000ff   Zero   RW         5946    .bss                ser_phy_nrf51_spi_master.o
    0x2000159f   0x00000001   PAD
    0x200015a0   0x00000174   Zero   RW         6148    .bss                ser_softdevice_handler.o
    0x20001714   0x00000004   PAD
    0x20001718   0x00000800   Zero   RW          462    STACK               arm_startup_nrf51.o


==============================================================================

Image component sizes


      Code (inc. data)   RO Data    RW Data    ZI Data      Debug   Object Name

        92         14          0          0         28       4065   app_ble_gap_sec_keys.o
        60         10          0          0         12       3326   app_ble_user_mem.o
       328         34          4         24          0       5982   app_button.o
        24          8          0          0          0       6840   app_error.o
       104          0          0          0          0       2598   app_fifo.o
       218          0          0          0          0       3981   app_mailbox.o
       344         42          0         12         12       7665   app_mw_ble.o
      1398        112          0         12          0      22707   app_mw_ble_gap.o
       498         26          0          0          0       9422   app_mw_ble_gattc.o
       366         24          0          0         12       6747   app_mw_ble_gatts.o
        88          0          0          0          0       2466   app_mw_nrf_soc.o
       278         18          0         16          0       4715   app_scheduler.o
      1938        160          0         36          0      25667   app_timer.o
        50          6          0          0          0       1793   app_timer_appsh.o
       862        142          8          8         32      20855   app_uart_fifo.o
        36         10          0          4          0       1339   app_util_platform.o
        56         18        192          0       2048        708   arm_startup_nrf51.o
      1112          6          0          0          0      11462   ble_advdata.o
      1142         50          0         31        251       8619   ble_advertising.o
      1296        118         64         24        464      19085   ble_ancs_c.o
       464         50          0         24         28      11536   ble_conn_params.o
      1366         78          0         16        128      12755   ble_db_discovery.o
        76          4          0          0          0       2998   ble_enable.o
       566         42          0          0          0       1980   ble_event.o
       102          0          0          0          0       1598   ble_evt_tx_complete.o
       176          4          0          0          0       2074   ble_evt_user_mem_release.o
        96          0          0          0          0       1787   ble_evt_user_mem_request.o
       170         24          0          1          0       3559   ble_flash.o
       106          0          0          0          0       2450   ble_gap_adv_data_set.o
       216         10          0          0          0       2628   ble_gap_adv_start.o
        60          0          0          0          0       2158   ble_gap_adv_stop.o
       128          0          0          0          0       2454   ble_gap_appearance_get.o
       104          4          0          0          0       2510   ble_gap_authenticate.o
       136          0          0          0          0       2900   ble_gap_conn_param_update.o
       180          0          0          0          0       2772   ble_gap_device_name_get.o
       138          0          0          0          0       2584   ble_gap_device_name_set.o
        56          0          0          0          0       2358   ble_gap_disconnect.o
       204          0          0          0          0       1885   ble_gap_evt_adv_report.o
       100          0          0          0          0       1719   ble_gap_evt_auth_key_request.o
       152          6          0          0          0       2013   ble_gap_evt_auth_status.o
       142          0          0          0          0       1736   ble_gap_evt_conn_param_update.o
       142          0          0          0          0       1784   ble_gap_evt_conn_param_update_request.o
       140          0          0          0          0       1722   ble_gap_evt_conn_sec_update.o
       102          0          0          0          0       1816   ble_gap_evt_connected.o
       100          0          0          0          0       1695   ble_gap_evt_disconnected.o
       108          0          0          0          0       1838   ble_gap_evt_passkey_display.o
       100          0          0          0          0       1695   ble_gap_evt_rssi_changed.o
       122          0          0          0          0       1866   ble_gap_evt_scan_req_report.o
       104          0          0          0          0       1847   ble_gap_evt_sec_info_request.o
       108          0          0          0          0       1881   ble_gap_evt_sec_params_request.o
       100          0          0          0          0       1894   ble_gap_evt_sec_request.o
        98          0          0          0          0       1618   ble_gap_evt_timeout.o
       164          0          0          0          0       2398   ble_gap_ppcp_get.o
       124          0          0          0          0       2914   ble_gap_ppcp_set.o
       224          4          0          0          0       2838   ble_gap_sec_info_reply.o
       240         14          0          0          0       2862   ble_gap_sec_params_reply.o
      2130         34          0          0          0      27215   ble_gap_struct_serialization.o
       100          0          0          0          0       2678   ble_gattc_characteristics_discover.o
        94          0          0          0          0       2634   ble_gattc_descriptors_discover.o
       418          0          0          0          0       2078   ble_gattc_evt_char_disc_rsp.o
       160          0          0          0          0       2122   ble_gattc_evt_char_val_by_uuid_read_rsp.o
       126          0          0          0          0       1943   ble_gattc_evt_char_vals_read_rsp.o
       232          0          0          0          0       1914   ble_gattc_evt_desc_disc_rsp.o
       204          0          0          0          0       1772   ble_gattc_evt_hvx.o
       246          0          0          0          0       1951   ble_gattc_evt_prim_srvc_disc_rsp.o
       204          0          0          0          0       1801   ble_gattc_evt_read_rsp.o
       144          0          0          0          0       1877   ble_gattc_evt_rel_disc_rsp.o
       102          0          0          0          0       1676   ble_gattc_evt_timeout.o
       218          0          0          0          0       1818   ble_gattc_evt_write_rsp.o
       104          0          0          0          0       2700   ble_gattc_primary_services_discover.o
        68          0          0          0          0       2414   ble_gattc_read.o
       436          0          0          0          0       6479   ble_gattc_struct_serialization.o
       186          0          0          0          0       2908   ble_gattc_write.o
       100          0          0          0          0       1656   ble_gatts_evt_hvc.o
       184          4          0          0          0       2128   ble_gatts_evt_rw_authorize_request.o
        80          0          0          0          0       1647   ble_gatts_evt_sc_confirm.o
       100          0          0          0          0       1737   ble_gatts_evt_sys_attr_missing.o
       100          0          0          0          0       1680   ble_gatts_evt_timeout.o
       176          6          0          0          0       2077   ble_gatts_evt_write.o
       114          0          0          0          0       2516   ble_gatts_service_changed.o
       588          0          0          0          0       5765   ble_gatts_struct_serialization.o
       304          0          0          0          0       3146   ble_gatts_sys_attr_get.o
       156          0          0          0          0       2774   ble_gatts_sys_attr_set.o
       114          0          0          0          0       1807   ble_l2cap_evt_rx.o
       714          0          0          0          0      14621   ble_serialization.o
       300          0          0          0          0       5233   ble_struct_serialization.o
       228          0          0          0          0       2772   ble_uuid_encode.o
       192          8          0          0          0       2684   ble_uuid_vs_add.o
      1076        120         48         32         12       8365   bsp.o
       284         10          0          8          0       4317   bsp_btn_ble.o
       144          0          0          0          0       2434   cond_field_serialization.o
      3144        240         48         24        295      28632   device_manager_peripheral.o
      2520        578        310        128       2550     107322   main.o
        58          4          0          0          0       1599   nrf_delay.o
        96         18          0          0          0       1516   nrf_drv_common.o
      1060        146          0          0         80      19926   nrf_drv_gpiote.o
       194         32          0          1          0      11462   nrf_soc.o
        34          0          0          0          0       1451   power_system_off.o
      1180         70          0         12         32      15158   pstorage_nosd.o
        14          0          0          4          0       2670   retarget.o
       128         36          0          0          0      13409   ser_app_hal_nrf51.o
        36         14          0          1          0       2095   ser_app_power_system_off.o
       776         72          0          8        768       9578   ser_hal_transport.o
      1278        134         32         40        255      27453   ser_phy_nrf51_spi_master.o
       334         38          0         32          0       7927   ser_sd_transport.o
       238         28         12          4        372       6706   ser_softdevice_handler.o
       272         24          0         20          0       5856   softdevice_handler.o
      1058         42          4          0         40      14273   spi_master.o
       156         26          0          4          0       2111   system_nrf51.o

    ----------------------------------------------------------------------
     39770       2722        756        532       7428     681647   Object Totals
         0          0         32          0          0          0   (incl. Generated)
        64          0          2          6          9          0   (incl. Padding)

    ----------------------------------------------------------------------

      Code (inc. data)   RO Data    RW Data    ZI Data      Debug   Library Member Name

        58          0          0          0          0          0   __dczerorl.o
         0          0          0          0          0          0   entry.o
         0          0          0          0          0          0   entry10a.o
         0          0          0          0          0          0   entry11a.o
         8          4          0          0          0          0   entry2.o
         4          0          0          0          0          0   entry5.o
         0          0          0          0          0          0   entry7b.o
         0          0          0          0          0          0   entry8b.o
         8          4          0          0          0          0   entry9a.o
        30          0          0          0          0          0   handlers.o
        36          8          0          0          0         68   init.o
        26          0          0          0          0         72   memcmp.o
        36          0          0          0          0         60   memcpya.o
        36          0          0          0          0        100   memseta.o
       492         12          0          0          0        168   printf3.o
        44          0          0          0          0         72   uidiv.o
        20          0          0          0          0         60   uread4.o

    ----------------------------------------------------------------------
       802         28          0          0          0        600   Library Totals
         4          0          0          0          0          0   (incl. Padding)

    ----------------------------------------------------------------------

      Code (inc. data)   RO Data    RW Data    ZI Data      Debug   Library Name

       798         28          0          0          0        600   mc_p.l

    ----------------------------------------------------------------------
       802         28          0          0          0        600   Library Totals

    ----------------------------------------------------------------------

==============================================================================


      Code (inc. data)   RO Data    RW Data    ZI Data      Debug   

     40572       2750        756        532       7428     661071   Grand Totals
     40572       2750        756         92       7428     661071   ELF Image Totals (compressed)
     40572       2750        756         92          0          0   ROM Totals

==============================================================================

    Total RO  Size (Code + RO Data)                41328 (  40.36kB)
    Total RW  Size (RW Data + ZI Data)              7960 (   7.77kB)
    Total ROM Size (Code + RO Data + RW Data)      41420 (  40.45kB)

==============================================================================

