<html>
<body>
<pre>
<h1>µVision Build Log</h1>
<h2>Tool Versions:</h2>
IDE-Version: ¦ÌVision V5.15
Copyright (C) 2015 ARM Ltd and ARM Germany GmbH. All rights reserved.
License Information: chen haibing, appscomm, LIC=BL29U-S08LX-JPLZQ-NU4ZR-CDLAQ-19K0B
 
Tool Versions:
Toolchain:       MDK-ARM Professional  Version: 5.15.0
Toolchain Path:  D:\software_install\keil\ARM\ARMCC\Bin
C Compiler:      Armcc.exe V5.05 update 2 (build 169)
Assembler:       Armasm.exe V5.05 update 2 (build 169)
Linker/Locator:  ArmLink.exe V5.05 update 2 (build 169)
Library Manager: ArmAr.exe V5.05 update 2 (build 169)
Hex Converter:   FromElf.exe V5.05 update 2 (build 169)
CPU DLL:         SARMCM3.DLL V5.15.0
Dialog DLL:      DARMCM1.DLL V1.12.0.0
Target DLL:      Segger\JL2CM3.dll V2.99.15.0
Dialog DLL:      TARMCM1.DLL V1.9.0.0
 
<h2>Project:</h2>
E:\appscomm\w25\L42C_source\Nordic\Application\project\ble_peripheral\ble_app_ancs_c\pca10028\s110\arm4\ble_app_ancs_c_s110_pca10028.uvprojx
Project File Date:  03/21/2017

<h2>Output:</h2>
*** Using Compiler 'V5.05 update 2 (build 169)', folder: 'D:\software_install\keil\ARM\ARMCC\Bin'
Build target 'nrf51422_xxac_s110'
compiling main.c...
compiling bsp_btn_ble.c...
compiling bsp.c...
assembling arm_startup_nrf51.s...
compiling system_nrf51.c...
compiling ble_advdata.c...
compiling ble_advertising.c...
compiling ble_ancs_c.c...
compiling ble_conn_params.c...
compiling ble_db_discovery.c...
compiling ble_srv_common.c...
compiling device_manager_peripheral.c...
compiling ble_ccids.c...
compiling ble_media.c...
compiling ble_hrs.c...
compiling app_uart_fifo.c...
compiling nrf_delay.c...
compiling nrf_drv_common.c...
compiling nrf_drv_gpiote.c...
compiling pstorage.c...
compiling spi_master.c...
compiling spi_slave.c...
compiling nrf_drv_timer.c...
compiling app_pwm.c...
compiling nrf_drv_ppi.c...
compiling app_button.c...
compiling app_error.c...
compiling app_fifo.c...
compiling app_scheduler.c...
compiling app_timer.c...
compiling app_timer_appsh.c...
compiling app_trace.c...
compiling nrf_assert.c...
compiling retarget.c...
compiling softdevice_handler.c...
compiling OsalTimer.c...
compiling Osal.c...
compiling OsalClock.c...
compiling OsalMemory.c...
compiling OsalMessage.c...
compiling OsalPort.c...
compiling OsalTaskEvent.c...
compiling mem.c...
compiling heap_1.c...
compiling heap_2.c...
compiling heap_3.c...
compiling heap_4.c...
compiling clockdriver.c...
compiling AppHandler.c...
compiling ble_nus.c...
compiling simpleGATTprofile.c...
compiling HwTask.c...
compiling StepTask.c...
compiling DisplayTask.c...
compiling SleepTask.c...
compiling ClockTask.c...
compiling TouchKeyTask.c...
compiling BleTask.c...
compiling heartRateTask.c...
compiling VolumeHandler.c...
compiling BatteryStatusHandler.c...
compiling BlueToothHandler.c...
compiling RingModeHandler.c...
compiling StandbyHandler.c...
compiling AlarmHandler.c...
compiling SleepHandler.c...
compiling SportHandler.c...
compiling PhoneHandler.c...
compiling SmardCardHandler.c...
compiling DevicesComHandler.c...
compiling heartRateHandler.c...
compiling Utils.c...
compiling UserInfo.c...
compiling DataStoreInside.c...
compiling HardWareTest.c...
compiling NeuL18CmdPackage.c...
compiling BootloaderApp.c...
compiling circbuf.c...
compiling BC5CmdPackage.c...
compiling protocol.c...
compiling KL17CmdPackage.c...
compiling AncsCrc.c...
compiling Res.c...
compiling FontLib.c...
compiling FontDisplay.c...
compiling Ui.c...
compiling lcd.c...
compiling spim.c...
compiling pwm.c...
compiling Reminder.c...
compiling ExtSpiFlash.c...
compiling AxisI2c.c...
compiling lis3dh.c...
compiling Bma2xx.c...
compiling Motor.c...
compiling upper_level_xxx.c...
compiling IQS263_Handler.c...
compiling lower_level_xxx.c...
compiling CypressI2c.c...
..\..\..\..\..\touch\CypressI2c.c(438): warning:  #111-D: statement is unreachable
                ZT75xx_I2cWriteCMD(0x000B);
..\..\..\..\..\touch\CypressI2c.c: 1 warning, 0 errors
compiling advertiser_beacon.c...
compiling scanner_beacon.c...
compiling scanner_parse.c...
compiling Secondstimer.c...
compiling port_me.c...
compiling bl_erase_region.c...
compiling bl_ping.c...
compiling bl_private.c...
compiling bl_read_memory.c...
compiling bl_update.c...
compiling bl_write_memory.c...
compiling code2str.c...
compiling AS7000_I2c.c...
compiling usr_ble_hrs.c...
compiling AS7000.c...
compiling AS7000_update.c...
linking...
Program Size: Code=138760 RO-data=1812 RW-data=1680 ZI-data=17320  
FromELF: creating hex file...
".\_build\nrf51422_xxac_s110.axf" - 0 Error(s), 1 Warning(s).

<h2>Collection of Component include folders:</h2>
  E:\appscomm\w25\L42C_source\Nordic\Application\project\ble_peripheral\ble_app_ancs_c\pca10028\s110\arm4\RTE
  D:\software_install\keil\ARM\PACK\NordicSemiconductor\nRF_DeviceFamilyPack\8.12.0\Device\Include

<h2>Collection of Component Files used:</h2>
</pre>
</body>
</html>
