<!doctype html public "-//w3c//dtd html 4.0 transitional//en">
<html><head>
<title>Static Call Graph - [.\_build\nrf51422_xxac_s110.axf]</title></head>
<body><HR>
<H1>Static Call Graph for image .\_build\nrf51422_xxac_s110.axf</H1><HR>
<BR><P>#&#060CALLGRAPH&#062# ARM Linker, 5050169: Last Updated: Tue Mar 21 14:41:27 2017
<BR><P>
<H3>Maximum Stack Usage =       1316 bytes + Unknown(Cycles, Untraceable Function Pointers)</H3><H3>
Call chain for Maximum Stack Depth:</H3>
main &rArr; CheckUpdateKl17 &rArr; do_update &rArr; READ_OTA_INFO &rArr; SpiFlash_Read &rArr; Flash_Read &rArr; Spi_Send_MSG &rArr; spi_send_cmd &rArr; spi_send_package &rArr; __aeabi_idivmod &rArr; __aeabi_uidivmod
<P>
<H3>
Mutually Recursive functions
</H3> <LI><a href="#[1]">NMI_Handler</a>&nbsp;&nbsp;&nbsp;&rArr;&nbsp;&nbsp;&nbsp;<a href="#[1]">NMI_Handler</a><BR>
 <LI><a href="#[2]">HardFault_Handler</a>&nbsp;&nbsp;&nbsp;&rArr;&nbsp;&nbsp;&nbsp;<a href="#[2]">HardFault_Handler</a><BR>
 <LI><a href="#[3]">SVC_Handler</a>&nbsp;&nbsp;&nbsp;&rArr;&nbsp;&nbsp;&nbsp;<a href="#[3]">SVC_Handler</a><BR>
 <LI><a href="#[4]">PendSV_Handler</a>&nbsp;&nbsp;&nbsp;&rArr;&nbsp;&nbsp;&nbsp;<a href="#[4]">PendSV_Handler</a><BR>
 <LI><a href="#[5]">SysTick_Handler</a>&nbsp;&nbsp;&nbsp;&rArr;&nbsp;&nbsp;&nbsp;<a href="#[5]">SysTick_Handler</a><BR>
 <LI><a href="#[c]">ADC_IRQHandler</a>&nbsp;&nbsp;&nbsp;&rArr;&nbsp;&nbsp;&nbsp;<a href="#[c]">ADC_IRQHandler</a><BR>
 <LI><a href="#[100]">__asm___11_nrf_delay_c_532987f3__nrf_delay_us</a>&nbsp;&nbsp;&nbsp;&rArr;&nbsp;&nbsp;&nbsp;<a href="#[100]">__asm___11_nrf_delay_c_532987f3__nrf_delay_us</a><BR>
 <LI><a href="#[103]">__asm___10_protocol_c_KL17_VER__nrf_delay_us</a>&nbsp;&nbsp;&nbsp;&rArr;&nbsp;&nbsp;&nbsp;<a href="#[103]">__asm___10_protocol_c_KL17_VER__nrf_delay_us</a><BR>
 <LI><a href="#[104]">__asm___16_KL17CmdPackage_c_80624e7e__nrf_delay_us</a>&nbsp;&nbsp;&nbsp;&rArr;&nbsp;&nbsp;&nbsp;<a href="#[104]">__asm___16_KL17CmdPackage_c_80624e7e__nrf_delay_us</a><BR>
 <LI><a href="#[105]">__asm___13_ExtSpiFlash_c_u_Delay__nrf_delay_us</a>&nbsp;&nbsp;&nbsp;&rArr;&nbsp;&nbsp;&nbsp;<a href="#[105]">__asm___13_ExtSpiFlash_c_u_Delay__nrf_delay_us</a><BR>
 <LI><a href="#[102]">__asm___8_HwTask_c_e0b1165f__nrf_delay_us</a>&nbsp;&nbsp;&nbsp;&rArr;&nbsp;&nbsp;&nbsp;<a href="#[102]">__asm___8_HwTask_c_e0b1165f__nrf_delay_us</a><BR>
 <LI><a href="#[106]">__asm___12_AS7000_I2c_c_ee77214a__nrf_delay_us</a>&nbsp;&nbsp;&nbsp;&rArr;&nbsp;&nbsp;&nbsp;<a href="#[106]">__asm___12_AS7000_I2c_c_ee77214a__nrf_delay_us</a><BR>
 <LI><a href="#[101]">__asm___11_app_timer_c_cd27f9c3__nrf_delay_us</a>&nbsp;&nbsp;&nbsp;&rArr;&nbsp;&nbsp;&nbsp;<a href="#[101]">__asm___11_app_timer_c_cd27f9c3__nrf_delay_us</a><BR>
 <LI><a href="#[423]">app_notify_error_state_transit</a>&nbsp;&nbsp;&nbsp;&rArr;&nbsp;&nbsp;&nbsp;<a href="#[425]">sm_state_change</a><BR>
 <LI><a href="#[425]">sm_state_change</a>&nbsp;&nbsp;&nbsp;&rArr;&nbsp;&nbsp;&nbsp;<a href="#[492]">cmd_process</a><BR>
</UL>
<P>
<H3>
Function Pointers
</H3><UL>
 <LI><a href="#[c]">ADC_IRQHandler</a> from arm_startup_nrf51.o(.text) referenced from arm_startup_nrf51.o(RESET)
 <LI><a href="#[cb]">AndroidCallCB</a> from neul18cmdpackage.o(i.AndroidCallCB) referenced from neul18cmdpackage.o(.constdata)
 <LI><a href="#[cc]">AndroidSmsCallCB</a> from neul18cmdpackage.o(i.AndroidSmsCallCB) referenced from neul18cmdpackage.o(.constdata)
 <LI><a href="#[ce]">AndroidSocialCB</a> from neul18cmdpackage.o(i.AndroidSocialCB) referenced from neul18cmdpackage.o(.constdata)
 <LI><a href="#[cf]">AndroideEmailCB</a> from neul18cmdpackage.o(i.AndroideEmailCB) referenced from neul18cmdpackage.o(.constdata)
 <LI><a href="#[d0]">AndroideScheduleCB</a> from neul18cmdpackage.o(i.AndroideScheduleCB) referenced from neul18cmdpackage.o(.constdata)
 <LI><a href="#[7b]">AppEventHandler</a> from apphandler.o(i.AppEventHandler) referenced from osal.o(i.pS_OsTaskRegList)
 <LI><a href="#[7c]">AppInitTask</a> from apphandler.o(i.AppInitTask) referenced from osal.o(i.pS_OsTaskRegList)
 <LI><a href="#[2c]">AppsBoxHandler</a> from alarmhandler.o(i.AppsBoxHandler) referenced from alarmhandler.o(i.AppsMmenuHandler)
 <LI><a href="#[3b]">AppsMmenuHandler</a> from alarmhandler.o(i.AppsMmenuHandler) referenced from standbyhandler.o(i.LoadMenuHandler)
 <LI><a href="#[c4]">AutoHeartRateCB</a> from neul18cmdpackage.o(i.AutoHeartRateCB) referenced from neul18cmdpackage.o(.constdata)
 <LI><a href="#[ac]">BacklightSettingCmdCB</a> from neul18cmdpackage.o(i.BacklightSettingCmdCB) referenced from neul18cmdpackage.o(.constdata)
 <LI><a href="#[c7]">BaseKcalTypeCB</a> from neul18cmdpackage.o(i.BaseKcalTypeCB) referenced from neul18cmdpackage.o(.constdata)
 <LI><a href="#[4c]">BatteryHandler</a> from alarmhandler.o(i.BatteryHandler) referenced from alarmhandler.o(i.SettingHandler)
 <LI><a href="#[66]">BatteryStatusHandler</a> from batterystatushandler.o(i.BatteryStatusHandler) referenced from standbyhandler.o(i.Standby_Handler)
 <LI><a href="#[d4]">BindingBeginCmdCB</a> from neul18cmdpackage.o(i.BindingBeginCmdCB) referenced from neul18cmdpackage.o(.constdata)
 <LI><a href="#[d5]">BindingEndCmdCB</a> from neul18cmdpackage.o(i.BindingEndCmdCB) referenced from neul18cmdpackage.o(.constdata)
 <LI><a href="#[67]">BleBondChooseHandler</a> from alarmhandler.o(i.BleBondChooseHandler) referenced from standbyhandler.o(i.Standby_Handler)
 <LI><a href="#[7f]">BleEventHandler</a> from bletask.o(i.BleEventHandler) referenced from osal.o(i.pS_OsTaskRegList)
 <LI><a href="#[80]">BleInitTask</a> from bletask.o(i.BleInitTask) referenced from osal.o(i.pS_OsTaskRegList)
 <LI><a href="#[2a]">BrightnessHandler</a> from alarmhandler.o(i.BrightnessHandler) referenced from alarmhandler.o(i.AppsBoxHandler)
 <LI><a href="#[68]">BtBleDisconnectHandler</a> from alarmhandler.o(i.BtBleDisconnectHandler) referenced from standbyhandler.o(i.Standby_Handler)
 <LI><a href="#[14]">CCM_AAR_IRQHandler</a> from arm_startup_nrf51.o(.text) referenced from arm_startup_nrf51.o(RESET)
 <LI><a href="#[db]">CameraControlCmdCB</a> from neul18cmdpackage.o(i.CameraControlCmdCB) referenced from neul18cmdpackage.o(.constdata)
 <LI><a href="#[24]">CameraHandler</a> from alarmhandler.o(i.CameraHandler) referenced from alarmhandler.o(i.AppsBoxHandler)
 <LI><a href="#[69]">ClearAllHandler</a> from alarmhandler.o(i.ClearAllHandler) referenced from standbyhandler.o(i.Standby_Handler)
 <LI><a href="#[c2]">ClearHeartRateDataCB</a> from neul18cmdpackage.o(i.ClearHeartRateDataCB) referenced from neul18cmdpackage.o(.constdata)
 <LI><a href="#[ca]">ClearRecordWorkDataCB</a> from neul18cmdpackage.o(i.ClearRecordWorkDataCB) referenced from neul18cmdpackage.o(.constdata)
 <LI><a href="#[bd]">ClearSleepDataCB</a> from neul18cmdpackage.o(i.ClearSleepDataCB) referenced from neul18cmdpackage.o(.constdata)
 <LI><a href="#[bb]">ClearSportDataCB</a> from neul18cmdpackage.o(i.ClearSportDataCB) referenced from neul18cmdpackage.o(.constdata)
 <LI><a href="#[89]">ClockEventHandler</a> from clocktask.o(i.ClockEventHandler) referenced from osal.o(i.pS_OsTaskRegList)
 <LI><a href="#[8a]">ClockInitTask</a> from clocktask.o(i.ClockInitTask) referenced from osal.o(i.pS_OsTaskRegList)
 <LI><a href="#[31]">Clock_second_handle</a> from clockdriver.o(i.Clock_second_handle) referenced from clockdriver.o(i.Clock_init)
 <LI><a href="#[b8]">DailyGoalSettingCmdCB</a> from neul18cmdpackage.o(i.DailyGoalSettingCmdCB) referenced from neul18cmdpackage.o(.constdata)
 <LI><a href="#[32]">DailyScheduleHandler</a> from alarmhandler.o(i.DailyScheduleHandler) referenced from alarmhandler.o(i.DailyScheduleHomePageHandler)
 <LI><a href="#[32]">DailyScheduleHandler</a> from alarmhandler.o(i.DailyScheduleHandler) referenced from alarmhandler.o(i.NotificationBoxHandler)
 <LI><a href="#[64]">DailyScheduleHomePageHandler</a> from alarmhandler.o(i.DailyScheduleHomePageHandler) referenced from standbyhandler.o(i.Standby_Handler)
 <LI><a href="#[a9]">DateTimeSettingCmdCB</a> from neul18cmdpackage.o(i.DateTimeSettingCmdCB) referenced from neul18cmdpackage.o(.constdata)
 <LI><a href="#[44]">DeleteAncsHandler</a> from alarmhandler.o(i.DeleteAncsHandler) referenced from alarmhandler.o(i.NotificationBoxHandler)
 <LI><a href="#[dd]">DeviceCommIDCmdCB</a> from neul18cmdpackage.o(i.DeviceCommIDCmdCB) referenced from neul18cmdpackage.o(.constdata)
 <LI><a href="#[7d]">DisplayEventHandler</a> from displaytask.o(i.DisplayEventHandler) referenced from osal.o(i.pS_OsTaskRegList)
 <LI><a href="#[7e]">DisplayInitTask</a> from displaytask.o(i.DisplayInitTask) referenced from osal.o(i.pS_OsTaskRegList)
 <LI><a href="#[13]">ECB_IRQHandler</a> from arm_startup_nrf51.o(.text) referenced from arm_startup_nrf51.o(RESET)
 <LI><a href="#[33]">E_MailHandler</a> from alarmhandler.o(i.E_MailHandler) referenced from alarmhandler.o(i.E_MailHomePageHandler)
 <LI><a href="#[33]">E_MailHandler</a> from alarmhandler.o(i.E_MailHandler) referenced from alarmhandler.o(i.NotificationBoxHandler)
 <LI><a href="#[63]">E_MailHomePageHandler</a> from alarmhandler.o(i.E_MailHomePageHandler) referenced from standbyhandler.o(i.Standby_Handler)
 <LI><a href="#[48]">ExitRecordWorkOutsHandler</a> from alarmhandler.o(i.ExitRecordWorkOutsHandler) referenced from alarmhandler.o(i.RecordWorkHandler)
 <LI><a href="#[53]">ExitSleep_Handler</a> from sleephandler.o(i.ExitSleep_Handler) referenced from sleephandler.o(i.SleepMonitor_Handler)
 <LI><a href="#[51]">ExitsleepmodeHandler</a> from alarmhandler.o(i.ExitsleepmodeHandler) referenced from sleephandler.o(i.SleepMonitor_Handler)
 <LI><a href="#[b2]">FactorySettingCmdCB</a> from neul18cmdpackage.o(i.FactorySettingCmdCB) referenced from neul18cmdpackage.o(.constdata)
 <LI><a href="#[b]">GPIOTE_IRQHandler</a> from hwtask.o(i.GPIOTE_IRQHandler) referenced from arm_startup_nrf51.o(RESET)
 <LI><a href="#[ee]">GetBC5AudioVolCB</a> from bc5cmdpackage.o(i.GetBC5AudioVolCB) referenced from bc5cmdpackage.o(.constdata)
 <LI><a href="#[e5]">GetBT4AddrTest</a> from neul18cmdpackage.o(i.GetBT4AddrTest) referenced from neul18cmdpackage.o(.constdata)
 <LI><a href="#[ad]">GetBatValueCmdCB</a> from neul18cmdpackage.o(i.GetBatValueCmdCB) referenced from neul18cmdpackage.o(.constdata)
 <LI><a href="#[a6]">GetCmdRespond</a> from neul18cmdpackage.o(i.GetCmdRespond) referenced from neul18cmdpackage.o(.constdata)
 <LI><a href="#[e7]">GetDateTimeTest</a> from neul18cmdpackage.o(i.GetDateTimeTest) referenced from neul18cmdpackage.o(.constdata)
 <LI><a href="#[bf]">GetDisplaySportDataCmdCB</a> from neul18cmdpackage.o(i.GetDisplaySportDataCmdCB) referenced from neul18cmdpackage.o(.constdata)
 <LI><a href="#[c3]">GetHeartRateDataCB</a> from neul18cmdpackage.o(i.GetHeartRateDataCB) referenced from neul18cmdpackage.o(.constdata)
 <LI><a href="#[c1]">GetHeartRateTotalCntCB</a> from neul18cmdpackage.o(i.GetHeartRateTotalCntCB) referenced from neul18cmdpackage.o(.constdata)
 <LI><a href="#[c8]">GetRecordWorkTotalCntCB</a> from neul18cmdpackage.o(i.GetRecordWorkTotalCntCB) referenced from neul18cmdpackage.o(.constdata)
 <LI><a href="#[be]">GetSleepAwakeDataCB</a> from neul18cmdpackage.o(i.GetSleepAwakeDataCB) referenced from neul18cmdpackage.o(.constdata)
 <LI><a href="#[b9]">GetSportModeCB</a> from neul18cmdpackage.o(i.GetSportModeCB) referenced from neul18cmdpackage.o(.constdata)
 <LI><a href="#[ba]">GetSportTotalCntCB</a> from neul18cmdpackage.o(i.GetSportTotalCntCB) referenced from neul18cmdpackage.o(.constdata)
 <LI><a href="#[a8]">GetVersionMsgCmdCB</a> from neul18cmdpackage.o(i.GetVersionMsgCmdCB) referenced from neul18cmdpackage.o(.constdata)
 <LI><a href="#[a7]">GetWatchIdCmdCB</a> from neul18cmdpackage.o(i.GetWatchIdCmdCB) referenced from neul18cmdpackage.o(.constdata)
 <LI><a href="#[e3]">Get_CSN</a> from neul18cmdpackage.o(i.Get_CSN) referenced from neul18cmdpackage.o(.constdata)
 <LI><a href="#[5d]">GoalOver_Handler</a> from sporthandler.o(i.GoalOver_Handler) referenced from standbyhandler.o(i.Standby_Handler)
 <LI><a href="#[37]">HRMmenuHandler</a> from alarmhandler.o(i.HRMmenuHandler) referenced from standbyhandler.o(i.LoadMenuHandler)
 <LI><a href="#[2]">HardFault_Handler</a> from arm_startup_nrf51.o(.text) referenced from arm_startup_nrf51.o(RESET)
 <LI><a href="#[c5]">HeartRateAlarmCB</a> from neul18cmdpackage.o(i.HeartRateAlarmCB) referenced from neul18cmdpackage.o(.constdata)
 <LI><a href="#[79]">HrEventHandler</a> from heartratetask.o(i.HrEventHandler) referenced from osal.o(i.pS_OsTaskRegList)
 <LI><a href="#[7a]">HrInitTask</a> from heartratetask.o(i.HrInitTask) referenced from osal.o(i.pS_OsTaskRegList)
 <LI><a href="#[5f]">HrRemindHandler</a> from alarmhandler.o(i.HrRemindHandler) referenced from standbyhandler.o(i.Standby_Handler)
 <LI><a href="#[87]">HwEventHandler</a> from hwtask.o(i.HwEventHandler) referenced from osal.o(i.pS_OsTaskRegList)
 <LI><a href="#[88]">HwInitTask</a> from hwtask.o(i.HwInitTask) referenced from osal.o(i.pS_OsTaskRegList)
 <LI><a href="#[62]">IncomingCallHandler</a> from alarmhandler.o(i.IncomingCallHandler) referenced from standbyhandler.o(i.Standby_Handler)
 <LI><a href="#[e6]">KeypadTest</a> from neul18cmdpackage.o(i.KeypadTest) referenced from neul18cmdpackage.o(.constdata)
 <LI><a href="#[ec]">LCDTest</a> from neul18cmdpackage.o(i.LCDTest) referenced from neul18cmdpackage.o(.constdata)
 <LI><a href="#[e1]">LEDTest</a> from neul18cmdpackage.o(i.LEDTest) referenced from neul18cmdpackage.o(.constdata)
 <LI><a href="#[18]">LPCOMP_IRQHandler</a> from arm_startup_nrf51.o(.text) referenced from arm_startup_nrf51.o(RESET)
 <LI><a href="#[b5]">MedalCB</a> from neul18cmdpackage.o(i.MedalCB) referenced from neul18cmdpackage.o(.constdata)
 <LI><a href="#[6a]">MedalHandler</a> from alarmhandler.o(i.MedalHandler) referenced from standbyhandler.o(i.Standby_Handler)
 <LI><a href="#[ab]">MenuOrderCmdCB</a> from neul18cmdpackage.o(i.MenuOrderCmdCB) referenced from neul18cmdpackage.o(.constdata)
 <LI><a href="#[40]">MissedCallAlertHandler</a> from alarmhandler.o(i.MissedCallAlertHandler) referenced from alarmhandler.o(i.MissedCallHomePageHandler)
 <LI><a href="#[40]">MissedCallAlertHandler</a> from alarmhandler.o(i.MissedCallAlertHandler) referenced from alarmhandler.o(i.NotificationBoxHandler)
 <LI><a href="#[61]">MissedCallHomePageHandler</a> from alarmhandler.o(i.MissedCallHomePageHandler) referenced from standbyhandler.o(i.Standby_Handler)
 <LI><a href="#[af]">MotoOrderValueCB</a> from neul18cmdpackage.o(i.MotoOrderValueCB) referenced from neul18cmdpackage.o(.constdata)
 <LI><a href="#[b4]">MotoVibrationIntensityCB</a> from neul18cmdpackage.o(i.MotoVibrationIntensityCB) referenced from neul18cmdpackage.o(.constdata)
 <LI><a href="#[e9]">MotorTest</a> from neul18cmdpackage.o(i.MotorTest) referenced from neul18cmdpackage.o(.constdata)
 <LI><a href="#[23]">MusicHandler</a> from alarmhandler.o(i.MusicHandler) referenced from alarmhandler.o(i.AppsBoxHandler)
 <LI><a href="#[da]">MusicSettingsCmdCB</a> from neul18cmdpackage.o(i.MusicSettingsCmdCB) referenced from neul18cmdpackage.o(.constdata)
 <LI><a href="#[e2]">NFCTest</a> from neul18cmdpackage.o(i.NFCTest) referenced from neul18cmdpackage.o(.constdata)
 <LI><a href="#[1]">NMI_Handler</a> from arm_startup_nrf51.o(.text) referenced from arm_startup_nrf51.o(RESET)
 <LI><a href="#[43]">NoNewNotificationHandler</a> from alarmhandler.o(i.NoNewNotificationHandler) referenced from alarmhandler.o(i.NotificationBoxHandler)
 <LI><a href="#[28]">NoReminderHandler</a> from alarmhandler.o(i.NoReminderHandler) referenced from alarmhandler.o(i.AppsBoxHandler)
 <LI><a href="#[cd]">NoticeNumberCB</a> from neul18cmdpackage.o(i.NoticeNumberCB) referenced from neul18cmdpackage.o(.constdata)
 <LI><a href="#[45]">NotificationBoxHandler</a> from alarmhandler.o(i.NotificationBoxHandler) referenced from alarmhandler.o(i.NotificationMmenuHandler)
 <LI><a href="#[3a]">NotificationMmenuHandler</a> from alarmhandler.o(i.NotificationMmenuHandler) referenced from standbyhandler.o(i.LoadMenuHandler)
 <LI><a href="#[f9]">NotifyBc5BtInfoCB</a> from bc5cmdpackage.o(i.NotifyBc5BtInfoCB) referenced from bc5cmdpackage.o(.constdata)
 <LI><a href="#[fb]">NotifyBc5CallerInfoCB</a> from bc5cmdpackage.o(i.NotifyBc5CallerInfoCB) referenced from bc5cmdpackage.o(.constdata)
 <LI><a href="#[fa]">NotifyBc5PhoneInfoCB</a> from bc5cmdpackage.o(i.NotifyBc5PhoneInfoCB) referenced from bc5cmdpackage.o(.constdata)
 <LI><a href="#[fc]">NotifyBc5SiriInfoCB</a> from bc5cmdpackage.o(i.NotifyBc5SiriInfoCB) referenced from bc5cmdpackage.o(.constdata)
 <LI><a href="#[5a]">OtaHandler</a> from alarmhandler.o(i.OtaHandler) referenced from standbyhandler.o(i.Standby_Handler)
 <LI><a href="#[6]">POWER_CLOCK_IRQHandler</a> from arm_startup_nrf51.o(.text) referenced from arm_startup_nrf51.o(RESET)
 <LI><a href="#[46]">PWM_ready_callback</a> from pwm.o(i.PWM_ready_callback) referenced from pwm.o(i.PWM_init)
 <LI><a href="#[d9]">PayPassthroughFromApp</a> from neul18cmdpackage.o(i.PayPassthroughFromApp) referenced from neul18cmdpackage.o(.constdata)
 <LI><a href="#[4]">PendSV_Handler</a> from arm_startup_nrf51.o(.text) referenced from arm_startup_nrf51.o(RESET)
 <LI><a href="#[b6]">PersonInitCmdCB</a> from neul18cmdpackage.o(i.PersonInitCmdCB) referenced from neul18cmdpackage.o(.constdata)
 <LI><a href="#[de]">PhoneBookCB</a> from neul18cmdpackage.o(i.PhoneBookCB) referenced from neul18cmdpackage.o(.constdata)
 <LI><a href="#[3c]">PhoneCallOut_Handler</a> from phonehandler.o(i.PhoneCallOut_Handler) referenced from phonehandler.o(i.LoadPhoneHandler)
 <LI><a href="#[3d]">PhoneCall_Handler</a> from phonehandler.o(i.PhoneCall_Handler) referenced from phonehandler.o(i.LoadPhoneHandler)
 <LI><a href="#[47]">PhoneDialInCall_Handler</a> from phonehandler.o(i.PhoneDialInCall_Handler) referenced from phonehandler.o(i.PhoneCall_Handler)
 <LI><a href="#[3e]">PhoneRing_Handler</a> from phonehandler.o(i.PhoneRing_Handler) referenced from phonehandler.o(i.LoadPhoneHandler)
 <LI><a href="#[e8]">PowOFFSystemTest</a> from neul18cmdpackage.o(i.PowOFFSystemTest) referenced from neul18cmdpackage.o(.constdata)
 <LI><a href="#[17]">QDEC_IRQHandler</a> from arm_startup_nrf51.o(.text) referenced from arm_startup_nrf51.o(RESET)
 <LI><a href="#[7]">RADIO_IRQHandler</a> from arm_startup_nrf51.o(.text) referenced from arm_startup_nrf51.o(RESET)
 <LI><a href="#[12]">RNG_IRQHandler</a> from arm_startup_nrf51.o(.text) referenced from arm_startup_nrf51.o(RESET)
 <LI><a href="#[10]">RTC0_IRQHandler</a> from arm_startup_nrf51.o(.text) referenced from arm_startup_nrf51.o(RESET)
 <LI><a href="#[16]">RTC1_IRQHandler</a> from app_timer.o(i.RTC1_IRQHandler) referenced from arm_startup_nrf51.o(RESET)
 <LI><a href="#[d6]">ReadPayAID</a> from neul18cmdpackage.o(i.ReadPayAID) referenced from neul18cmdpackage.o(.constdata)
 <LI><a href="#[d7]">ReadPayBalance</a> from neul18cmdpackage.o(i.ReadPayBalance) referenced from neul18cmdpackage.o(.constdata)
 <LI><a href="#[d8]">ReadPayRecords</a> from neul18cmdpackage.o(i.ReadPayRecords) referenced from neul18cmdpackage.o(.constdata)
 <LI><a href="#[49]">RecordWorkDetailHandler</a> from alarmhandler.o(i.RecordWorkDetailHandler) referenced from alarmhandler.o(i.RecordWorkHandler)
 <LI><a href="#[4a]">RecordWorkHandler</a> from alarmhandler.o(i.RecordWorkHandler) referenced from alarmhandler.o(i.RecordWorkoutsMmenuHandler)
 <LI><a href="#[38]">RecordWorkoutsMmenuHandler</a> from alarmhandler.o(i.RecordWorkoutsMmenuHandler) referenced from standbyhandler.o(i.LoadMenuHandler)
 <LI><a href="#[5b]">RemindHandler</a> from alarmhandler.o(i.RemindHandler) referenced from standbyhandler.o(i.Standby_Handler)
 <LI><a href="#[27]">RemindViewHandler</a> from alarmhandler.o(i.RemindViewHandler) referenced from alarmhandler.o(i.AppsBoxHandler)
 <LI><a href="#[d3]">ReminderCmdCB</a> from neul18cmdpackage.o(i.ReminderCmdCB) referenced from neul18cmdpackage.o(.constdata)
 <LI><a href="#[d2]">ReminderNumberCmdCB</a> from neul18cmdpackage.o(i.ReminderNumberCmdCB) referenced from neul18cmdpackage.o(.constdata)
 <LI><a href="#[4d]">ResetHandler</a> from alarmhandler.o(i.ResetHandler) referenced from alarmhandler.o(i.SettingHandler)
 <LI><a href="#[0]">Reset_Handler</a> from arm_startup_nrf51.o(.text) referenced from arm_startup_nrf51.o(RESET)
 <LI><a href="#[4e]">RestartHandler</a> from alarmhandler.o(i.RestartHandler) referenced from alarmhandler.o(i.SettingHandler)
 <LI><a href="#[41]">SMSHandler</a> from alarmhandler.o(i.SMSHandler) referenced from alarmhandler.o(i.NotificationBoxHandler)
 <LI><a href="#[41]">SMSHandler</a> from alarmhandler.o(i.SMSHandler) referenced from alarmhandler.o(i.SMSHomePageHandler)
 <LI><a href="#[60]">SMSHomePageHandler</a> from alarmhandler.o(i.SMSHomePageHandler) referenced from standbyhandler.o(i.Standby_Handler)
 <LI><a href="#[9]">SPI0_TWI0_IRQHandler</a> from arm_startup_nrf51.o(.text) referenced from arm_startup_nrf51.o(RESET)
 <LI><a href="#[a]">SPI1_TWI1_IRQHandler</a> from spi_slave.o(i.SPI1_TWI1_IRQHandler) referenced from arm_startup_nrf51.o(RESET)
 <LI><a href="#[3]">SVC_Handler</a> from arm_startup_nrf51.o(.text) referenced from arm_startup_nrf51.o(RESET)
 <LI><a href="#[19]">SWI0_IRQHandler</a> from app_timer.o(i.SWI0_IRQHandler) referenced from arm_startup_nrf51.o(RESET)
 <LI><a href="#[1a]">SWI1_IRQHandler</a> from arm_startup_nrf51.o(.text) referenced from arm_startup_nrf51.o(RESET)
 <LI><a href="#[1b]">SWI2_IRQHandler</a> from softdevice_handler.o(i.SWI2_IRQHandler) referenced from arm_startup_nrf51.o(RESET)
 <LI><a href="#[1c]">SWI3_IRQHandler</a> from arm_startup_nrf51.o(.text) referenced from arm_startup_nrf51.o(RESET)
 <LI><a href="#[1d]">SWI4_IRQHandler</a> from arm_startup_nrf51.o(.text) referenced from arm_startup_nrf51.o(RESET)
 <LI><a href="#[1e]">SWI5_IRQHandler</a> from arm_startup_nrf51.o(.text) referenced from arm_startup_nrf51.o(RESET)
 <LI><a href="#[dc]">SearchForMobilePhonesCmdCB</a> from neul18cmdpackage.o(i.SearchForMobilePhonesCmdCB) referenced from neul18cmdpackage.o(.constdata)
 <LI><a href="#[26]">SearchHandler</a> from alarmhandler.o(i.SearchHandler) referenced from alarmhandler.o(i.AppsBoxHandler)
 <LI><a href="#[4b]">SearchingHandler</a> from alarmhandler.o(i.SearchingHandler) referenced from alarmhandler.o(i.SearchHandler)
 <LI><a href="#[c6]">SedentarinessRemindCB</a> from neul18cmdpackage.o(i.SedentarinessRemindCB) referenced from neul18cmdpackage.o(.constdata)
 <LI><a href="#[6b]">SendTouchKeyMsg</a> from touchkeytask.o(i.SendTouchKeyMsg) referenced from touchkeytask.o(i.TouchKeyInitTask)
 <LI><a href="#[eb]">SensorTest</a> from neul18cmdpackage.o(i.SensorTest) referenced from neul18cmdpackage.o(.constdata)
 <LI><a href="#[f1]">SetBC5AudioVollCB</a> from bc5cmdpackage.o(i.SetBC5AudioVollCB) referenced from bc5cmdpackage.o(.constdata)
 <LI><a href="#[ef]">SetBC5BtStateCB</a> from bc5cmdpackage.o(i.SetBC5BtStateCB) referenced from bc5cmdpackage.o(.constdata)
 <LI><a href="#[f8]">SetBC5DtmfNumberCB</a> from bc5cmdpackage.o(i.SetBC5DtmfNumberCB) referenced from bc5cmdpackage.o(.constdata)
 <LI><a href="#[f7]">SetBC5MicCB</a> from bc5cmdpackage.o(i.SetBC5MicCB) referenced from bc5cmdpackage.o(.constdata)
 <LI><a href="#[f0]">SetBC5PhoneStateCB</a> from bc5cmdpackage.o(i.SetBC5PhoneStateCB) referenced from bc5cmdpackage.o(.constdata)
 <LI><a href="#[f2]">SetBC5RingModeCB</a> from bc5cmdpackage.o(i.SetBC5RingModeCB) referenced from bc5cmdpackage.o(.constdata)
 <LI><a href="#[f3]">SetBC5StandbyCB</a> from bc5cmdpackage.o(i.SetBC5StandbyCB) referenced from bc5cmdpackage.o(.constdata)
 <LI><a href="#[f5]">SetBC5StartSiriCB</a> from bc5cmdpackage.o(i.SetBC5StartSiriCB) referenced from bc5cmdpackage.o(.constdata)
 <LI><a href="#[f4]">SetBC5StopRingToneCB</a> from bc5cmdpackage.o(i.SetBC5StopRingToneCB) referenced from bc5cmdpackage.o(.constdata)
 <LI><a href="#[f6]">SetBC5TonesCB</a> from bc5cmdpackage.o(i.SetBC5TonesCB) referenced from bc5cmdpackage.o(.constdata)
 <LI><a href="#[b0]">SetLanguageFormat</a> from neul18cmdpackage.o(i.SetLanguageFormat) referenced from neul18cmdpackage.o(.constdata)
 <LI><a href="#[c0]">SetSleepModeCB</a> from neul18cmdpackage.o(i.SetSleepModeCB) referenced from neul18cmdpackage.o(.constdata)
 <LI><a href="#[b1]">SetUnitFormat</a> from neul18cmdpackage.o(i.SetUnitFormat) referenced from neul18cmdpackage.o(.constdata)
 <LI><a href="#[29]">SettingHandler</a> from alarmhandler.o(i.SettingHandler) referenced from alarmhandler.o(i.AppsBoxHandler)
 <LI><a href="#[57]">SetupAlertHandler</a> from alarmhandler.o(i.SetupAlertHandler) referenced from standbyhandler.o(i.Standby_Handler)
 <LI><a href="#[5e]">SitRemindHandler</a> from alarmhandler.o(i.SitRemindHandler) referenced from standbyhandler.o(i.Standby_Handler)
 <LI><a href="#[83]">SleepEventHandler</a> from sleeptask.o(i.SleepEventHandler) referenced from osal.o(i.pS_OsTaskRegList)
 <LI><a href="#[84]">SleepInitTask</a> from sleeptask.o(i.SleepInitTask) referenced from osal.o(i.pS_OsTaskRegList)
 <LI><a href="#[39]">SleepMmenuHandler</a> from alarmhandler.o(i.SleepMmenuHandler) referenced from standbyhandler.o(i.LoadMenuHandler)
 <LI><a href="#[50]">SleepMonitor_Handler</a> from sleephandler.o(i.SleepMonitor_Handler) referenced from alarmhandler.o(i.SleepMmenuHandler)
 <LI><a href="#[50]">SleepMonitor_Handler</a> from sleephandler.o(i.SleepMonitor_Handler) referenced from standbyhandler.o(i.Standby_Handler)
 <LI><a href="#[52]">SleepOverview_Handler</a> from sleephandler.o(i.SleepOverview_Handler) referenced from sleephandler.o(i.SleepMonitor_Handler)
 <LI><a href="#[54]">SocialClassHandler</a> from alarmhandler.o(i.SocialClassHandler) referenced from alarmhandler.o(i.SocialClassHomeHandler)
 <LI><a href="#[42]">SocialClassHomeHandler</a> from alarmhandler.o(i.SocialClassHomeHandler) referenced from alarmhandler.o(i.NotificationBoxHandler)
 <LI><a href="#[65]">SocialHomePageHandler</a> from alarmhandler.o(i.SocialHomePageHandler) referenced from standbyhandler.o(i.Standby_Handler)
 <LI><a href="#[55]">SocialMessageHandler</a> from alarmhandler.o(i.SocialMessageHandler) referenced from alarmhandler.o(i.SocialHomePageHandler)
 <LI><a href="#[df]">SpiFlashEraseSaveFlag</a> from neul18cmdpackage.o(i.SpiFlashEraseSaveFlag) referenced from neul18cmdpackage.o(.constdata)
 <LI><a href="#[e0]">SpiFlashUpdateFontLib</a> from neul18cmdpackage.o(i.SpiFlashUpdateFontLib) referenced from neul18cmdpackage.o(.constdata)
 <LI><a href="#[36]">SportMmenuHandler</a> from alarmhandler.o(i.SportMmenuHandler) referenced from standbyhandler.o(i.LoadMenuHandler)
 <LI><a href="#[56]">SportOverviewHandler</a> from sporthandler.o(i.SportOverviewHandler) referenced from alarmhandler.o(i.SportMmenuHandler)
 <LI><a href="#[fd]">SppTransmissionCB</a> from bc5cmdpackage.o(i.SppTransmissionCB) referenced from bc5cmdpackage.o(.constdata)
 <LI><a href="#[22]">Standby_Handler</a> from standbyhandler.o(i.Standby_Handler) referenced from apphandler.o(i.AppInitTask)
 <LI><a href="#[85]">StepEventHandler</a> from steptask.o(i.StepEventHandler) referenced from osal.o(i.pS_OsTaskRegList)
 <LI><a href="#[86]">StepInitTask</a> from steptask.o(i.StepInitTask) referenced from osal.o(i.pS_OsTaskRegList)
 <LI><a href="#[5c]">Syncing_Handler</a> from sporthandler.o(i.Syncing_Handler) referenced from standbyhandler.o(i.Standby_Handler)
 <LI><a href="#[5]">SysTick_Handler</a> from arm_startup_nrf51.o(.text) referenced from arm_startup_nrf51.o(RESET)
 <LI><a href="#[20]">SystemInit</a> from system_nrf51.o(i.SystemInit) referenced from arm_startup_nrf51.o(.text)
 <LI><a href="#[11]">TEMP_IRQHandler</a> from arm_startup_nrf51.o(.text) referenced from arm_startup_nrf51.o(RESET)
 <LI><a href="#[d]">TIMER0_IRQHandler</a> from arm_startup_nrf51.o(.text) referenced from arm_startup_nrf51.o(RESET)
 <LI><a href="#[e]">TIMER1_IRQHandler</a> from nrf_drv_timer.o(i.TIMER1_IRQHandler) referenced from arm_startup_nrf51.o(RESET)
 <LI><a href="#[f]">TIMER2_IRQHandler</a> from arm_startup_nrf51.o(.text) referenced from arm_startup_nrf51.o(RESET)
 <LI><a href="#[e4]">TestFactoryMode</a> from neul18cmdpackage.o(i.TestFactoryMode) referenced from neul18cmdpackage.o(.constdata)
 <LI><a href="#[aa]">TimeOrderCmdCB</a> from neul18cmdpackage.o(i.TimeOrderCmdCB) referenced from neul18cmdpackage.o(.constdata)
 <LI><a href="#[35]">Time_Handler</a> from standbyhandler.o(i.Time_Handler) referenced from standbyhandler.o(i.LoadMenuHandler)
 <LI><a href="#[25]">TimerHandler</a> from alarmhandler.o(i.TimerHandler) referenced from alarmhandler.o(i.AppsBoxHandler)
 <LI><a href="#[81]">TouchKeyEventHandler</a> from touchkeytask.o(i.TouchKeyEventHandler) referenced from osal.o(i.pS_OsTaskRegList)
 <LI><a href="#[82]">TouchKeyInitTask</a> from touchkeytask.o(i.TouchKeyInitTask) referenced from osal.o(i.pS_OsTaskRegList)
 <LI><a href="#[ea]">TpTest</a> from neul18cmdpackage.o(i.TpTest) referenced from neul18cmdpackage.o(.constdata)
 <LI><a href="#[59]">TpTestHandler</a> from alarmhandler.o(i.TpTestHandler) referenced from standbyhandler.o(i.Standby_Handler)
 <LI><a href="#[8]">UART0_IRQHandler</a> from app_uart_fifo.o(i.UART0_IRQHandler) referenced from arm_startup_nrf51.o(RESET)
 <LI><a href="#[d1]">UpdateDeviceSwitchSettingCB</a> from neul18cmdpackage.o(i.UpdateDeviceSwitchSettingCB) referenced from neul18cmdpackage.o(.constdata)
 <LI><a href="#[58]">UpdateFontLibHandler</a> from alarmhandler.o(i.UpdateFontLibHandler) referenced from standbyhandler.o(i.Standby_Handler)
 <LI><a href="#[b3]">UpdateProgMsgCmdCB</a> from neul18cmdpackage.o(i.UpdateProgMsgCmdCB) referenced from neul18cmdpackage.o(.constdata)
 <LI><a href="#[c9]">UploadRecordWorkCmdCB</a> from neul18cmdpackage.o(i.UploadRecordWorkCmdCB) referenced from neul18cmdpackage.o(.constdata)
 <LI><a href="#[bc]">UploadSportCmdCB</a> from neul18cmdpackage.o(i.UploadSportCmdCB) referenced from neul18cmdpackage.o(.constdata)
 <LI><a href="#[b7]">UserHabitCmdCB</a> from neul18cmdpackage.o(i.UserHabitCmdCB) referenced from neul18cmdpackage.o(.constdata)
 <LI><a href="#[2b]">VirateHandler</a> from alarmhandler.o(i.VirateHandler) referenced from alarmhandler.o(i.AppsBoxHandler)
 <LI><a href="#[ae]">VolumeValueCB</a> from neul18cmdpackage.o(i.VolumeValueCB) referenced from neul18cmdpackage.o(.constdata)
 <LI><a href="#[3f]">Volume_Handler</a> from volumehandler.o(i.Volume_Handler) referenced from volumehandler.o(i.LoadVolumeHandler)
 <LI><a href="#[15]">WDT_IRQHandler</a> from arm_startup_nrf51.o(.text) referenced from arm_startup_nrf51.o(RESET)
 <LI><a href="#[ed]">WatchIDTest</a> from neul18cmdpackage.o(i.WatchIDTest) referenced from neul18cmdpackage.o(.constdata)
 <LI><a href="#[4f]">WristWakeUpHandler</a> from alarmhandler.o(i.WristWakeUpHandler) referenced from alarmhandler.o(i.SettingHandler)
 <LI><a href="#[21]">__main</a> from entry.o(.ARM.Collect$$$$00000000) referenced from arm_startup_nrf51.o(.text)
 <LI><a href="#[6c]">_sputc</a> from printfa.o(i._sputc) referenced from printfa.o(i.__0sprintf)
 <LI><a href="#[8c]">apple_notification_error_handler</a> from main.o(i.apple_notification_error_handler) referenced from main.o(i.service_init)
 <LI><a href="#[71]">ble_evt_dispatch</a> from main.o(i.ble_evt_dispatch) referenced from main.o(i.ble_stack_init)
 <LI><a href="#[78]">conn_params_error_handler</a> from main.o(i.conn_params_error_handler) referenced from main.o(i.main)
 <LI><a href="#[a3]">data_page_erase_state_run</a> from pstorage.o(i.data_page_erase_state_run) referenced from pstorage.o(.constdata)
 <LI><a href="#[a2]">data_to_swap_write_state_run</a> from pstorage.o(i.data_to_swap_write_state_run) referenced from pstorage.o(.constdata)
 <LI><a href="#[6f]">db_discover_evt_handler</a> from ble_ancs_c.o(i.db_discover_evt_handler) referenced from ble_ancs_c.o(i.ble_ancs_c_init)
 <LI><a href="#[30]">delay_msec_bma2xx</a> from bma2xx.o(i.delay_msec_bma2xx) referenced from bma2xx.o(i.Bma250E_Init)
 <LI><a href="#[76]">device_manager_evt_handler</a> from main.o(i.device_manager_evt_handler) referenced from main.o(i.device_manager_init)
 <LI><a href="#[77]">dm_pstorage_cb_handler</a> from device_manager_peripheral.o(i.dm_pstorage_cb_handler) referenced from device_manager_peripheral.o(i.dm_init)
 <LI><a href="#[9a]">gattc_context_apply</a> from device_manager_peripheral.o(i.gattc_context_apply) referenced from device_manager_peripheral.o(.constdata)
 <LI><a href="#[96]">gattc_context_load</a> from device_manager_peripheral.o(i.gattc_context_load) referenced from device_manager_peripheral.o(.constdata)
 <LI><a href="#[92]">gattc_context_store</a> from device_manager_peripheral.o(i.gattc_context_store) referenced from device_manager_peripheral.o(.constdata)
 <LI><a href="#[99]">gatts_context_apply</a> from device_manager_peripheral.o(i.gatts_context_apply) referenced from device_manager_peripheral.o(.constdata)
 <LI><a href="#[95]">gatts_context_load</a> from device_manager_peripheral.o(i.gatts_context_load) referenced from device_manager_peripheral.o(.constdata)
 <LI><a href="#[91]">gatts_context_store</a> from device_manager_peripheral.o(i.gatts_context_store) referenced from device_manager_peripheral.o(.constdata)
 <LI><a href="#[9b]">gattsc_context_apply</a> from device_manager_peripheral.o(i.gattsc_context_apply) referenced from device_manager_peripheral.o(.constdata)
 <LI><a href="#[97]">gattsc_context_load</a> from device_manager_peripheral.o(i.gattsc_context_load) referenced from device_manager_peripheral.o(.constdata)
 <LI><a href="#[93]">gattsc_context_store</a> from device_manager_peripheral.o(i.gattsc_context_store) referenced from device_manager_peripheral.o(.constdata)
 <LI><a href="#[a5]">head_restore_state_run</a> from pstorage.o(i.head_restore_state_run) referenced from pstorage.o(.constdata)
 <LI><a href="#[34]">heartRate_Handler</a> from heartratehandler.o(i.heartRate_Handler) referenced from alarmhandler.o(i.HRMmenuHandler)
 <LI><a href="#[1f]">main</a> from main.o(i.main) referenced from entry9a.o(.ARM.Collect$$$$0000000B)
 <LI><a href="#[98]">no_service_context_apply</a> from device_manager_peripheral.o(i.no_service_context_apply) referenced from device_manager_peripheral.o(.constdata)
 <LI><a href="#[94]">no_service_context_load</a> from device_manager_peripheral.o(i.no_service_context_load) referenced from device_manager_peripheral.o(.constdata)
 <LI><a href="#[90]">no_service_context_store</a> from device_manager_peripheral.o(i.no_service_context_store) referenced from device_manager_peripheral.o(.constdata)
 <LI><a href="#[8d]">nus_data_handler</a> from simplegattprofile.o(i.nus_data_handler) referenced from main.o(i.service_init)
 <LI><a href="#[6d]">on_adv_evt</a> from main.o(i.on_adv_evt) referenced from main.o(i.advertising_init)
 <LI><a href="#[8b]">on_ancs_c_evt</a> from main.o(i.on_ancs_c_evt) referenced from main.o(i.service_init)
 <LI><a href="#[75]">pstorage_store</a> from pstorage.o(i.pstorage_store) referenced from device_manager_peripheral.o(i.device_context_store)
 <LI><a href="#[75]">pstorage_store</a> from pstorage.o(i.pstorage_store) referenced from device_manager_peripheral.o(i.gatts_context_store)
 <LI><a href="#[74]">pstorage_update</a> from pstorage.o(i.pstorage_update) referenced from device_manager_peripheral.o(i.device_context_store)
 <LI><a href="#[74]">pstorage_update</a> from pstorage.o(i.pstorage_update) referenced from device_manager_peripheral.o(i.gatts_context_store)
 <LI><a href="#[6e]">pwm_ready_tick</a> from app_pwm.o(i.pwm_ready_tick) referenced from app_pwm.o(i.app_pwm_init)
 <LI><a href="#[2f]">read_burst_bma2xx</a> from bma2xx.o(i.read_burst_bma2xx) referenced from bma2xx.o(i.Bma250E_Init)
 <LI><a href="#[2e]">read_bus_bma2xx</a> from bma2xx.o(i.read_bus_bma2xx) referenced from bma2xx.o(i.Bma250E_Init)
 <LI><a href="#[8e]">softdevice_assertion_handler</a> from softdevice_handler.o(i.softdevice_assertion_handler) referenced from softdevice_handler.o(i.softdevice_handler_init)
 <LI><a href="#[8f]">spi_slave_event_handle</a> from protocol.o(i.spi_slave_event_handle) referenced from protocol.o(i.spi_init)
 <LI><a href="#[9e]">state_erase_data_page_entry_run</a> from pstorage.o(i.state_erase_data_page_entry_run) referenced from pstorage.o(.constdata)
 <LI><a href="#[a0]">state_restore_head_entry_run</a> from pstorage.o(i.state_restore_head_entry_run) referenced from pstorage.o(.constdata)
 <LI><a href="#[9f]">state_restore_tail_entry_run</a> from pstorage.o(i.state_restore_tail_entry_run) referenced from pstorage.o(.constdata)
 <LI><a href="#[9c]">state_swap_erase_entry_run</a> from pstorage.o(i.state_swap_erase_entry_run) referenced from pstorage.o(.constdata)
 <LI><a href="#[9d]">state_write_data_swap_entry_run</a> from pstorage.o(i.state_write_data_swap_entry_run) referenced from pstorage.o(.constdata)
 <LI><a href="#[73]">storage_operation_dummy_handler</a> from device_manager_peripheral.o(i.storage_operation_dummy_handler) referenced from device_manager_peripheral.o(i.device_context_store)
 <LI><a href="#[a1]">swap_erase_state_run</a> from pstorage.o(i.swap_erase_state_run) referenced from pstorage.o(.constdata)
 <LI><a href="#[72]">sys_evt_dispatch</a> from main.o(i.sys_evt_dispatch) referenced from main.o(i.ble_stack_init)
 <LI><a href="#[a4]">tail_restore_state_run</a> from pstorage.o(i.tail_restore_state_run) referenced from pstorage.o(.constdata)
 <LI><a href="#[70]">update_timeout_handler</a> from ble_conn_params.o(i.update_timeout_handler) referenced from ble_conn_params.o(i.ble_conn_params_init)
 <LI><a href="#[2d]">write_bus_bma2xx</a> from bma2xx.o(i.write_bus_bma2xx) referenced from bma2xx.o(i.Bma250E_Init)
</UL>
<P>
<H3>
Global Symbols
</H3>
<P><STRONG><a name="[21]"></a>__main</STRONG> (Thumb, 0 bytes, Stack size unknown bytes, entry.o(.ARM.Collect$$$$00000000))
<BR>[Address Reference Count : 1]<UL><LI> arm_startup_nrf51.o(.text)
</UL>
<P><STRONG><a name="[51c]"></a>_main_stk</STRONG> (Thumb, 0 bytes, Stack size unknown bytes, entry2.o(.ARM.Collect$$$$00000001))

<P><STRONG><a name="[fe]"></a>_main_scatterload</STRONG> (Thumb, 0 bytes, Stack size unknown bytes, entry5.o(.ARM.Collect$$$$00000004))
<BR><BR>[Calls]<UL><LI><a href="#[ff]">&gt;&gt;</a>&nbsp;&nbsp;&nbsp;__scatterload
</UL>

<P><STRONG><a name="[14a]"></a>__main_after_scatterload</STRONG> (Thumb, 0 bytes, Stack size unknown bytes, entry5.o(.ARM.Collect$$$$00000004))
<BR><BR>[Called By]<UL><LI><a href="#[ff]">&gt;&gt;</a>&nbsp;&nbsp;&nbsp;__scatterload
</UL>

<P><STRONG><a name="[51d]"></a>_main_clock</STRONG> (Thumb, 0 bytes, Stack size unknown bytes, entry7b.o(.ARM.Collect$$$$00000008))

<P><STRONG><a name="[51e]"></a>_main_cpp_init</STRONG> (Thumb, 0 bytes, Stack size unknown bytes, entry8b.o(.ARM.Collect$$$$0000000A))

<P><STRONG><a name="[51f]"></a>_main_init</STRONG> (Thumb, 0 bytes, Stack size unknown bytes, entry9a.o(.ARM.Collect$$$$0000000B))

<P><STRONG><a name="[520]"></a>__rt_final_cpp</STRONG> (Thumb, 0 bytes, Stack size unknown bytes, entry10a.o(.ARM.Collect$$$$0000000D))

<P><STRONG><a name="[521]"></a>__rt_final_exit</STRONG> (Thumb, 0 bytes, Stack size unknown bytes, entry11a.o(.ARM.Collect$$$$0000000F))

<P><STRONG><a name="[100]"></a>__asm___11_nrf_delay_c_532987f3__nrf_delay_us</STRONG> (Thumb, 30 bytes, Stack size 0 bytes, nrf_delay.o(.emb_text))
<BR><BR>[Calls]<UL><LI><a href="#[100]">&gt;&gt;</a>&nbsp;&nbsp;&nbsp;__asm___11_nrf_delay_c_532987f3__nrf_delay_us
</UL>
<BR>[Called By]<UL><LI><a href="#[15c]">&gt;&gt;</a>&nbsp;&nbsp;&nbsp;nrf_delay_ms
<LI><a href="#[100]">&gt;&gt;</a>&nbsp;&nbsp;&nbsp;__asm___11_nrf_delay_c_532987f3__nrf_delay_us
</UL>

<P><STRONG><a name="[101]"></a>__asm___11_app_timer_c_cd27f9c3__nrf_delay_us</STRONG> (Thumb, 30 bytes, Stack size 0 bytes, app_timer.o(.emb_text))
<BR><BR>[Calls]<UL><LI><a href="#[101]">&gt;&gt;</a>&nbsp;&nbsp;&nbsp;__asm___11_app_timer_c_cd27f9c3__nrf_delay_us
</UL>
<BR>[Called By]<UL><LI><a href="#[101]">&gt;&gt;</a>&nbsp;&nbsp;&nbsp;__asm___11_app_timer_c_cd27f9c3__nrf_delay_us
<LI><a href="#[446]">&gt;&gt;</a>&nbsp;&nbsp;&nbsp;rtc1_stop
<LI><a href="#[379]">&gt;&gt;</a>&nbsp;&nbsp;&nbsp;compare_reg_update
</UL>

<P><STRONG><a name="[102]"></a>__asm___8_HwTask_c_e0b1165f__nrf_delay_us</STRONG> (Thumb, 30 bytes, Stack size 0 bytes, hwtask.o(.emb_text))
<BR><BR>[Calls]<UL><LI><a href="#[102]">&gt;&gt;</a>&nbsp;&nbsp;&nbsp;__asm___8_HwTask_c_e0b1165f__nrf_delay_us
</UL>
<BR>[Called By]<UL><LI><a href="#[1fe]">&gt;&gt;</a>&nbsp;&nbsp;&nbsp;GPIOTE_IRQ_TOUCH_Recovery
<LI><a href="#[19b]">&gt;&gt;</a>&nbsp;&nbsp;&nbsp;CheckChargerConnectEvent
<LI><a href="#[15e]">&gt;&gt;</a>&nbsp;&nbsp;&nbsp;AdcRead
<LI><a href="#[102]">&gt;&gt;</a>&nbsp;&nbsp;&nbsp;__asm___8_HwTask_c_e0b1165f__nrf_delay_us
</UL>

<P><STRONG><a name="[103]"></a>__asm___10_protocol_c_KL17_VER__nrf_delay_us</STRONG> (Thumb, 30 bytes, Stack size 0 bytes, protocol.o(.emb_text))
<BR><BR>[Calls]<UL><LI><a href="#[103]">&gt;&gt;</a>&nbsp;&nbsp;&nbsp;__asm___10_protocol_c_KL17_VER__nrf_delay_us
</UL>
<BR>[Called By]<UL><LI><a href="#[103]">&gt;&gt;</a>&nbsp;&nbsp;&nbsp;__asm___10_protocol_c_KL17_VER__nrf_delay_us
<LI><a href="#[401]">&gt;&gt;</a>&nbsp;&nbsp;&nbsp;WaitForTimeout
</UL>

<P><STRONG><a name="[104]"></a>__asm___16_KL17CmdPackage_c_80624e7e__nrf_delay_us</STRONG> (Thumb, 30 bytes, Stack size 0 bytes, kl17cmdpackage.o(.emb_text))
<BR><BR>[Calls]<UL><LI><a href="#[104]">&gt;&gt;</a>&nbsp;&nbsp;&nbsp;__asm___16_KL17CmdPackage_c_80624e7e__nrf_delay_us
</UL>
<BR>[Called By]<UL><LI><a href="#[289]">&gt;&gt;</a>&nbsp;&nbsp;&nbsp;Spi_Send_MSG
<LI><a href="#[104]">&gt;&gt;</a>&nbsp;&nbsp;&nbsp;__asm___16_KL17CmdPackage_c_80624e7e__nrf_delay_us
</UL>

<P><STRONG><a name="[105]"></a>__asm___13_ExtSpiFlash_c_u_Delay__nrf_delay_us</STRONG> (Thumb, 30 bytes, Stack size 0 bytes, extspiflash.o(.emb_text))
<BR><BR>[Calls]<UL><LI><a href="#[105]">&gt;&gt;</a>&nbsp;&nbsp;&nbsp;__asm___13_ExtSpiFlash_c_u_Delay__nrf_delay_us
</UL>
<BR>[Called By]<UL><LI><a href="#[3c9]">&gt;&gt;</a>&nbsp;&nbsp;&nbsp;WaitForStatusRegister
<LI><a href="#[105]">&gt;&gt;</a>&nbsp;&nbsp;&nbsp;__asm___13_ExtSpiFlash_c_u_Delay__nrf_delay_us
</UL>

<P><STRONG><a name="[106]"></a>__asm___12_AS7000_I2c_c_ee77214a__nrf_delay_us</STRONG> (Thumb, 30 bytes, Stack size 0 bytes, as7000_i2c.o(.emb_text))
<BR><BR>[Calls]<UL><LI><a href="#[106]">&gt;&gt;</a>&nbsp;&nbsp;&nbsp;__asm___12_AS7000_I2c_c_ee77214a__nrf_delay_us
</UL>
<BR>[Called By]<UL><LI><a href="#[152]">&gt;&gt;</a>&nbsp;&nbsp;&nbsp;HRM_Comms_init
<LI><a href="#[106]">&gt;&gt;</a>&nbsp;&nbsp;&nbsp;__asm___12_AS7000_I2c_c_ee77214a__nrf_delay_us
</UL>

<P><STRONG><a name="[0]"></a>Reset_Handler</STRONG> (Thumb, 26 bytes, Stack size 0 bytes, arm_startup_nrf51.o(.text))
<BR>[Address Reference Count : 1]<UL><LI> arm_startup_nrf51.o(RESET)
</UL>
<P><STRONG><a name="[1]"></a>NMI_Handler</STRONG> (Thumb, 2 bytes, Stack size 0 bytes, arm_startup_nrf51.o(.text))
<BR><BR>[Calls]<UL><LI><a href="#[1]">&gt;&gt;</a>&nbsp;&nbsp;&nbsp;NMI_Handler
</UL>
<BR>[Called By]<UL><LI><a href="#[1]">&gt;&gt;</a>&nbsp;&nbsp;&nbsp;NMI_Handler
</UL>
<BR>[Address Reference Count : 1]<UL><LI> arm_startup_nrf51.o(RESET)
</UL>
<P><STRONG><a name="[2]"></a>HardFault_Handler</STRONG> (Thumb, 2 bytes, Stack size 0 bytes, arm_startup_nrf51.o(.text))
<BR><BR>[Calls]<UL><LI><a href="#[2]">&gt;&gt;</a>&nbsp;&nbsp;&nbsp;HardFault_Handler
</UL>
<BR>[Called By]<UL><LI><a href="#[2]">&gt;&gt;</a>&nbsp;&nbsp;&nbsp;HardFault_Handler
</UL>
<BR>[Address Reference Count : 1]<UL><LI> arm_startup_nrf51.o(RESET)
</UL>
<P><STRONG><a name="[3]"></a>SVC_Handler</STRONG> (Thumb, 2 bytes, Stack size 0 bytes, arm_startup_nrf51.o(.text))
<BR><BR>[Calls]<UL><LI><a href="#[3]">&gt;&gt;</a>&nbsp;&nbsp;&nbsp;SVC_Handler
</UL>
<BR>[Called By]<UL><LI><a href="#[3]">&gt;&gt;</a>&nbsp;&nbsp;&nbsp;SVC_Handler
</UL>
<BR>[Address Reference Count : 1]<UL><LI> arm_startup_nrf51.o(RESET)
</UL>
<P><STRONG><a name="[4]"></a>PendSV_Handler</STRONG> (Thumb, 2 bytes, Stack size 0 bytes, arm_startup_nrf51.o(.text))
<BR><BR>[Calls]<UL><LI><a href="#[4]">&gt;&gt;</a>&nbsp;&nbsp;&nbsp;PendSV_Handler
</UL>
<BR>[Called By]<UL><LI><a href="#[4]">&gt;&gt;</a>&nbsp;&nbsp;&nbsp;PendSV_Handler
</UL>
<BR>[Address Reference Count : 1]<UL><LI> arm_startup_nrf51.o(RESET)
</UL>
<P><STRONG><a name="[5]"></a>SysTick_Handler</STRONG> (Thumb, 2 bytes, Stack size 0 bytes, arm_startup_nrf51.o(.text))
<BR><BR>[Calls]<UL><LI><a href="#[5]">&gt;&gt;</a>&nbsp;&nbsp;&nbsp;SysTick_Handler
</UL>
<BR>[Called By]<UL><LI><a href="#[5]">&gt;&gt;</a>&nbsp;&nbsp;&nbsp;SysTick_Handler
</UL>
<BR>[Address Reference Count : 1]<UL><LI> arm_startup_nrf51.o(RESET)
</UL>
<P><STRONG><a name="[c]"></a>ADC_IRQHandler</STRONG> (Thumb, 0 bytes, Stack size 0 bytes, arm_startup_nrf51.o(.text))
<BR><BR>[Calls]<UL><LI><a href="#[c]">&gt;&gt;</a>&nbsp;&nbsp;&nbsp;ADC_IRQHandler
</UL>
<BR>[Called By]<UL><LI><a href="#[c]">&gt;&gt;</a>&nbsp;&nbsp;&nbsp;ADC_IRQHandler
</UL>
<BR>[Address Reference Count : 1]<UL><LI> arm_startup_nrf51.o(RESET)
</UL>
<P><STRONG><a name="[14]"></a>CCM_AAR_IRQHandler</STRONG> (Thumb, 0 bytes, Stack size 0 bytes, arm_startup_nrf51.o(.text))
<BR>[Address Reference Count : 1]<UL><LI> arm_startup_nrf51.o(RESET)
</UL>
<P><STRONG><a name="[13]"></a>ECB_IRQHandler</STRONG> (Thumb, 0 bytes, Stack size 0 bytes, arm_startup_nrf51.o(.text))
<BR>[Address Reference Count : 1]<UL><LI> arm_startup_nrf51.o(RESET)
</UL>
<P><STRONG><a name="[18]"></a>LPCOMP_IRQHandler</STRONG> (Thumb, 0 bytes, Stack size 0 bytes, arm_startup_nrf51.o(.text))
<BR>[Address Reference Count : 1]<UL><LI> arm_startup_nrf51.o(RESET)
</UL>
<P><STRONG><a name="[6]"></a>POWER_CLOCK_IRQHandler</STRONG> (Thumb, 0 bytes, Stack size 0 bytes, arm_startup_nrf51.o(.text))
<BR>[Address Reference Count : 1]<UL><LI> arm_startup_nrf51.o(RESET)
</UL>
<P><STRONG><a name="[17]"></a>QDEC_IRQHandler</STRONG> (Thumb, 0 bytes, Stack size 0 bytes, arm_startup_nrf51.o(.text))
<BR>[Address Reference Count : 1]<UL><LI> arm_startup_nrf51.o(RESET)
</UL>
<P><STRONG><a name="[7]"></a>RADIO_IRQHandler</STRONG> (Thumb, 0 bytes, Stack size 0 bytes, arm_startup_nrf51.o(.text))
<BR>[Address Reference Count : 1]<UL><LI> arm_startup_nrf51.o(RESET)
</UL>
<P><STRONG><a name="[12]"></a>RNG_IRQHandler</STRONG> (Thumb, 0 bytes, Stack size 0 bytes, arm_startup_nrf51.o(.text))
<BR>[Address Reference Count : 1]<UL><LI> arm_startup_nrf51.o(RESET)
</UL>
<P><STRONG><a name="[10]"></a>RTC0_IRQHandler</STRONG> (Thumb, 0 bytes, Stack size 0 bytes, arm_startup_nrf51.o(.text))
<BR>[Address Reference Count : 1]<UL><LI> arm_startup_nrf51.o(RESET)
</UL>
<P><STRONG><a name="[9]"></a>SPI0_TWI0_IRQHandler</STRONG> (Thumb, 0 bytes, Stack size 0 bytes, arm_startup_nrf51.o(.text))
<BR>[Address Reference Count : 1]<UL><LI> arm_startup_nrf51.o(RESET)
</UL>
<P><STRONG><a name="[1a]"></a>SWI1_IRQHandler</STRONG> (Thumb, 0 bytes, Stack size 0 bytes, arm_startup_nrf51.o(.text))
<BR>[Address Reference Count : 1]<UL><LI> arm_startup_nrf51.o(RESET)
</UL>
<P><STRONG><a name="[1c]"></a>SWI3_IRQHandler</STRONG> (Thumb, 0 bytes, Stack size 0 bytes, arm_startup_nrf51.o(.text))
<BR>[Address Reference Count : 1]<UL><LI> arm_startup_nrf51.o(RESET)
</UL>
<P><STRONG><a name="[1d]"></a>SWI4_IRQHandler</STRONG> (Thumb, 0 bytes, Stack size 0 bytes, arm_startup_nrf51.o(.text))
<BR>[Address Reference Count : 1]<UL><LI> arm_startup_nrf51.o(RESET)
</UL>
<P><STRONG><a name="[1e]"></a>SWI5_IRQHandler</STRONG> (Thumb, 0 bytes, Stack size 0 bytes, arm_startup_nrf51.o(.text))
<BR>[Address Reference Count : 1]<UL><LI> arm_startup_nrf51.o(RESET)
</UL>
<P><STRONG><a name="[11]"></a>TEMP_IRQHandler</STRONG> (Thumb, 0 bytes, Stack size 0 bytes, arm_startup_nrf51.o(.text))
<BR>[Address Reference Count : 1]<UL><LI> arm_startup_nrf51.o(RESET)
</UL>
<P><STRONG><a name="[d]"></a>TIMER0_IRQHandler</STRONG> (Thumb, 0 bytes, Stack size 0 bytes, arm_startup_nrf51.o(.text))
<BR>[Address Reference Count : 1]<UL><LI> arm_startup_nrf51.o(RESET)
</UL>
<P><STRONG><a name="[f]"></a>TIMER2_IRQHandler</STRONG> (Thumb, 0 bytes, Stack size 0 bytes, arm_startup_nrf51.o(.text))
<BR>[Address Reference Count : 1]<UL><LI> arm_startup_nrf51.o(RESET)
</UL>
<P><STRONG><a name="[15]"></a>WDT_IRQHandler</STRONG> (Thumb, 0 bytes, Stack size 0 bytes, arm_startup_nrf51.o(.text))
<BR>[Address Reference Count : 1]<UL><LI> arm_startup_nrf51.o(RESET)
</UL>
<P><STRONG><a name="[107]"></a>NvFlashRead</STRONG> (Thumb, 20 bytes, Stack size 16 bytes, ancssmsprofile.o(.text))
<BR><BR>[Stack]<UL><LI>Max Depth = 180<LI>Call Chain = NvFlashRead &rArr; SpiFlash_Read &rArr; Flash_Read &rArr; Spi_Send_MSG &rArr; spi_send_cmd &rArr; spi_send_package &rArr; __aeabi_idivmod &rArr; __aeabi_uidivmod
</UL>
<BR>[Calls]<UL><LI><a href="#[108]">&gt;&gt;</a>&nbsp;&nbsp;&nbsp;SpiFlash_Read
</UL>
<BR>[Called By]<UL><LI><a href="#[119]">&gt;&gt;</a>&nbsp;&nbsp;&nbsp;ResetSenderInfo
<LI><a href="#[118]">&gt;&gt;</a>&nbsp;&nbsp;&nbsp;ResetSenderID
<LI><a href="#[117]">&gt;&gt;</a>&nbsp;&nbsp;&nbsp;ResetSMSuid
<LI><a href="#[112]">&gt;&gt;</a>&nbsp;&nbsp;&nbsp;ReadAncsUid
<LI><a href="#[116]">&gt;&gt;</a>&nbsp;&nbsp;&nbsp;GetSenderInfo
<LI><a href="#[115]">&gt;&gt;</a>&nbsp;&nbsp;&nbsp;WriteSenderInfo
<LI><a href="#[110]">&gt;&gt;</a>&nbsp;&nbsp;&nbsp;WriteAncsUid
</UL>

<P><STRONG><a name="[109]"></a>NvFlashWrite</STRONG> (Thumb, 26 bytes, Stack size 16 bytes, ancssmsprofile.o(.text))
<BR><BR>[Stack]<UL><LI>Max Depth = 452<LI>Call Chain = NvFlashWrite &rArr; SpiFlash_Write &rArr; Flash_Write &rArr; Spi_Send_MSG &rArr; spi_send_cmd &rArr; spi_send_package &rArr; __aeabi_idivmod &rArr; __aeabi_uidivmod
</UL>
<BR>[Calls]<UL><LI><a href="#[10b]">&gt;&gt;</a>&nbsp;&nbsp;&nbsp;SpiFlash_Write
<LI><a href="#[10a]">&gt;&gt;</a>&nbsp;&nbsp;&nbsp;SpiFlash_4KSector_Erase
</UL>
<BR>[Called By]<UL><LI><a href="#[119]">&gt;&gt;</a>&nbsp;&nbsp;&nbsp;ResetSenderInfo
<LI><a href="#[118]">&gt;&gt;</a>&nbsp;&nbsp;&nbsp;ResetSenderID
<LI><a href="#[117]">&gt;&gt;</a>&nbsp;&nbsp;&nbsp;ResetSMSuid
<LI><a href="#[115]">&gt;&gt;</a>&nbsp;&nbsp;&nbsp;WriteSenderInfo
<LI><a href="#[110]">&gt;&gt;</a>&nbsp;&nbsp;&nbsp;WriteAncsUid
</UL>

<P><STRONG><a name="[10c]"></a>InitAncsSmsParameter</STRONG> (Thumb, 52 bytes, Stack size 24 bytes, ancssmsprofile.o(.text))
<BR><BR>[Stack]<UL><LI>Max Depth = 196<LI>Call Chain = InitAncsSmsParameter &rArr; ReadWatchId &rArr; SpiFlash_Read &rArr; Flash_Read &rArr; Spi_Send_MSG &rArr; spi_send_cmd &rArr; spi_send_package &rArr; __aeabi_idivmod &rArr; __aeabi_uidivmod
</UL>
<BR>[Calls]<UL><LI><a href="#[10f]">&gt;&gt;</a>&nbsp;&nbsp;&nbsp;VerifyWatchId
<LI><a href="#[10e]">&gt;&gt;</a>&nbsp;&nbsp;&nbsp;ReadWatchId
<LI><a href="#[10a]">&gt;&gt;</a>&nbsp;&nbsp;&nbsp;SpiFlash_4KSector_Erase
<LI><a href="#[10d]">&gt;&gt;</a>&nbsp;&nbsp;&nbsp;strncmp
</UL>
<BR>[Called By]<UL><LI><a href="#[1f]">&gt;&gt;</a>&nbsp;&nbsp;&nbsp;main
</UL>

<P><STRONG><a name="[110]"></a>WriteAncsUid</STRONG> (Thumb, 178 bytes, Stack size 264 bytes, ancssmsprofile.o(.text), UNUSED)
<BR><BR>[Calls]<UL><LI><a href="#[111]">&gt;&gt;</a>&nbsp;&nbsp;&nbsp;osal_memcpy
<LI><a href="#[109]">&gt;&gt;</a>&nbsp;&nbsp;&nbsp;NvFlashWrite
<LI><a href="#[107]">&gt;&gt;</a>&nbsp;&nbsp;&nbsp;NvFlashRead
</UL>

<P><STRONG><a name="[112]"></a>ReadAncsUid</STRONG> (Thumb, 260 bytes, Stack size 280 bytes, ancssmsprofile.o(.text))
<BR><BR>[Stack]<UL><LI>Max Depth = 460<LI>Call Chain = ReadAncsUid &rArr; NvFlashRead &rArr; SpiFlash_Read &rArr; Flash_Read &rArr; Spi_Send_MSG &rArr; spi_send_cmd &rArr; spi_send_package &rArr; __aeabi_idivmod &rArr; __aeabi_uidivmod
</UL>
<BR>[Calls]<UL><LI><a href="#[113]">&gt;&gt;</a>&nbsp;&nbsp;&nbsp;osal_stop_timerEx
<LI><a href="#[114]">&gt;&gt;</a>&nbsp;&nbsp;&nbsp;ResetBoard
<LI><a href="#[107]">&gt;&gt;</a>&nbsp;&nbsp;&nbsp;NvFlashRead
<LI><a href="#[10d]">&gt;&gt;</a>&nbsp;&nbsp;&nbsp;strncmp
</UL>
<BR>[Called By]<UL><LI><a href="#[171]">&gt;&gt;</a>&nbsp;&nbsp;&nbsp;AncsRemoveFunction
</UL>

<P><STRONG><a name="[115]"></a>WriteSenderInfo</STRONG> (Thumb, 350 bytes, Stack size 272 bytes, ancssmsprofile.o(.text), UNUSED)
<BR><BR>[Calls]<UL><LI><a href="#[111]">&gt;&gt;</a>&nbsp;&nbsp;&nbsp;osal_memcpy
<LI><a href="#[109]">&gt;&gt;</a>&nbsp;&nbsp;&nbsp;NvFlashWrite
<LI><a href="#[107]">&gt;&gt;</a>&nbsp;&nbsp;&nbsp;NvFlashRead
<LI><a href="#[10d]">&gt;&gt;</a>&nbsp;&nbsp;&nbsp;strncmp
</UL>

<P><STRONG><a name="[116]"></a>GetSenderInfo</STRONG> (Thumb, 116 bytes, Stack size 272 bytes, ancssmsprofile.o(.text))
<BR><BR>[Stack]<UL><LI>Max Depth = 452<LI>Call Chain = GetSenderInfo &rArr; NvFlashRead &rArr; SpiFlash_Read &rArr; Flash_Read &rArr; Spi_Send_MSG &rArr; spi_send_cmd &rArr; spi_send_package &rArr; __aeabi_idivmod &rArr; __aeabi_uidivmod
</UL>
<BR>[Calls]<UL><LI><a href="#[107]">&gt;&gt;</a>&nbsp;&nbsp;&nbsp;NvFlashRead
</UL>
<BR>[Called By]<UL><LI><a href="#[344]">&gt;&gt;</a>&nbsp;&nbsp;&nbsp;RemoveSMS
</UL>

<P><STRONG><a name="[117]"></a>ResetSMSuid</STRONG> (Thumb, 170 bytes, Stack size 272 bytes, ancssmsprofile.o(.text))
<BR><BR>[Stack]<UL><LI>Max Depth = 724<LI>Call Chain = ResetSMSuid &rArr; NvFlashWrite &rArr; SpiFlash_Write &rArr; Flash_Write &rArr; Spi_Send_MSG &rArr; spi_send_cmd &rArr; spi_send_package &rArr; __aeabi_idivmod &rArr; __aeabi_uidivmod
</UL>
<BR>[Calls]<UL><LI><a href="#[111]">&gt;&gt;</a>&nbsp;&nbsp;&nbsp;osal_memcpy
<LI><a href="#[109]">&gt;&gt;</a>&nbsp;&nbsp;&nbsp;NvFlashWrite
<LI><a href="#[107]">&gt;&gt;</a>&nbsp;&nbsp;&nbsp;NvFlashRead
</UL>
<BR>[Called By]<UL><LI><a href="#[344]">&gt;&gt;</a>&nbsp;&nbsp;&nbsp;RemoveSMS
</UL>

<P><STRONG><a name="[118]"></a>ResetSenderID</STRONG> (Thumb, 336 bytes, Stack size 272 bytes, ancssmsprofile.o(.text))
<BR><BR>[Stack]<UL><LI>Max Depth = 724<LI>Call Chain = ResetSenderID &rArr; NvFlashWrite &rArr; SpiFlash_Write &rArr; Flash_Write &rArr; Spi_Send_MSG &rArr; spi_send_cmd &rArr; spi_send_package &rArr; __aeabi_idivmod &rArr; __aeabi_uidivmod
</UL>
<BR>[Calls]<UL><LI><a href="#[109]">&gt;&gt;</a>&nbsp;&nbsp;&nbsp;NvFlashWrite
<LI><a href="#[107]">&gt;&gt;</a>&nbsp;&nbsp;&nbsp;NvFlashRead
</UL>
<BR>[Called By]<UL><LI><a href="#[345]">&gt;&gt;</a>&nbsp;&nbsp;&nbsp;ResetSendInfo
</UL>

<P><STRONG><a name="[119]"></a>ResetSenderInfo</STRONG> (Thumb, 170 bytes, Stack size 272 bytes, ancssmsprofile.o(.text))
<BR><BR>[Stack]<UL><LI>Max Depth = 724<LI>Call Chain = ResetSenderInfo &rArr; NvFlashWrite &rArr; SpiFlash_Write &rArr; Flash_Write &rArr; Spi_Send_MSG &rArr; spi_send_cmd &rArr; spi_send_package &rArr; __aeabi_idivmod &rArr; __aeabi_uidivmod
</UL>
<BR>[Calls]<UL><LI><a href="#[111]">&gt;&gt;</a>&nbsp;&nbsp;&nbsp;osal_memcpy
<LI><a href="#[109]">&gt;&gt;</a>&nbsp;&nbsp;&nbsp;NvFlashWrite
<LI><a href="#[107]">&gt;&gt;</a>&nbsp;&nbsp;&nbsp;NvFlashRead
</UL>
<BR>[Called By]<UL><LI><a href="#[345]">&gt;&gt;</a>&nbsp;&nbsp;&nbsp;ResetSendInfo
</UL>

<P><STRONG><a name="[372]"></a>ResetSMSOffset</STRONG> (Thumb, 20 bytes, Stack size 0 bytes, ancssmsprofile.o(.text))
<BR><BR>[Called By]<UL><LI><a href="#[41]">&gt;&gt;</a>&nbsp;&nbsp;&nbsp;SMSHandler
</UL>

<P><STRONG><a name="[36e]"></a>QuerySMSOffset</STRONG> (Thumb, 40 bytes, Stack size 0 bytes, ancssmsprofile.o(.text))
<BR><BR>[Called By]<UL><LI><a href="#[344]">&gt;&gt;</a>&nbsp;&nbsp;&nbsp;RemoveSMS
</UL>

<P><STRONG><a name="[223]"></a>vSetAutoSleepTime</STRONG> (Thumb, 10 bytes, Stack size 0 bytes, common.o(.text))
<BR><BR>[Called By]<UL><LI><a href="#[242]">&gt;&gt;</a>&nbsp;&nbsp;&nbsp;SetAutoSleepTime
<LI><a href="#[1ab]">&gt;&gt;</a>&nbsp;&nbsp;&nbsp;CleanAutoSleepFlag
</UL>

<P><STRONG><a name="[3e1]"></a>GetSteps</STRONG> (Thumb, 6 bytes, Stack size 0 bytes, common.o(.text))
<BR><BR>[Called By]<UL><LI><a href="#[85]">&gt;&gt;</a>&nbsp;&nbsp;&nbsp;StepEventHandler
</UL>

<P><STRONG><a name="[3e5]"></a>SetSteps</STRONG> (Thumb, 10 bytes, Stack size 0 bytes, common.o(.text))
<BR><BR>[Called By]<UL><LI><a href="#[29a]">&gt;&gt;</a>&nbsp;&nbsp;&nbsp;StepInit
</UL>

<P><STRONG><a name="[12a]"></a>vClearAllStat</STRONG> (Thumb, 20 bytes, Stack size 0 bytes, common.o(.text))
<BR><BR>[Called By]<UL><LI><a href="#[129]">&gt;&gt;</a>&nbsp;&nbsp;&nbsp;vStepCounterInit
<LI><a href="#[23c]">&gt;&gt;</a>&nbsp;&nbsp;&nbsp;ClearSportData
</UL>

<P><STRONG><a name="[3e2]"></a>AutoSleepMode</STRONG> (Thumb, 6 bytes, Stack size 0 bytes, sleep_monitor.o(.text))
<BR><BR>[Called By]<UL><LI><a href="#[85]">&gt;&gt;</a>&nbsp;&nbsp;&nbsp;StepEventHandler
</UL>

<P><STRONG><a name="[522]"></a>IsSleepValid</STRONG> (Thumb, 6 bytes, Stack size 0 bytes, sleep_monitor.o(.text), UNUSED)

<P><STRONG><a name="[523]"></a>SetSensitivity</STRONG> (Thumb, 20 bytes, Stack size 0 bytes, sleep_monitor.o(.text), UNUSED)

<P><STRONG><a name="[524]"></a>GetSensitivity</STRONG> (Thumb, 6 bytes, Stack size 0 bytes, sleep_monitor.o(.text), UNUSED)

<P><STRONG><a name="[3bf]"></a>GetSleepState</STRONG> (Thumb, 6 bytes, Stack size 0 bytes, sleep_monitor.o(.text))
<BR><BR>[Called By]<UL><LI><a href="#[83]">&gt;&gt;</a>&nbsp;&nbsp;&nbsp;SleepEventHandler
</UL>

<P><STRONG><a name="[525]"></a>GetSleepStatistic</STRONG> (Thumb, 44 bytes, Stack size 0 bytes, sleep_monitor.o(.text), UNUSED)

<P><STRONG><a name="[11a]"></a>GetPekingTime</STRONG> (Thumb, 14 bytes, Stack size 8 bytes, sleep_monitor.o(.text), UNUSED)
<BR><BR>[Calls]<UL><LI><a href="#[11b]">&gt;&gt;</a>&nbsp;&nbsp;&nbsp;gOS_GetUTCTime
</UL>

<P><STRONG><a name="[120]"></a>SetButtonPress</STRONG> (Thumb, 2 bytes, Stack size 0 bytes, sleep_monitor.o(.text))
<BR><BR>[Called By]<UL><LI><a href="#[83]">&gt;&gt;</a>&nbsp;&nbsp;&nbsp;SleepEventHandler
<LI><a href="#[11c]">&gt;&gt;</a>&nbsp;&nbsp;&nbsp;SleepMonitor
</UL>

<P><STRONG><a name="[11d]"></a>CalcEnergy</STRONG> (Thumb, 142 bytes, Stack size 0 bytes, sleep_monitor.o(.text))
<BR><BR>[Called By]<UL><LI><a href="#[11c]">&gt;&gt;</a>&nbsp;&nbsp;&nbsp;SleepMonitor
</UL>

<P><STRONG><a name="[11c]"></a>SleepMonitor</STRONG> (Thumb, 2344 bytes, Stack size 40 bytes, sleep_monitor.o(.text))
<BR><BR>[Stack]<UL><LI>Max Depth = 84<LI>Call Chain = SleepMonitor &rArr; gOS_GetUTCTime &rArr; osal_ConvertUTCTime &rArr; __aeabi_uidivmod
</UL>
<BR>[Calls]<UL><LI><a href="#[11b]">&gt;&gt;</a>&nbsp;&nbsp;&nbsp;gOS_GetUTCTime
<LI><a href="#[120]">&gt;&gt;</a>&nbsp;&nbsp;&nbsp;SetButtonPress
<LI><a href="#[11d]">&gt;&gt;</a>&nbsp;&nbsp;&nbsp;CalcEnergy
<LI><a href="#[11f]">&gt;&gt;</a>&nbsp;&nbsp;&nbsp;__aeabi_idivmod
<LI><a href="#[11e]">&gt;&gt;</a>&nbsp;&nbsp;&nbsp;__aeabi_uidivmod
</UL>
<BR>[Called By]<UL><LI><a href="#[83]">&gt;&gt;</a>&nbsp;&nbsp;&nbsp;SleepEventHandler
<LI><a href="#[121]">&gt;&gt;</a>&nbsp;&nbsp;&nbsp;QuitSleepMode
</UL>

<P><STRONG><a name="[121]"></a>QuitSleepMode</STRONG> (Thumb, 22 bytes, Stack size 16 bytes, sleep_monitor.o(.text))
<BR><BR>[Stack]<UL><LI>Max Depth = 100<LI>Call Chain = QuitSleepMode &rArr; SleepMonitor &rArr; gOS_GetUTCTime &rArr; osal_ConvertUTCTime &rArr; __aeabi_uidivmod
</UL>
<BR>[Calls]<UL><LI><a href="#[11c]">&gt;&gt;</a>&nbsp;&nbsp;&nbsp;SleepMonitor
</UL>
<BR>[Called By]<UL><LI><a href="#[23b]">&gt;&gt;</a>&nbsp;&nbsp;&nbsp;GotoNormalModeWhenDateTimeSetting
<LI><a href="#[238]">&gt;&gt;</a>&nbsp;&nbsp;&nbsp;GotoNormalModeWhenBond
<LI><a href="#[283]">&gt;&gt;</a>&nbsp;&nbsp;&nbsp;GotoNormalMode
</UL>

<P><STRONG><a name="[3c0]"></a>GetSleepTimeNodeSingle</STRONG> (Thumb, 162 bytes, Stack size 8 bytes, sleep_monitor.o(.text))
<BR><BR>[Stack]<UL><LI>Max Depth = 8<LI>Call Chain = GetSleepTimeNodeSingle
</UL>
<BR>[Called By]<UL><LI><a href="#[83]">&gt;&gt;</a>&nbsp;&nbsp;&nbsp;SleepEventHandler
</UL>

<P><STRONG><a name="[237]"></a>SleepMonitorInit</STRONG> (Thumb, 318 bytes, Stack size 0 bytes, sleep_monitor.o(.text))
<BR><BR>[Called By]<UL><LI><a href="#[2c5]">&gt;&gt;</a>&nbsp;&nbsp;&nbsp;GotoSleepMode
<LI><a href="#[23a]">&gt;&gt;</a>&nbsp;&nbsp;&nbsp;ClearSleepDataWhenDateTimeSetting
<LI><a href="#[236]">&gt;&gt;</a>&nbsp;&nbsp;&nbsp;ClearSleepData
</UL>

<P><STRONG><a name="[526]"></a>IsCharging</STRONG> (Thumb, 50 bytes, Stack size 0 bytes, step_counter.o(.text), UNUSED)

<P><STRONG><a name="[122]"></a>Sleep_Moniter_Judge</STRONG> (Thumb, 516 bytes, Stack size 8 bytes, step_counter.o(.text))
<BR><BR>[Stack]<UL><LI>Max Depth = 68<LI>Call Chain = Sleep_Moniter_Judge &rArr; GetTimeStamp &rArr; gOS_GetUTCTime &rArr; osal_ConvertUTCTime &rArr; __aeabi_uidivmod
</UL>
<BR>[Calls]<UL><LI><a href="#[123]">&gt;&gt;</a>&nbsp;&nbsp;&nbsp;GetTimeStamp
</UL>
<BR>[Called By]<UL><LI><a href="#[12b]">&gt;&gt;</a>&nbsp;&nbsp;&nbsp;vStepCounter_25hz
</UL>

<P><STRONG><a name="[130]"></a>AddStep</STRONG> (Thumb, 52 bytes, Stack size 0 bytes, step_counter.o(.text))
<BR><BR>[Called By]<UL><LI><a href="#[12b]">&gt;&gt;</a>&nbsp;&nbsp;&nbsp;vStepCounter_25hz
</UL>

<P><STRONG><a name="[125]"></a>ResetParamater</STRONG> (Thumb, 100 bytes, Stack size 8 bytes, step_counter.o(.text))
<BR><BR>[Stack]<UL><LI>Max Depth = 8<LI>Call Chain = ResetParamater
</UL>
<BR>[Called By]<UL><LI><a href="#[12b]">&gt;&gt;</a>&nbsp;&nbsp;&nbsp;vStepCounter_25hz
<LI><a href="#[128]">&gt;&gt;</a>&nbsp;&nbsp;&nbsp;CountStepY
<LI><a href="#[127]">&gt;&gt;</a>&nbsp;&nbsp;&nbsp;CountStepX
<LI><a href="#[124]">&gt;&gt;</a>&nbsp;&nbsp;&nbsp;CountStepRun
</UL>

<P><STRONG><a name="[12e]"></a>IsQuite</STRONG> (Thumb, 76 bytes, Stack size 0 bytes, step_counter.o(.text))
<BR><BR>[Called By]<UL><LI><a href="#[12b]">&gt;&gt;</a>&nbsp;&nbsp;&nbsp;vStepCounter_25hz
</UL>

<P><STRONG><a name="[126]"></a>CalAverGap</STRONG> (Thumb, 110 bytes, Stack size 0 bytes, step_counter.o(.text))
<BR><BR>[Called By]<UL><LI><a href="#[128]">&gt;&gt;</a>&nbsp;&nbsp;&nbsp;CountStepY
<LI><a href="#[127]">&gt;&gt;</a>&nbsp;&nbsp;&nbsp;CountStepX
<LI><a href="#[124]">&gt;&gt;</a>&nbsp;&nbsp;&nbsp;CountStepRun
</UL>

<P><STRONG><a name="[12f]"></a>SmoothAccData</STRONG> (Thumb, 550 bytes, Stack size 8 bytes, step_counter.o(.text))
<BR><BR>[Stack]<UL><LI>Max Depth = 8<LI>Call Chain = SmoothAccData
</UL>
<BR>[Called By]<UL><LI><a href="#[12b]">&gt;&gt;</a>&nbsp;&nbsp;&nbsp;vStepCounter_25hz
</UL>

<P><STRONG><a name="[124]"></a>CountStepRun</STRONG> (Thumb, 716 bytes, Stack size 16 bytes, step_counter.o(.text))
<BR><BR>[Stack]<UL><LI>Max Depth = 44<LI>Call Chain = CountStepRun &rArr; __aeabi_idivmod &rArr; __aeabi_uidivmod
</UL>
<BR>[Calls]<UL><LI><a href="#[11f]">&gt;&gt;</a>&nbsp;&nbsp;&nbsp;__aeabi_idivmod
<LI><a href="#[126]">&gt;&gt;</a>&nbsp;&nbsp;&nbsp;CalAverGap
<LI><a href="#[125]">&gt;&gt;</a>&nbsp;&nbsp;&nbsp;ResetParamater
</UL>
<BR>[Called By]<UL><LI><a href="#[12b]">&gt;&gt;</a>&nbsp;&nbsp;&nbsp;vStepCounter_25hz
</UL>

<P><STRONG><a name="[127]"></a>CountStepX</STRONG> (Thumb, 650 bytes, Stack size 16 bytes, step_counter.o(.text))
<BR><BR>[Stack]<UL><LI>Max Depth = 44<LI>Call Chain = CountStepX &rArr; __aeabi_idivmod &rArr; __aeabi_uidivmod
</UL>
<BR>[Calls]<UL><LI><a href="#[11f]">&gt;&gt;</a>&nbsp;&nbsp;&nbsp;__aeabi_idivmod
<LI><a href="#[126]">&gt;&gt;</a>&nbsp;&nbsp;&nbsp;CalAverGap
<LI><a href="#[125]">&gt;&gt;</a>&nbsp;&nbsp;&nbsp;ResetParamater
</UL>
<BR>[Called By]<UL><LI><a href="#[12b]">&gt;&gt;</a>&nbsp;&nbsp;&nbsp;vStepCounter_25hz
</UL>

<P><STRONG><a name="[128]"></a>CountStepY</STRONG> (Thumb, 796 bytes, Stack size 16 bytes, step_counter.o(.text))
<BR><BR>[Stack]<UL><LI>Max Depth = 44<LI>Call Chain = CountStepY &rArr; __aeabi_idivmod &rArr; __aeabi_uidivmod
</UL>
<BR>[Calls]<UL><LI><a href="#[11f]">&gt;&gt;</a>&nbsp;&nbsp;&nbsp;__aeabi_idivmod
<LI><a href="#[126]">&gt;&gt;</a>&nbsp;&nbsp;&nbsp;CalAverGap
<LI><a href="#[125]">&gt;&gt;</a>&nbsp;&nbsp;&nbsp;ResetParamater
</UL>
<BR>[Called By]<UL><LI><a href="#[12b]">&gt;&gt;</a>&nbsp;&nbsp;&nbsp;vStepCounter_25hz
</UL>

<P><STRONG><a name="[12c]"></a>StatData</STRONG> (Thumb, 762 bytes, Stack size 0 bytes, step_counter.o(.text))
<BR><BR>[Called By]<UL><LI><a href="#[12b]">&gt;&gt;</a>&nbsp;&nbsp;&nbsp;vStepCounter_25hz
</UL>

<P><STRONG><a name="[129]"></a>vStepCounterInit</STRONG> (Thumb, 410 bytes, Stack size 8 bytes, step_counter.o(.text))
<BR><BR>[Stack]<UL><LI>Max Depth = 8<LI>Call Chain = vStepCounterInit
</UL>
<BR>[Calls]<UL><LI><a href="#[12a]">&gt;&gt;</a>&nbsp;&nbsp;&nbsp;vClearAllStat
</UL>
<BR>[Called By]<UL><LI><a href="#[29a]">&gt;&gt;</a>&nbsp;&nbsp;&nbsp;StepInit
</UL>

<P><STRONG><a name="[12b]"></a>vStepCounter_25hz</STRONG> (Thumb, 1848 bytes, Stack size 16 bytes, step_counter.o(.text))
<BR><BR>[Stack]<UL><LI>Max Depth = 84<LI>Call Chain = vStepCounter_25hz &rArr; Sleep_Moniter_Judge &rArr; GetTimeStamp &rArr; gOS_GetUTCTime &rArr; osal_ConvertUTCTime &rArr; __aeabi_uidivmod
</UL>
<BR>[Calls]<UL><LI><a href="#[11b]">&gt;&gt;</a>&nbsp;&nbsp;&nbsp;gOS_GetUTCTime
<LI><a href="#[12c]">&gt;&gt;</a>&nbsp;&nbsp;&nbsp;StatData
<LI><a href="#[128]">&gt;&gt;</a>&nbsp;&nbsp;&nbsp;CountStepY
<LI><a href="#[127]">&gt;&gt;</a>&nbsp;&nbsp;&nbsp;CountStepX
<LI><a href="#[124]">&gt;&gt;</a>&nbsp;&nbsp;&nbsp;CountStepRun
<LI><a href="#[12f]">&gt;&gt;</a>&nbsp;&nbsp;&nbsp;SmoothAccData
<LI><a href="#[12e]">&gt;&gt;</a>&nbsp;&nbsp;&nbsp;IsQuite
<LI><a href="#[125]">&gt;&gt;</a>&nbsp;&nbsp;&nbsp;ResetParamater
<LI><a href="#[130]">&gt;&gt;</a>&nbsp;&nbsp;&nbsp;AddStep
<LI><a href="#[122]">&gt;&gt;</a>&nbsp;&nbsp;&nbsp;Sleep_Moniter_Judge
<LI><a href="#[12d]">&gt;&gt;</a>&nbsp;&nbsp;&nbsp;ResumeOriginSize
</UL>
<BR>[Called By]<UL><LI><a href="#[131]">&gt;&gt;</a>&nbsp;&nbsp;&nbsp;vStepCounter
</UL>

<P><STRONG><a name="[131]"></a>vStepCounter</STRONG> (Thumb, 148 bytes, Stack size 16 bytes, step_counter.o(.text))
<BR><BR>[Stack]<UL><LI>Max Depth = 100<LI>Call Chain = vStepCounter &rArr; vStepCounter_25hz &rArr; Sleep_Moniter_Judge &rArr; GetTimeStamp &rArr; gOS_GetUTCTime &rArr; osal_ConvertUTCTime &rArr; __aeabi_uidivmod
</UL>
<BR>[Calls]<UL><LI><a href="#[12b]">&gt;&gt;</a>&nbsp;&nbsp;&nbsp;vStepCounter_25hz
</UL>
<BR>[Called By]<UL><LI><a href="#[3e0]">&gt;&gt;</a>&nbsp;&nbsp;&nbsp;StartStepCounterWithGesture
<LI><a href="#[3dc]">&gt;&gt;</a>&nbsp;&nbsp;&nbsp;StartStepCounter
</UL>

<P><STRONG><a name="[133]"></a>vSmoothData_ALG</STRONG> (Thumb, 284 bytes, Stack size 0 bytes, gesture_recog.o(.text))
<BR><BR>[Called By]<UL><LI><a href="#[132]">&gt;&gt;</a>&nbsp;&nbsp;&nbsp;vGesture_Recog_ALG
</UL>

<P><STRONG><a name="[134]"></a>vJudgeActivity_ALG</STRONG> (Thumb, 90 bytes, Stack size 12 bytes, gesture_recog.o(.text))
<BR><BR>[Stack]<UL><LI>Max Depth = 12<LI>Call Chain = vJudgeActivity_ALG
</UL>
<BR>[Called By]<UL><LI><a href="#[132]">&gt;&gt;</a>&nbsp;&nbsp;&nbsp;vGesture_Recog_ALG
</UL>

<P><STRONG><a name="[3dd]"></a>ucGetGestureType_ALG</STRONG> (Thumb, 6 bytes, Stack size 0 bytes, gesture_recog.o(.text))
<BR><BR>[Called By]<UL><LI><a href="#[3e0]">&gt;&gt;</a>&nbsp;&nbsp;&nbsp;StartStepCounterWithGesture
<LI><a href="#[3dc]">&gt;&gt;</a>&nbsp;&nbsp;&nbsp;StartStepCounter
</UL>

<P><STRONG><a name="[3e6]"></a>vGesture_Recog_Init_ALG</STRONG> (Thumb, 426 bytes, Stack size 0 bytes, gesture_recog.o(.text))
<BR><BR>[Called By]<UL><LI><a href="#[29a]">&gt;&gt;</a>&nbsp;&nbsp;&nbsp;StepInit
</UL>

<P><STRONG><a name="[135]"></a>Pos_ucLefPsbRaiseFlag_Recog</STRONG> (Thumb, 450 bytes, Stack size 8 bytes, gesture_recog.o(.text))
<BR><BR>[Stack]<UL><LI>Max Depth = 8<LI>Call Chain = Pos_ucLefPsbRaiseFlag_Recog
</UL>
<BR>[Called By]<UL><LI><a href="#[132]">&gt;&gt;</a>&nbsp;&nbsp;&nbsp;vGesture_Recog_ALG
</UL>

<P><STRONG><a name="[136]"></a>Cons_ucRigPsbRaiseFlag_Recog</STRONG> (Thumb, 316 bytes, Stack size 8 bytes, gesture_recog.o(.text))
<BR><BR>[Stack]<UL><LI>Max Depth = 8<LI>Call Chain = Cons_ucRigPsbRaiseFlag_Recog
</UL>
<BR>[Called By]<UL><LI><a href="#[132]">&gt;&gt;</a>&nbsp;&nbsp;&nbsp;vGesture_Recog_ALG
</UL>

<P><STRONG><a name="[137]"></a>Pos_Cons_PsbTurnFlag_Recog</STRONG> (Thumb, 258 bytes, Stack size 0 bytes, gesture_recog.o(.text))
<BR><BR>[Called By]<UL><LI><a href="#[132]">&gt;&gt;</a>&nbsp;&nbsp;&nbsp;vGesture_Recog_ALG
</UL>

<P><STRONG><a name="[132]"></a>vGesture_Recog_ALG</STRONG> (Thumb, 3790 bytes, Stack size 8 bytes, gesture_recog.o(.text))
<BR><BR>[Stack]<UL><LI>Max Depth = 20<LI>Call Chain = vGesture_Recog_ALG &rArr; vJudgeActivity_ALG
</UL>
<BR>[Calls]<UL><LI><a href="#[137]">&gt;&gt;</a>&nbsp;&nbsp;&nbsp;Pos_Cons_PsbTurnFlag_Recog
<LI><a href="#[136]">&gt;&gt;</a>&nbsp;&nbsp;&nbsp;Cons_ucRigPsbRaiseFlag_Recog
<LI><a href="#[135]">&gt;&gt;</a>&nbsp;&nbsp;&nbsp;Pos_ucLefPsbRaiseFlag_Recog
<LI><a href="#[134]">&gt;&gt;</a>&nbsp;&nbsp;&nbsp;vJudgeActivity_ALG
<LI><a href="#[133]">&gt;&gt;</a>&nbsp;&nbsp;&nbsp;vSmoothData_ALG
</UL>
<BR>[Called By]<UL><LI><a href="#[3e0]">&gt;&gt;</a>&nbsp;&nbsp;&nbsp;StartStepCounterWithGesture
<LI><a href="#[3dc]">&gt;&gt;</a>&nbsp;&nbsp;&nbsp;StartStepCounter
</UL>

<P><STRONG><a name="[527]"></a>__aeabi_uidiv</STRONG> (Thumb, 0 bytes, Stack size 12 bytes, uidiv.o(.text), UNUSED)

<P><STRONG><a name="[11e]"></a>__aeabi_uidivmod</STRONG> (Thumb, 44 bytes, Stack size 12 bytes, uidiv.o(.text))
<BR><BR>[Stack]<UL><LI>Max Depth = 12<LI>Call Chain = __aeabi_uidivmod
</UL>
<BR>[Called By]<UL><LI><a href="#[77]">&gt;&gt;</a>&nbsp;&nbsp;&nbsp;dm_pstorage_cb_handler
<LI><a href="#[330]">&gt;&gt;</a>&nbsp;&nbsp;&nbsp;app_pwm_channel_duty_set
<LI><a href="#[9c]">&gt;&gt;</a>&nbsp;&nbsp;&nbsp;state_swap_erase_entry_run
<LI><a href="#[9f]">&gt;&gt;</a>&nbsp;&nbsp;&nbsp;state_restore_tail_entry_run
<LI><a href="#[50b]">&gt;&gt;</a>&nbsp;&nbsp;&nbsp;state_data_erase_swap_entry_run
<LI><a href="#[503]">&gt;&gt;</a>&nbsp;&nbsp;&nbsp;pstorage_flash_page_end
<LI><a href="#[497]">&gt;&gt;</a>&nbsp;&nbsp;&nbsp;is_page_erase_required
<LI><a href="#[a5]">&gt;&gt;</a>&nbsp;&nbsp;&nbsp;head_restore_state_run
<LI><a href="#[48e]">&gt;&gt;</a>&nbsp;&nbsp;&nbsp;clear_operation_execute
<LI><a href="#[4a0]">&gt;&gt;</a>&nbsp;&nbsp;&nbsp;pstorage_clear
<LI><a href="#[4ef]">&gt;&gt;</a>&nbsp;&nbsp;&nbsp;pS_OsClockUpdate
<LI><a href="#[3eb]">&gt;&gt;</a>&nbsp;&nbsp;&nbsp;osal_ConvertUTCTime
<LI><a href="#[1ee]">&gt;&gt;</a>&nbsp;&nbsp;&nbsp;osal_ConvertUTCSecs
<LI><a href="#[11c]">&gt;&gt;</a>&nbsp;&nbsp;&nbsp;SleepMonitor
<LI><a href="#[210]">&gt;&gt;</a>&nbsp;&nbsp;&nbsp;CheckSleepGoalOverRemind
<LI><a href="#[2c3]">&gt;&gt;</a>&nbsp;&nbsp;&nbsp;StoreSleepDataToFlash
<LI><a href="#[358]">&gt;&gt;</a>&nbsp;&nbsp;&nbsp;SaveRecordWork
<LI><a href="#[211]">&gt;&gt;</a>&nbsp;&nbsp;&nbsp;CheckSportGoalOverRemind
<LI><a href="#[2b4]">&gt;&gt;</a>&nbsp;&nbsp;&nbsp;GetSportKcal
<LI><a href="#[29e]">&gt;&gt;</a>&nbsp;&nbsp;&nbsp;GetDistance
<LI><a href="#[19c]">&gt;&gt;</a>&nbsp;&nbsp;&nbsp;BatCheck
<LI><a href="#[35a]">&gt;&gt;</a>&nbsp;&nbsp;&nbsp;RefreshTimeUIFun
<LI><a href="#[182]">&gt;&gt;</a>&nbsp;&nbsp;&nbsp;Get_Screen_Locaton
<LI><a href="#[14d]">&gt;&gt;</a>&nbsp;&nbsp;&nbsp;AS7000_GetHeartRateData
<LI><a href="#[20d]">&gt;&gt;</a>&nbsp;&nbsp;&nbsp;CheckSitRemindEvent
<LI><a href="#[1ed]">&gt;&gt;</a>&nbsp;&nbsp;&nbsp;CalcAccumulateTime
<LI><a href="#[257]">&gt;&gt;</a>&nbsp;&nbsp;&nbsp;SetGoalOverRemind
<LI><a href="#[3af]">&gt;&gt;</a>&nbsp;&nbsp;&nbsp;ShowSleepMonitor
<LI><a href="#[31f]">&gt;&gt;</a>&nbsp;&nbsp;&nbsp;ShowMusicControl
<LI><a href="#[320]">&gt;&gt;</a>&nbsp;&nbsp;&nbsp;ShowMusic
<LI><a href="#[2ad]">&gt;&gt;</a>&nbsp;&nbsp;&nbsp;GetRemindDisplay
<LI><a href="#[350]">&gt;&gt;</a>&nbsp;&nbsp;&nbsp;StopRecordWork
<LI><a href="#[4a]">&gt;&gt;</a>&nbsp;&nbsp;&nbsp;RecordWorkHandler
<LI><a href="#[49]">&gt;&gt;</a>&nbsp;&nbsp;&nbsp;RecordWorkDetailHandler
<LI><a href="#[b6]">&gt;&gt;</a>&nbsp;&nbsp;&nbsp;PersonInitCmdCB
<LI><a href="#[38d]">&gt;&gt;</a>&nbsp;&nbsp;&nbsp;SecondsTimer
<LI><a href="#[1f0]">&gt;&gt;</a>&nbsp;&nbsp;&nbsp;CalculatePercent
<LI><a href="#[1ef]">&gt;&gt;</a>&nbsp;&nbsp;&nbsp;CalclateWeeks
<LI><a href="#[407]">&gt;&gt;</a>&nbsp;&nbsp;&nbsp;_printf_core
<LI><a href="#[11f]">&gt;&gt;</a>&nbsp;&nbsp;&nbsp;__aeabi_idivmod
</UL>

<P><STRONG><a name="[528]"></a>__aeabi_idiv</STRONG> (Thumb, 0 bytes, Stack size 16 bytes, idiv.o(.text), UNUSED)

<P><STRONG><a name="[11f]"></a>__aeabi_idivmod</STRONG> (Thumb, 40 bytes, Stack size 16 bytes, idiv.o(.text))
<BR><BR>[Stack]<UL><LI>Max Depth = 28<LI>Call Chain = __aeabi_idivmod &rArr; __aeabi_uidivmod
</UL>
<BR>[Calls]<UL><LI><a href="#[11e]">&gt;&gt;</a>&nbsp;&nbsp;&nbsp;__aeabi_uidivmod
</UL>
<BR>[Called By]<UL><LI><a href="#[4ad]">&gt;&gt;</a>&nbsp;&nbsp;&nbsp;pstorage_register
<LI><a href="#[11c]">&gt;&gt;</a>&nbsp;&nbsp;&nbsp;SleepMonitor
<LI><a href="#[2e1]">&gt;&gt;</a>&nbsp;&nbsp;&nbsp;hearRate_state_check
<LI><a href="#[14d]">&gt;&gt;</a>&nbsp;&nbsp;&nbsp;AS7000_GetHeartRateData
<LI><a href="#[2a3]">&gt;&gt;</a>&nbsp;&nbsp;&nbsp;IsLeap
<LI><a href="#[2a4]">&gt;&gt;</a>&nbsp;&nbsp;&nbsp;GetYearWeekDays
<LI><a href="#[20e]">&gt;&gt;</a>&nbsp;&nbsp;&nbsp;GetMonthWeekDays
<LI><a href="#[514]">&gt;&gt;</a>&nbsp;&nbsp;&nbsp;spi_send_package
<LI><a href="#[511]">&gt;&gt;</a>&nbsp;&nbsp;&nbsp;spi_receive_package
<LI><a href="#[1ef]">&gt;&gt;</a>&nbsp;&nbsp;&nbsp;CalclateWeeks
<LI><a href="#[128]">&gt;&gt;</a>&nbsp;&nbsp;&nbsp;CountStepY
<LI><a href="#[127]">&gt;&gt;</a>&nbsp;&nbsp;&nbsp;CountStepX
<LI><a href="#[124]">&gt;&gt;</a>&nbsp;&nbsp;&nbsp;CountStepRun
</UL>

<P><STRONG><a name="[529]"></a>___aeabi_memcpy8$move</STRONG> (Thumb, 0 bytes, Stack size 8 bytes, memmovea.o(.text), UNUSED)

<P><STRONG><a name="[197]"></a>__aeabi_memcpy</STRONG> (Thumb, 64 bytes, Stack size 8 bytes, memmovea.o(.text))
<BR><BR>[Stack]<UL><LI>Max Depth = 8<LI>Call Chain = __aeabi_memcpy
</UL>
<BR>[Called By]<UL><LI><a href="#[49d]">&gt;&gt;</a>&nbsp;&nbsp;&nbsp;device_instance_allocate
<LI><a href="#[471]">&gt;&gt;</a>&nbsp;&nbsp;&nbsp;on_characteristic_discovery_rsp
<LI><a href="#[46d]">&gt;&gt;</a>&nbsp;&nbsp;&nbsp;discovery_complete_evt_trigger
<LI><a href="#[41e]">&gt;&gt;</a>&nbsp;&nbsp;&nbsp;service_data_encode
<LI><a href="#[41d]">&gt;&gt;</a>&nbsp;&nbsp;&nbsp;manuf_specific_data_encode
<LI><a href="#[4a7]">&gt;&gt;</a>&nbsp;&nbsp;&nbsp;dm_register
<LI><a href="#[472]">&gt;&gt;</a>&nbsp;&nbsp;&nbsp;dm_ble_evt_handler
<LI><a href="#[469]">&gt;&gt;</a>&nbsp;&nbsp;&nbsp;ble_conn_params_on_ble_evt
<LI><a href="#[468]">&gt;&gt;</a>&nbsp;&nbsp;&nbsp;ble_conn_params_init
<LI><a href="#[3e7]">&gt;&gt;</a>&nbsp;&nbsp;&nbsp;StoreDataInit
<LI><a href="#[36d]">&gt;&gt;</a>&nbsp;&nbsp;&nbsp;RemindsInit
<LI><a href="#[246]">&gt;&gt;</a>&nbsp;&nbsp;&nbsp;ClockEvtInit
<LI><a href="#[4a4]">&gt;&gt;</a>&nbsp;&nbsp;&nbsp;device_manager_init
<LI><a href="#[76]">&gt;&gt;</a>&nbsp;&nbsp;&nbsp;device_manager_evt_handler
<LI><a href="#[3d0]">&gt;&gt;</a>&nbsp;&nbsp;&nbsp;spi_send_cmd
<LI><a href="#[3d1]">&gt;&gt;</a>&nbsp;&nbsp;&nbsp;spi_receive_data
<LI><a href="#[4e5]">&gt;&gt;</a>&nbsp;&nbsp;&nbsp;process_ccid_command
<LI><a href="#[465]">&gt;&gt;</a>&nbsp;&nbsp;&nbsp;on_write
<LI><a href="#[489]">&gt;&gt;</a>&nbsp;&nbsp;&nbsp;pstorage_load
<LI><a href="#[89]">&gt;&gt;</a>&nbsp;&nbsp;&nbsp;ClockEventHandler
<LI><a href="#[3ea]">&gt;&gt;</a>&nbsp;&nbsp;&nbsp;StoreSleepDetailForDisplay
<LI><a href="#[2fd]">&gt;&gt;</a>&nbsp;&nbsp;&nbsp;InitSleepDetailForDisplay
<LI><a href="#[202]">&gt;&gt;</a>&nbsp;&nbsp;&nbsp;zinitix_touchinfo
<LI><a href="#[1fd]">&gt;&gt;</a>&nbsp;&nbsp;&nbsp;SaveCallerIDToBuf
<LI><a href="#[369]">&gt;&gt;</a>&nbsp;&nbsp;&nbsp;RemindsUploadAll
<LI><a href="#[5f]">&gt;&gt;</a>&nbsp;&nbsp;&nbsp;HrRemindHandler
<LI><a href="#[2e2]">&gt;&gt;</a>&nbsp;&nbsp;&nbsp;HrGetLastValueTime
<LI><a href="#[179]">&gt;&gt;</a>&nbsp;&nbsp;&nbsp;SaveAncsToBuf_ForAndroid_SmsAndCall
<LI><a href="#[17a]">&gt;&gt;</a>&nbsp;&nbsp;&nbsp;SaveAncsToBuf_ForAndroid
<LI><a href="#[2a8]">&gt;&gt;</a>&nbsp;&nbsp;&nbsp;SaveAncsToBuf
<LI><a href="#[290]">&gt;&gt;</a>&nbsp;&nbsp;&nbsp;Format_Gmail
<LI><a href="#[305]">&gt;&gt;</a>&nbsp;&nbsp;&nbsp;LCD_MainDataInterface_SetBL_Step
<LI><a href="#[337]">&gt;&gt;</a>&nbsp;&nbsp;&nbsp;PhoneDisplay
<LI><a href="#[47]">&gt;&gt;</a>&nbsp;&nbsp;&nbsp;PhoneDialInCall_Handler
<LI><a href="#[313]">&gt;&gt;</a>&nbsp;&nbsp;&nbsp;MemAlloc_CallerInfo
<LI><a href="#[2f7]">&gt;&gt;</a>&nbsp;&nbsp;&nbsp;IncomingCallNoticePhoneHandlerOutHandler
<LI><a href="#[1fa]">&gt;&gt;</a>&nbsp;&nbsp;&nbsp;CheckAndReplaceUnknownNumber
<LI><a href="#[34]">&gt;&gt;</a>&nbsp;&nbsp;&nbsp;heartRate_Handler
<LI><a href="#[3a4]">&gt;&gt;</a>&nbsp;&nbsp;&nbsp;ShowSettingApps
<LI><a href="#[3a5]">&gt;&gt;</a>&nbsp;&nbsp;&nbsp;ShowSetUp
<LI><a href="#[320]">&gt;&gt;</a>&nbsp;&nbsp;&nbsp;ShowMusic
<LI><a href="#[274]">&gt;&gt;</a>&nbsp;&nbsp;&nbsp;LCD_MainDataInterface
<LI><a href="#[2b0]">&gt;&gt;</a>&nbsp;&nbsp;&nbsp;GetRemindsEvent
<LI><a href="#[2ad]">&gt;&gt;</a>&nbsp;&nbsp;&nbsp;GetRemindDisplay
<LI><a href="#[186]">&gt;&gt;</a>&nbsp;&nbsp;&nbsp;BasicSendData
<LI><a href="#[286]">&gt;&gt;</a>&nbsp;&nbsp;&nbsp;Flash_Display_Ancs_LayOut
<LI><a href="#[334]">&gt;&gt;</a>&nbsp;&nbsp;&nbsp;SavePhoneBookToBuf
<LI><a href="#[304]">&gt;&gt;</a>&nbsp;&nbsp;&nbsp;LCD_MainDataInterface_NoDisplay
<LI><a href="#[28e]">&gt;&gt;</a>&nbsp;&nbsp;&nbsp;Flash_Write
<LI><a href="#[514]">&gt;&gt;</a>&nbsp;&nbsp;&nbsp;spi_send_package
<LI><a href="#[511]">&gt;&gt;</a>&nbsp;&nbsp;&nbsp;spi_receive_package
<LI><a href="#[18c]">&gt;&gt;</a>&nbsp;&nbsp;&nbsp;BC5_UartSendData
<LI><a href="#[367]">&gt;&gt;</a>&nbsp;&nbsp;&nbsp;RemindsEdit
<LI><a href="#[368]">&gt;&gt;</a>&nbsp;&nbsp;&nbsp;RemindsDel
<LI><a href="#[366]">&gt;&gt;</a>&nbsp;&nbsp;&nbsp;RemindsAdd
<LI><a href="#[402]">&gt;&gt;</a>&nbsp;&nbsp;&nbsp;WriteWatchIdCB
<LI><a href="#[aa]">&gt;&gt;</a>&nbsp;&nbsp;&nbsp;TimeOrderCmdCB
<LI><a href="#[36a]">&gt;&gt;</a>&nbsp;&nbsp;&nbsp;ReminderSendData
<LI><a href="#[d9]">&gt;&gt;</a>&nbsp;&nbsp;&nbsp;PayPassthroughFromApp
<LI><a href="#[da]">&gt;&gt;</a>&nbsp;&nbsp;&nbsp;MusicSettingsCmdCB
<LI><a href="#[ab]">&gt;&gt;</a>&nbsp;&nbsp;&nbsp;MenuOrderCmdCB
<LI><a href="#[a8]">&gt;&gt;</a>&nbsp;&nbsp;&nbsp;GetVersionMsgCmdCB
<LI><a href="#[dd]">&gt;&gt;</a>&nbsp;&nbsp;&nbsp;DeviceCommIDCmdCB
<LI><a href="#[a9]">&gt;&gt;</a>&nbsp;&nbsp;&nbsp;DateTimeSettingCmdCB
<LI><a href="#[40c]">&gt;&gt;</a>&nbsp;&nbsp;&nbsp;_construct_data_packet
<LI><a href="#[44f]">&gt;&gt;</a>&nbsp;&nbsp;&nbsp;bl_ping
<LI><a href="#[2b1]">&gt;&gt;</a>&nbsp;&nbsp;&nbsp;GetRemindsNote
</UL>

<P><STRONG><a name="[339]"></a>__aeabi_memcpy4</STRONG> (Thumb, 0 bytes, Stack size 8 bytes, memmovea.o(.text))
<BR><BR>[Stack]<UL><LI>Max Depth = 8<LI>Call Chain = __aeabi_memcpy4
</UL>
<BR>[Called By]<UL><LI><a href="#[91]">&gt;&gt;</a>&nbsp;&nbsp;&nbsp;gatts_context_store
<LI><a href="#[468]">&gt;&gt;</a>&nbsp;&nbsp;&nbsp;ble_conn_params_init
<LI><a href="#[422]">&gt;&gt;</a>&nbsp;&nbsp;&nbsp;ble_advertising_init
<LI><a href="#[22]">&gt;&gt;</a>&nbsp;&nbsp;&nbsp;Standby_Handler
<LI><a href="#[369]">&gt;&gt;</a>&nbsp;&nbsp;&nbsp;RemindsUploadAll
<LI><a href="#[47]">&gt;&gt;</a>&nbsp;&nbsp;&nbsp;PhoneDialInCall_Handler
</UL>

<P><STRONG><a name="[4b9]"></a>__aeabi_memmove</STRONG> (Thumb, 0 bytes, Stack size 8 bytes, memmovea.o(.text))
<BR><BR>[Stack]<UL><LI>Max Depth = 8<LI>Call Chain = __aeabi_memmove
</UL>
<BR>[Called By]<UL><LI><a href="#[479]">&gt;&gt;</a>&nbsp;&nbsp;&nbsp;hrm_encode
</UL>

<P><STRONG><a name="[52a]"></a>__aeabi_memmove4</STRONG> (Thumb, 0 bytes, Stack size 8 bytes, memmovea.o(.text), UNUSED)

<P><STRONG><a name="[52b]"></a>__aeabi_memmove8</STRONG> (Thumb, 0 bytes, Stack size 8 bytes, memmovea.o(.text), UNUSED)

<P><STRONG><a name="[139]"></a>__aeabi_memset</STRONG> (Thumb, 14 bytes, Stack size 0 bytes, memseta.o(.text))
<BR><BR>[Called By]<UL><LI><a href="#[310]">&gt;&gt;</a>&nbsp;&nbsp;&nbsp;osal_memset
<LI><a href="#[47]">&gt;&gt;</a>&nbsp;&nbsp;&nbsp;PhoneDialInCall_Handler
<LI><a href="#[34c]">&gt;&gt;</a>&nbsp;&nbsp;&nbsp;ReadAncsMsg_ToKl17_SOCIAL
<LI><a href="#[25a]">&gt;&gt;</a>&nbsp;&nbsp;&nbsp;ReadAncsMsg_ToKl17
<LI><a href="#[55]">&gt;&gt;</a>&nbsp;&nbsp;&nbsp;SocialMessageHandler
<LI><a href="#[54]">&gt;&gt;</a>&nbsp;&nbsp;&nbsp;SocialClassHandler
<LI><a href="#[41]">&gt;&gt;</a>&nbsp;&nbsp;&nbsp;SMSHandler
<LI><a href="#[40]">&gt;&gt;</a>&nbsp;&nbsp;&nbsp;MissedCallAlertHandler
<LI><a href="#[33]">&gt;&gt;</a>&nbsp;&nbsp;&nbsp;E_MailHandler
<LI><a href="#[32]">&gt;&gt;</a>&nbsp;&nbsp;&nbsp;DailyScheduleHandler
<LI><a href="#[13a]">&gt;&gt;</a>&nbsp;&nbsp;&nbsp;_memset$wrapper
[...]
<LI><a href="#[ba]">&gt;&gt;</a>&nbsp;&nbsp;&nbsp;GetSportTotalCntCB
<LI><a href="#[b9]">&gt;&gt;</a>&nbsp;&nbsp;&nbsp;GetSportModeCB
<LI><a href="#[c8]">&gt;&gt;</a>&nbsp;&nbsp;&nbsp;GetRecordWorkTotalCntCB
<LI><a href="#[c1]">&gt;&gt;</a>&nbsp;&nbsp;&nbsp;GetHeartRateTotalCntCB
<LI><a href="#[bf]">&gt;&gt;</a>&nbsp;&nbsp;&nbsp;GetDisplaySportDataCmdCB
<LI><a href="#[e7]">&gt;&gt;</a>&nbsp;&nbsp;&nbsp;GetDateTimeTest
<LI><a href="#[ad]">&gt;&gt;</a>&nbsp;&nbsp;&nbsp;GetBatValueCmdCB
<LI><a href="#[e5]">&gt;&gt;</a>&nbsp;&nbsp;&nbsp;GetBT4AddrTest
<LI><a href="#[dd]">&gt;&gt;</a>&nbsp;&nbsp;&nbsp;DeviceCommIDCmdCB
<LI><a href="#[a9]">&gt;&gt;</a>&nbsp;&nbsp;&nbsp;DateTimeSettingCmdCB
<LI><a href="#[b8]">&gt;&gt;</a>&nbsp;&nbsp;&nbsp;DailyGoalSettingCmdCB
<LI><a href="#[d5]">&gt;&gt;</a>&nbsp;&nbsp;&nbsp;BindingEndCmdCB
<LI><a href="#[d4]">&gt;&gt;</a>&nbsp;&nbsp;&nbsp;BindingBeginCmdCB
<LI><a href="#[c7]">&gt;&gt;</a>&nbsp;&nbsp;&nbsp;BaseKcalTypeCB
<LI><a href="#[ac]">&gt;&gt;</a>&nbsp;&nbsp;&nbsp;BacklightSettingCmdCB
<LI><a href="#[c4]">&gt;&gt;</a>&nbsp;&nbsp;&nbsp;AutoHeartRateCB
</UL>

<P><STRONG><a name="[189]"></a>BC5_Response</STRONG> (Thumb, 42 bytes, Stack size 16 bytes, bc5cmdpackage.o(i.BC5_Response))
<BR><BR>[Stack]<UL><LI>Max Depth = 32<LI>Call Chain = BC5_Response &rArr; UART_Send
</UL>
<BR>[Calls]<UL><LI><a href="#[18a]">&gt;&gt;</a>&nbsp;&nbsp;&nbsp;UART_Send
</UL>
<BR>[Called By]<UL><LI><a href="#[1aa]">&gt;&gt;</a>&nbsp;&nbsp;&nbsp;Bc5DataParseHandler
<LI><a href="#[fa]">&gt;&gt;</a>&nbsp;&nbsp;&nbsp;NotifyBc5PhoneInfoCB
<LI><a href="#[f9]">&gt;&gt;</a>&nbsp;&nbsp;&nbsp;NotifyBc5BtInfoCB
</UL>

<P><STRONG><a name="[18c]"></a>BC5_UartSendData</STRONG> (Thumb, 84 bytes, Stack size 56 bytes, bc5cmdpackage.o(i.BC5_UartSendData))
<BR><BR>[Stack]<UL><LI>Max Depth = 72<LI>Call Chain = BC5_UartSendData &rArr; UART_Send
</UL>
<BR>[Calls]<UL><LI><a href="#[18a]">&gt;&gt;</a>&nbsp;&nbsp;&nbsp;UART_Send
<LI><a href="#[15a]">&gt;&gt;</a>&nbsp;&nbsp;&nbsp;__aeabi_memclr4
<LI><a href="#[197]">&gt;&gt;</a>&nbsp;&nbsp;&nbsp;__aeabi_memcpy
</UL>
<BR>[Called By]<UL><LI><a href="#[191]">&gt;&gt;</a>&nbsp;&nbsp;&nbsp;BC5_SetStandbyModeCmd
<LI><a href="#[190]">&gt;&gt;</a>&nbsp;&nbsp;&nbsp;BC5_SetRingModeCmd
<LI><a href="#[18d]">&gt;&gt;</a>&nbsp;&nbsp;&nbsp;BC5_SetBtPairCmd
<LI><a href="#[194]">&gt;&gt;</a>&nbsp;&nbsp;&nbsp;BC5_SetVolumeCmd
<LI><a href="#[192]">&gt;&gt;</a>&nbsp;&nbsp;&nbsp;BC5_SetStopRingToneCmd
<LI><a href="#[18f]">&gt;&gt;</a>&nbsp;&nbsp;&nbsp;BC5_SetMicCmd
<LI><a href="#[18e]">&gt;&gt;</a>&nbsp;&nbsp;&nbsp;BC5_SetCallOpCmd
<LI><a href="#[18b]">&gt;&gt;</a>&nbsp;&nbsp;&nbsp;BC5_SendDtmfNumber
<LI><a href="#[193]">&gt;&gt;</a>&nbsp;&nbsp;&nbsp;BC5_SetTonesCmd
</UL>

<P><STRONG><a name="[401]"></a>WaitForTimeout</STRONG> (Thumb, 40 bytes, Stack size 24 bytes, protocol.o(i.WaitForTimeout))
<BR><BR>[Stack]<UL><LI>Max Depth = 24<LI>Call Chain = WaitForTimeout
</UL>
<BR>[Calls]<UL><LI><a href="#[103]">&gt;&gt;</a>&nbsp;&nbsp;&nbsp;__asm___10_protocol_c_KL17_VER__nrf_delay_us
</UL>
<BR>[Called By]<UL><LI><a href="#[3d1]">&gt;&gt;</a>&nbsp;&nbsp;&nbsp;spi_receive_data
<LI><a href="#[514]">&gt;&gt;</a>&nbsp;&nbsp;&nbsp;spi_send_package
</UL>

<P><STRONG><a name="[4cb]"></a>notify_event_message</STRONG> (Thumb, 74 bytes, Stack size 8 bytes, protocol.o(i.notify_event_message))
<BR><BR>[Stack]<UL><LI>Max Depth = 100<LI>Call Chain = notify_event_message &rArr; SendMsg &rArr; pS_OsMsgSend &rArr; pS_OsMsgEnqueuePush &rArr; pS_OsMsgDeallocate &rArr; pS_OsFree &rArr; mem_4_free &rArr; prvInsertBlockIntoFreeList
</UL>
<BR>[Calls]<UL><LI><a href="#[176]">&gt;&gt;</a>&nbsp;&nbsp;&nbsp;SendMsg
</UL>
<BR>[Called By]<UL><LI><a href="#[511]">&gt;&gt;</a>&nbsp;&nbsp;&nbsp;spi_receive_package
</UL>

<P><STRONG><a name="[511]"></a>spi_receive_package</STRONG> (Thumb, 88 bytes, Stack size 24 bytes, protocol.o(i.spi_receive_package))
<BR><BR>[Stack]<UL><LI>Max Depth = 124<LI>Call Chain = spi_receive_package &rArr; notify_event_message &rArr; SendMsg &rArr; pS_OsMsgSend &rArr; pS_OsMsgEnqueuePush &rArr; pS_OsMsgDeallocate &rArr; pS_OsFree &rArr; mem_4_free &rArr; prvInsertBlockIntoFreeList
</UL>
<BR>[Calls]<UL><LI><a href="#[4cb]">&gt;&gt;</a>&nbsp;&nbsp;&nbsp;notify_event_message
<LI><a href="#[197]">&gt;&gt;</a>&nbsp;&nbsp;&nbsp;__aeabi_memcpy
<LI><a href="#[11f]">&gt;&gt;</a>&nbsp;&nbsp;&nbsp;__aeabi_idivmod
</UL>
<BR>[Called By]<UL><LI><a href="#[8f]">&gt;&gt;</a>&nbsp;&nbsp;&nbsp;spi_slave_event_handle
</UL>

<P><STRONG><a name="[50f]"></a>spi_slave_buffers_init</STRONG> (Thumb, 18 bytes, Stack size 0 bytes, protocol.o(i.spi_slave_buffers_init))
<BR><BR>[Called By]<UL><LI><a href="#[4be]">&gt;&gt;</a>&nbsp;&nbsp;&nbsp;spi_init
<LI><a href="#[514]">&gt;&gt;</a>&nbsp;&nbsp;&nbsp;spi_send_package
</UL>

<P><STRONG><a name="[8f]"></a>spi_slave_event_handle</STRONG> (Thumb, 66 bytes, Stack size 16 bytes, protocol.o(i.spi_slave_event_handle))
<BR><BR>[Stack]<UL><LI>Max Depth = 140<LI>Call Chain = spi_slave_event_handle &rArr; spi_receive_package &rArr; notify_event_message &rArr; SendMsg &rArr; pS_OsMsgSend &rArr; pS_OsMsgEnqueuePush &rArr; pS_OsMsgDeallocate &rArr; pS_OsFree &rArr; mem_4_free &rArr; prvInsertBlockIntoFreeList
</UL>
<BR>[Calls]<UL><LI><a href="#[249]">&gt;&gt;</a>&nbsp;&nbsp;&nbsp;app_error_handler
<LI><a href="#[510]">&gt;&gt;</a>&nbsp;&nbsp;&nbsp;spi_slave_buffers_set
<LI><a href="#[511]">&gt;&gt;</a>&nbsp;&nbsp;&nbsp;spi_receive_package
</UL>
<BR>[Address Reference Count : 1]<UL><LI> protocol.o(i.spi_init)
</UL>
<P><STRONG><a name="[288]"></a>uint32_encode</STRONG> (Thumb, 18 bytes, Stack size 0 bytes, kl17cmdpackage.o(i.uint32_encode))
<BR><BR>[Called By]<UL><LI><a href="#[286]">&gt;&gt;</a>&nbsp;&nbsp;&nbsp;Flash_Display_Ancs_LayOut
<LI><a href="#[28e]">&gt;&gt;</a>&nbsp;&nbsp;&nbsp;Flash_Write
<LI><a href="#[28c]">&gt;&gt;</a>&nbsp;&nbsp;&nbsp;Flash_Read
<LI><a href="#[28b]">&gt;&gt;</a>&nbsp;&nbsp;&nbsp;Flash_Erase
</UL>

<P><STRONG><a name="[174]"></a>Ancs_crc16_Compute</STRONG> (Thumb, 48 bytes, Stack size 8 bytes, ancscrc.o(i.Ancs_crc16_Compute))
<BR><BR>[Stack]<UL><LI>Max Depth = 8<LI>Call Chain = Ancs_crc16_Compute
</UL>
<BR>[Called By]<UL><LI><a href="#[173]">&gt;&gt;</a>&nbsp;&nbsp;&nbsp;AncsSaveToFlash
</UL>

<P><STRONG><a name="[3ac]"></a>uint16_encode</STRONG> (Thumb, 10 bytes, Stack size 0 bytes, ui.o(i.uint16_encode))
<BR><BR>[Called By]<UL><LI><a href="#[3b5]">&gt;&gt;</a>&nbsp;&nbsp;&nbsp;ShowStandby
<LI><a href="#[3b4]">&gt;&gt;</a>&nbsp;&nbsp;&nbsp;ShowSportOverview
<LI><a href="#[3b2]">&gt;&gt;</a>&nbsp;&nbsp;&nbsp;ShowSleepOverviewTwo
<LI><a href="#[3b1]">&gt;&gt;</a>&nbsp;&nbsp;&nbsp;ShowSleepOverviewThree
<LI><a href="#[3b0]">&gt;&gt;</a>&nbsp;&nbsp;&nbsp;ShowSleepOverviewOne
<LI><a href="#[355]">&gt;&gt;</a>&nbsp;&nbsp;&nbsp;ShowRecordWorkoutsRUN
</UL>

<P><STRONG><a name="[35c]"></a>uint32_encode</STRONG> (Thumb, 18 bytes, Stack size 0 bytes, ui.o(i.uint32_encode))
<BR><BR>[Called By]<UL><LI><a href="#[35a]">&gt;&gt;</a>&nbsp;&nbsp;&nbsp;RefreshTimeUIFun
<LI><a href="#[3b4]">&gt;&gt;</a>&nbsp;&nbsp;&nbsp;ShowSportOverview
<LI><a href="#[34f]">&gt;&gt;</a>&nbsp;&nbsp;&nbsp;ShowRecordResult
</UL>

<P><STRONG><a name="[340]"></a>nrf_gpio_pin_clear</STRONG> (Thumb, 10 bytes, Stack size 0 bytes, extspiflash.o(i.nrf_gpio_pin_clear))
<BR><BR>[Called By]<UL><LI><a href="#[108]">&gt;&gt;</a>&nbsp;&nbsp;&nbsp;SpiFlash_Read
<LI><a href="#[10a]">&gt;&gt;</a>&nbsp;&nbsp;&nbsp;SpiFlash_4KSector_Erase
<LI><a href="#[3ca]">&gt;&gt;</a>&nbsp;&nbsp;&nbsp;SpiFlash_ChipErase
<LI><a href="#[3c8]">&gt;&gt;</a>&nbsp;&nbsp;&nbsp;WriteEnable
<LI><a href="#[3c9]">&gt;&gt;</a>&nbsp;&nbsp;&nbsp;WaitForStatusRegister
<LI><a href="#[3cd]">&gt;&gt;</a>&nbsp;&nbsp;&nbsp;UnlockGlobalBlockProtection
<LI><a href="#[3cf]">&gt;&gt;</a>&nbsp;&nbsp;&nbsp;SpiFlash_Read_TP_Firmware
<LI><a href="#[3ce]">&gt;&gt;</a>&nbsp;&nbsp;&nbsp;SpiFlash_PageWrite
<LI><a href="#[341]">&gt;&gt;</a>&nbsp;&nbsp;&nbsp;SPI_Write
<LI><a href="#[374]">&gt;&gt;</a>&nbsp;&nbsp;&nbsp;SPI_Read
<LI><a href="#[343]">&gt;&gt;</a>&nbsp;&nbsp;&nbsp;Power_Suspend
<LI><a href="#[33f]">&gt;&gt;</a>&nbsp;&nbsp;&nbsp;Power_Resume
</UL>

<P><STRONG><a name="[3cb]"></a>nrf_gpio_pin_dir_set</STRONG> (Thumb, 26 bytes, Stack size 0 bytes, extspiflash.o(i.nrf_gpio_pin_dir_set))
<BR><BR>[Called By]<UL><LI><a href="#[108]">&gt;&gt;</a>&nbsp;&nbsp;&nbsp;SpiFlash_Read
<LI><a href="#[3c9]">&gt;&gt;</a>&nbsp;&nbsp;&nbsp;WaitForStatusRegister
<LI><a href="#[3cf]">&gt;&gt;</a>&nbsp;&nbsp;&nbsp;SpiFlash_Read_TP_Firmware
<LI><a href="#[28f]">&gt;&gt;</a>&nbsp;&nbsp;&nbsp;SpiFlash_Enable_IO
<LI><a href="#[291]">&gt;&gt;</a>&nbsp;&nbsp;&nbsp;SpiFlash_Disable_IO
</UL>

<P><STRONG><a name="[342]"></a>nrf_gpio_pin_set</STRONG> (Thumb, 10 bytes, Stack size 0 bytes, extspiflash.o(i.nrf_gpio_pin_set))
<BR><BR>[Called By]<UL><LI><a href="#[108]">&gt;&gt;</a>&nbsp;&nbsp;&nbsp;SpiFlash_Read
<LI><a href="#[10a]">&gt;&gt;</a>&nbsp;&nbsp;&nbsp;SpiFlash_4KSector_Erase
<LI><a href="#[3ca]">&gt;&gt;</a>&nbsp;&nbsp;&nbsp;SpiFlash_ChipErase
<LI><a href="#[3c8]">&gt;&gt;</a>&nbsp;&nbsp;&nbsp;WriteEnable
<LI><a href="#[3c9]">&gt;&gt;</a>&nbsp;&nbsp;&nbsp;WaitForStatusRegister
<LI><a href="#[3cd]">&gt;&gt;</a>&nbsp;&nbsp;&nbsp;UnlockGlobalBlockProtection
<LI><a href="#[3cf]">&gt;&gt;</a>&nbsp;&nbsp;&nbsp;SpiFlash_Read_TP_Firmware
<LI><a href="#[3ce]">&gt;&gt;</a>&nbsp;&nbsp;&nbsp;SpiFlash_PageWrite
<LI><a href="#[28f]">&gt;&gt;</a>&nbsp;&nbsp;&nbsp;SpiFlash_Enable_IO
<LI><a href="#[341]">&gt;&gt;</a>&nbsp;&nbsp;&nbsp;SPI_Write
<LI><a href="#[374]">&gt;&gt;</a>&nbsp;&nbsp;&nbsp;SPI_Read
<LI><a href="#[343]">&gt;&gt;</a>&nbsp;&nbsp;&nbsp;Power_Suspend
<LI><a href="#[33f]">&gt;&gt;</a>&nbsp;&nbsp;&nbsp;Power_Resume
</UL>

<P><STRONG><a name="[2ed]"></a>nrf_gpio_pin_clear</STRONG> (Thumb, 10 bytes, Stack size 0 bytes, axisi2c.o(i.nrf_gpio_pin_clear))
<BR><BR>[Called By]<UL><LI><a href="#[204]">&gt;&gt;</a>&nbsp;&nbsp;&nbsp;UnlockI2c
<LI><a href="#[2f3]">&gt;&gt;</a>&nbsp;&nbsp;&nbsp;I2cStop
<LI><a href="#[2f0]">&gt;&gt;</a>&nbsp;&nbsp;&nbsp;I2cStart
<LI><a href="#[2f1]">&gt;&gt;</a>&nbsp;&nbsp;&nbsp;I2cSendByte
<LI><a href="#[2f2]">&gt;&gt;</a>&nbsp;&nbsp;&nbsp;I2cReceive
<LI><a href="#[2f4]">&gt;&gt;</a>&nbsp;&nbsp;&nbsp;I2cNoAck
<LI><a href="#[2eb]">&gt;&gt;</a>&nbsp;&nbsp;&nbsp;I2cAck
</UL>

<P><STRONG><a name="[2ec]"></a>nrf_gpio_pin_dir_set</STRONG> (Thumb, 26 bytes, Stack size 0 bytes, axisi2c.o(i.nrf_gpio_pin_dir_set))
<BR><BR>[Called By]<UL><LI><a href="#[204]">&gt;&gt;</a>&nbsp;&nbsp;&nbsp;UnlockI2c
<LI><a href="#[2f3]">&gt;&gt;</a>&nbsp;&nbsp;&nbsp;I2cStop
<LI><a href="#[2f0]">&gt;&gt;</a>&nbsp;&nbsp;&nbsp;I2cStart
<LI><a href="#[2f1]">&gt;&gt;</a>&nbsp;&nbsp;&nbsp;I2cSendByte
<LI><a href="#[2f2]">&gt;&gt;</a>&nbsp;&nbsp;&nbsp;I2cReceive
<LI><a href="#[2f4]">&gt;&gt;</a>&nbsp;&nbsp;&nbsp;I2cNoAck
<LI><a href="#[2eb]">&gt;&gt;</a>&nbsp;&nbsp;&nbsp;I2cAck
</UL>

<P><STRONG><a name="[2ee]"></a>nrf_gpio_pin_set</STRONG> (Thumb, 10 bytes, Stack size 0 bytes, axisi2c.o(i.nrf_gpio_pin_set))
<BR><BR>[Called By]<UL><LI><a href="#[204]">&gt;&gt;</a>&nbsp;&nbsp;&nbsp;UnlockI2c
<LI><a href="#[2f3]">&gt;&gt;</a>&nbsp;&nbsp;&nbsp;I2cStop
<LI><a href="#[2f0]">&gt;&gt;</a>&nbsp;&nbsp;&nbsp;I2cStart
<LI><a href="#[2f1]">&gt;&gt;</a>&nbsp;&nbsp;&nbsp;I2cSendByte
<LI><a href="#[2f2]">&gt;&gt;</a>&nbsp;&nbsp;&nbsp;I2cReceive
<LI><a href="#[2f4]">&gt;&gt;</a>&nbsp;&nbsp;&nbsp;I2cNoAck
<LI><a href="#[2eb]">&gt;&gt;</a>&nbsp;&nbsp;&nbsp;I2cAck
</UL>

<P><STRONG><a name="[252]"></a>TpInit</STRONG> (Thumb, 264 bytes, Stack size 32 bytes, cypressi2c.o(i.TpInit))
<BR><BR>[Stack]<UL><LI>Max Depth = 96<LI>Call Chain = TpInit &rArr; ZT75xx_I2cWriteREG &rArr; ZT75xx_I2cWriteDATA &rArr; C_I2cSendByte
</UL>
<BR>[Calls]<UL><LI><a href="#[293]">&gt;&gt;</a>&nbsp;&nbsp;&nbsp;ZT75xx_I2cWriteCMD
<LI><a href="#[3f3]">&gt;&gt;</a>&nbsp;&nbsp;&nbsp;ZT75xx_I2cWriteREG
<LI><a href="#[3f5]">&gt;&gt;</a>&nbsp;&nbsp;&nbsp;ZT75xx_I2cReadData
<LI><a href="#[251]">&gt;&gt;</a>&nbsp;&nbsp;&nbsp;C_DELAY_MS
<LI><a href="#[3f4]">&gt;&gt;</a>&nbsp;&nbsp;&nbsp;DELAY_US
</UL>
<BR>[Called By]<UL><LI><a href="#[21d]">&gt;&gt;</a>&nbsp;&nbsp;&nbsp;CypressI2CInit
</UL>

<P><STRONG><a name="[1e4]"></a>nrf_gpio_pin_clear</STRONG> (Thumb, 10 bytes, Stack size 0 bytes, cypressi2c.o(i.nrf_gpio_pin_clear))
<BR><BR>[Called By]<UL><LI><a href="#[21e]">&gt;&gt;</a>&nbsp;&nbsp;&nbsp;ts_upgrade_firmware
<LI><a href="#[21d]">&gt;&gt;</a>&nbsp;&nbsp;&nbsp;CypressI2CInit
<LI><a href="#[517]">&gt;&gt;</a>&nbsp;&nbsp;&nbsp;zinitix_power_control
<LI><a href="#[1ec]">&gt;&gt;</a>&nbsp;&nbsp;&nbsp;C_I2cStop
<LI><a href="#[1eb]">&gt;&gt;</a>&nbsp;&nbsp;&nbsp;C_I2cStart
<LI><a href="#[1ea]">&gt;&gt;</a>&nbsp;&nbsp;&nbsp;C_I2cSendByte
<LI><a href="#[1e8]">&gt;&gt;</a>&nbsp;&nbsp;&nbsp;C_I2cReceive
<LI><a href="#[1e7]">&gt;&gt;</a>&nbsp;&nbsp;&nbsp;C_I2cNoAck
<LI><a href="#[1e3]">&gt;&gt;</a>&nbsp;&nbsp;&nbsp;C_I2cAck
</UL>

<P><STRONG><a name="[1e9]"></a>nrf_gpio_pin_dir_set</STRONG> (Thumb, 26 bytes, Stack size 0 bytes, cypressi2c.o(i.nrf_gpio_pin_dir_set))
<BR><BR>[Called By]<UL><LI><a href="#[1ec]">&gt;&gt;</a>&nbsp;&nbsp;&nbsp;C_I2cStop
<LI><a href="#[1eb]">&gt;&gt;</a>&nbsp;&nbsp;&nbsp;C_I2cStart
<LI><a href="#[1ea]">&gt;&gt;</a>&nbsp;&nbsp;&nbsp;C_I2cSendByte
<LI><a href="#[1e8]">&gt;&gt;</a>&nbsp;&nbsp;&nbsp;C_I2cReceive
</UL>

<P><STRONG><a name="[1e5]"></a>nrf_gpio_pin_set</STRONG> (Thumb, 10 bytes, Stack size 0 bytes, cypressi2c.o(i.nrf_gpio_pin_set))
<BR><BR>[Called By]<UL><LI><a href="#[21e]">&gt;&gt;</a>&nbsp;&nbsp;&nbsp;ts_upgrade_firmware
<LI><a href="#[21d]">&gt;&gt;</a>&nbsp;&nbsp;&nbsp;CypressI2CInit
<LI><a href="#[517]">&gt;&gt;</a>&nbsp;&nbsp;&nbsp;zinitix_power_control
<LI><a href="#[1ec]">&gt;&gt;</a>&nbsp;&nbsp;&nbsp;C_I2cStop
<LI><a href="#[1eb]">&gt;&gt;</a>&nbsp;&nbsp;&nbsp;C_I2cStart
<LI><a href="#[1ea]">&gt;&gt;</a>&nbsp;&nbsp;&nbsp;C_I2cSendByte
<LI><a href="#[1e8]">&gt;&gt;</a>&nbsp;&nbsp;&nbsp;C_I2cReceive
<LI><a href="#[1e7]">&gt;&gt;</a>&nbsp;&nbsp;&nbsp;C_I2cNoAck
<LI><a href="#[1e3]">&gt;&gt;</a>&nbsp;&nbsp;&nbsp;C_I2cAck
</UL>

<P><STRONG><a name="[516]"></a>ts_power_sequence</STRONG> (Thumb, 136 bytes, Stack size 16 bytes, cypressi2c.o(i.ts_power_sequence))
<BR><BR>[Stack]<UL><LI>Max Depth = 80<LI>Call Chain = ts_power_sequence &rArr; ZT75xx_I2cWriteREG &rArr; ZT75xx_I2cWriteDATA &rArr; C_I2cSendByte
</UL>
<BR>[Calls]<UL><LI><a href="#[293]">&gt;&gt;</a>&nbsp;&nbsp;&nbsp;ZT75xx_I2cWriteCMD
<LI><a href="#[3f3]">&gt;&gt;</a>&nbsp;&nbsp;&nbsp;ZT75xx_I2cWriteREG
<LI><a href="#[3f5]">&gt;&gt;</a>&nbsp;&nbsp;&nbsp;ZT75xx_I2cReadData
<LI><a href="#[251]">&gt;&gt;</a>&nbsp;&nbsp;&nbsp;C_DELAY_MS
<LI><a href="#[3f4]">&gt;&gt;</a>&nbsp;&nbsp;&nbsp;DELAY_US
</UL>
<BR>[Called By]<UL><LI><a href="#[21e]">&gt;&gt;</a>&nbsp;&nbsp;&nbsp;ts_upgrade_firmware
</UL>

<P><STRONG><a name="[408]"></a>_calcuate_framing_crc16</STRONG> (Thumb, 32 bytes, Stack size 12 bytes, bl_private.o(i._calcuate_framing_crc16))
<BR><BR>[Stack]<UL><LI>Max Depth = 28<LI>Call Chain = _calcuate_framing_crc16 &rArr; _crc16_update
</UL>
<BR>[Calls]<UL><LI><a href="#[409]">&gt;&gt;</a>&nbsp;&nbsp;&nbsp;_crc16_update
</UL>
<BR>[Called By]<UL><LI><a href="#[40c]">&gt;&gt;</a>&nbsp;&nbsp;&nbsp;_construct_data_packet
<LI><a href="#[414]">&gt;&gt;</a>&nbsp;&nbsp;&nbsp;_read_packet_and_send_sync
<LI><a href="#[40a]">&gt;&gt;</a>&nbsp;&nbsp;&nbsp;_construct_command_packet_w2Args
</UL>

<P><STRONG><a name="[411]"></a>_read_packet</STRONG> (Thumb, 156 bytes, Stack size 40 bytes, bl_private.o(i._read_packet))
<BR><BR>[Stack]<UL><LI>Max Depth = 80<LI>Call Chain = _read_packet &rArr; uart_recv_blocking &rArr; nrf_delay_ms
</UL>
<BR>[Calls]<UL><LI><a href="#[412]">&gt;&gt;</a>&nbsp;&nbsp;&nbsp;uart_recv_blocking
<LI><a href="#[413]">&gt;&gt;</a>&nbsp;&nbsp;&nbsp;sys_delay_in_ms
</UL>
<BR>[Called By]<UL><LI><a href="#[414]">&gt;&gt;</a>&nbsp;&nbsp;&nbsp;_read_packet_and_send_sync
</UL>

<P><STRONG><a name="[2cd]"></a>nrf_gpio_pin_clear</STRONG> (Thumb, 10 bytes, Stack size 0 bytes, as7000_i2c.o(i.nrf_gpio_pin_clear))
<BR><BR>[Called By]<UL><LI><a href="#[2d4]">&gt;&gt;</a>&nbsp;&nbsp;&nbsp;HRM_I2cStop
<LI><a href="#[2d1]">&gt;&gt;</a>&nbsp;&nbsp;&nbsp;HRM_I2cStart
<LI><a href="#[2d2]">&gt;&gt;</a>&nbsp;&nbsp;&nbsp;HRM_I2cSendByte
<LI><a href="#[2d3]">&gt;&gt;</a>&nbsp;&nbsp;&nbsp;HRM_I2cReceive
<LI><a href="#[2d5]">&gt;&gt;</a>&nbsp;&nbsp;&nbsp;HRM_I2cNoAck
<LI><a href="#[2cc]">&gt;&gt;</a>&nbsp;&nbsp;&nbsp;HRM_I2cAck
</UL>

<P><STRONG><a name="[2cb]"></a>nrf_gpio_pin_dir_set</STRONG> (Thumb, 26 bytes, Stack size 0 bytes, as7000_i2c.o(i.nrf_gpio_pin_dir_set))
<BR><BR>[Called By]<UL><LI><a href="#[2d4]">&gt;&gt;</a>&nbsp;&nbsp;&nbsp;HRM_I2cStop
<LI><a href="#[2d1]">&gt;&gt;</a>&nbsp;&nbsp;&nbsp;HRM_I2cStart
<LI><a href="#[2d2]">&gt;&gt;</a>&nbsp;&nbsp;&nbsp;HRM_I2cSendByte
<LI><a href="#[2d3]">&gt;&gt;</a>&nbsp;&nbsp;&nbsp;HRM_I2cReceive
<LI><a href="#[2d5]">&gt;&gt;</a>&nbsp;&nbsp;&nbsp;HRM_I2cNoAck
<LI><a href="#[2cc]">&gt;&gt;</a>&nbsp;&nbsp;&nbsp;HRM_I2cAck
<LI><a href="#[152]">&gt;&gt;</a>&nbsp;&nbsp;&nbsp;HRM_Comms_init
</UL>

<P><STRONG><a name="[2ce]"></a>nrf_gpio_pin_set</STRONG> (Thumb, 10 bytes, Stack size 0 bytes, as7000_i2c.o(i.nrf_gpio_pin_set))
<BR><BR>[Called By]<UL><LI><a href="#[2d4]">&gt;&gt;</a>&nbsp;&nbsp;&nbsp;HRM_I2cStop
<LI><a href="#[2d1]">&gt;&gt;</a>&nbsp;&nbsp;&nbsp;HRM_I2cStart
<LI><a href="#[2d2]">&gt;&gt;</a>&nbsp;&nbsp;&nbsp;HRM_I2cSendByte
<LI><a href="#[2d3]">&gt;&gt;</a>&nbsp;&nbsp;&nbsp;HRM_I2cReceive
<LI><a href="#[2d5]">&gt;&gt;</a>&nbsp;&nbsp;&nbsp;HRM_I2cNoAck
<LI><a href="#[2cc]">&gt;&gt;</a>&nbsp;&nbsp;&nbsp;HRM_I2cAck
</UL>

<P><STRONG><a name="[12d]"></a>ResumeOriginSize</STRONG> (Thumb, 112 bytes, Stack size 8 bytes, step_counter.o(.text))
<BR><BR>[Stack]<UL><LI>Max Depth = 8<LI>Call Chain = ResumeOriginSize
</UL>
<BR>[Called By]<UL><LI><a href="#[12b]">&gt;&gt;</a>&nbsp;&nbsp;&nbsp;vStepCounter_25hz
</UL>

<P><STRONG><a name="[40d]"></a>_fp_digits</STRONG> (Thumb, 316 bytes, Stack size 56 bytes, printfa.o(i._fp_digits), UNUSED)
<BR><BR>[Calls]<UL><LI><a href="#[142]">&gt;&gt;</a>&nbsp;&nbsp;&nbsp;__aeabi_dmul
<LI><a href="#[13b]">&gt;&gt;</a>&nbsp;&nbsp;&nbsp;__aeabi_dadd
<LI><a href="#[143]">&gt;&gt;</a>&nbsp;&nbsp;&nbsp;__aeabi_ddiv
<LI><a href="#[212]">&gt;&gt;</a>&nbsp;&nbsp;&nbsp;__aeabi_cdrcmple
<LI><a href="#[149]">&gt;&gt;</a>&nbsp;&nbsp;&nbsp;__aeabi_d2ulz
<LI><a href="#[147]">&gt;&gt;</a>&nbsp;&nbsp;&nbsp;__aeabi_uldivmod
</UL>
<BR>[Called By]<UL><LI><a href="#[407]">&gt;&gt;</a>&nbsp;&nbsp;&nbsp;_printf_core
</UL>

<P><STRONG><a name="[407]"></a>_printf_core</STRONG> (Thumb, 1754 bytes, Stack size 128 bytes, printfa.o(i._printf_core), UNUSED)
<BR><BR>[Calls]<UL><LI><a href="#[40f]">&gt;&gt;</a>&nbsp;&nbsp;&nbsp;_printf_pre_padding
<LI><a href="#[410]">&gt;&gt;</a>&nbsp;&nbsp;&nbsp;_printf_post_padding
<LI><a href="#[40d]">&gt;&gt;</a>&nbsp;&nbsp;&nbsp;_fp_digits
<LI><a href="#[11e]">&gt;&gt;</a>&nbsp;&nbsp;&nbsp;__aeabi_uidivmod
<LI><a href="#[147]">&gt;&gt;</a>&nbsp;&nbsp;&nbsp;__aeabi_uldivmod
</UL>
<BR>[Called By]<UL><LI><a href="#[406]">&gt;&gt;</a>&nbsp;&nbsp;&nbsp;__0sprintf
</UL>

<P><STRONG><a name="[410]"></a>_printf_post_padding</STRONG> (Thumb, 32 bytes, Stack size 24 bytes, printfa.o(i._printf_post_padding), UNUSED)
<BR><BR>[Called By]<UL><LI><a href="#[407]">&gt;&gt;</a>&nbsp;&nbsp;&nbsp;_printf_core
</UL>

<P><STRONG><a name="[40f]"></a>_printf_pre_padding</STRONG> (Thumb, 44 bytes, Stack size 40 bytes, printfa.o(i._printf_pre_padding), UNUSED)
<BR><BR>[Called By]<UL><LI><a href="#[407]">&gt;&gt;</a>&nbsp;&nbsp;&nbsp;_printf_core
</UL>

<P><STRONG><a name="[6c]"></a>_sputc</STRONG> (Thumb, 10 bytes, Stack size 0 bytes, printfa.o(i._sputc))
<BR><BR>[Called By]<UL><LI><a href="#[406]">&gt;&gt;</a>&nbsp;&nbsp;&nbsp;__0sprintf
</UL>
<BR>[Address Reference Count : 1]<UL><LI> printfa.o(i.__0sprintf)
</UL><P>
<H3>
Undefined Global Symbols
</H3><HR></body></html>
