Product: MDK-ARM Standard 5.10
Component: ARM Compiler 5.04 update 1 (build 49)
Tool: armlink [5040049]

==============================================================================

Section Cross References

    main.o(i.advertising_init) refers to memseta.o(.text) for __aeabi_memclr4
    main.o(i.advertising_init) refers to ble_advertising.o(i.ble_advertising_init) for ble_advertising_init
    main.o(i.advertising_init) refers to app_error.o(i.app_error_handler) for app_error_handler
    main.o(i.advertising_init) refers to main.o(.data) for .data
    main.o(i.advertising_init) refers to main.o(i.on_adv_evt) for on_adv_evt
    main.o(i.apple_notification_error_handler) refers to app_error.o(i.app_error_handler) for app_error_handler
    main.o(i.assert_nrf_callback) refers to app_error.o(i.app_error_handler) for app_error_handler
    main.o(i.ble_evt_dispatch) refers to device_manager_peripheral.o(i.dm_ble_evt_handler) for dm_ble_evt_handler
    main.o(i.ble_evt_dispatch) refers to ble_db_discovery.o(i.ble_db_discovery_on_ble_evt) for ble_db_discovery_on_ble_evt
    main.o(i.ble_evt_dispatch) refers to ble_conn_params.o(i.ble_conn_params_on_ble_evt) for ble_conn_params_on_ble_evt
    main.o(i.ble_evt_dispatch) refers to ble_ancs_c.o(i.ble_ancs_c_on_ble_evt) for ble_ancs_c_on_ble_evt
    main.o(i.ble_evt_dispatch) refers to bsp_btn_ble.o(i.bsp_btn_ble_on_ble_evt) for bsp_btn_ble_on_ble_evt
    main.o(i.ble_evt_dispatch) refers to main.o(i.on_ble_evt) for on_ble_evt
    main.o(i.ble_evt_dispatch) refers to ble_advertising.o(i.ble_advertising_on_ble_evt) for ble_advertising_on_ble_evt
    main.o(i.ble_evt_dispatch) refers to main.o(.bss) for .bss
    main.o(i.ble_stack_init) refers to softdevice_handler.o(i.softdevice_handler_init) for softdevice_handler_init
    main.o(i.ble_stack_init) refers to app_error.o(i.app_error_handler) for app_error_handler
    main.o(i.ble_stack_init) refers to softdevice_handler.o(i.softdevice_ble_evt_handler_set) for softdevice_ble_evt_handler_set
    main.o(i.ble_stack_init) refers to softdevice_handler.o(i.softdevice_sys_evt_handler_set) for softdevice_sys_evt_handler_set
    main.o(i.ble_stack_init) refers to main.o(.bss) for .bss
    main.o(i.ble_stack_init) refers to main.o(i.ble_evt_dispatch) for ble_evt_dispatch
    main.o(i.ble_stack_init) refers to main.o(i.sys_evt_dispatch) for sys_evt_dispatch
    main.o(i.bsp_event_handler) refers to ble_ancs_c.o(i.ble_ancs_c_request_attrs) for ble_ancs_c_request_attrs
    main.o(i.bsp_event_handler) refers to main.o(i.sleep_mode_enter) for sleep_mode_enter
    main.o(i.bsp_event_handler) refers to app_error.o(i.app_error_handler) for app_error_handler
    main.o(i.bsp_event_handler) refers to ble_advertising.o(i.ble_advertising_restart_without_whitelist) for ble_advertising_restart_without_whitelist
    main.o(i.bsp_event_handler) refers to main.o(.data) for .data
    main.o(i.conn_params_error_handler) refers to app_error.o(i.app_error_handler) for app_error_handler
    main.o(i.device_manager_evt_handler) refers to app_error.o(i.app_error_handler) for app_error_handler
    main.o(i.device_manager_evt_handler) refers to ble_ancs_c.o(i.ble_ancs_c_on_device_manager_evt) for ble_ancs_c_on_device_manager_evt
    main.o(i.device_manager_evt_handler) refers to memcpya.o(.text) for __aeabi_memcpy
    main.o(i.device_manager_evt_handler) refers to app_timer.o(i.app_timer_start) for app_timer_start
    main.o(i.device_manager_evt_handler) refers to ble_db_discovery.o(i.ble_db_discovery_start) for ble_db_discovery_start
    main.o(i.device_manager_evt_handler) refers to main.o(.bss) for .bss
    main.o(i.device_manager_evt_handler) refers to main.o(.data) for .data
    main.o(i.device_manager_init) refers to pstorage.o(i.pstorage_init) for pstorage_init
    main.o(i.device_manager_init) refers to app_error.o(i.app_error_handler) for app_error_handler
    main.o(i.device_manager_init) refers to device_manager_peripheral.o(i.dm_init) for dm_init
    main.o(i.device_manager_init) refers to memseta.o(.text) for __aeabi_memclr
    main.o(i.device_manager_init) refers to memcpya.o(.text) for __aeabi_memcpy
    main.o(i.device_manager_init) refers to device_manager_peripheral.o(i.dm_register) for dm_register
    main.o(i.device_manager_init) refers to main.o(i.device_manager_evt_handler) for device_manager_evt_handler
    main.o(i.device_manager_init) refers to main.o(.data) for .data
    main.o(i.main) refers to app_timer.o(i.app_timer_init) for app_timer_init
    main.o(i.main) refers to app_error.o(i.app_error_handler) for app_error_handler
    main.o(i.main) refers to app_timer.o(i.app_timer_create) for app_timer_create
    main.o(i.main) refers to app_uart_fifo.o(i.app_uart_init) for app_uart_init
    main.o(i.main) refers to bsp.o(i.bsp_init) for bsp_init
    main.o(i.main) refers to bsp_btn_ble.o(i.bsp_btn_ble_init) for bsp_btn_ble_init
    main.o(i.main) refers to main.o(i.ble_stack_init) for ble_stack_init
[...]
    i.gattsc_context_apply                   0x0001f4b8   Section        0  device_manager_peripheral.o(i.gattsc_context_apply)
    gattsc_context_apply                     0x0001f4b9   Thumb Code     8  device_manager_peripheral.o(i.gattsc_context_apply)
    i.gattsc_context_load                    0x0001f4c0   Section        0  device_manager_peripheral.o(i.gattsc_context_load)
    gattsc_context_load                      0x0001f4c1   Thumb Code     8  device_manager_peripheral.o(i.gattsc_context_load)
    i.gattsc_context_store                   0x0001f4c8   Section        0  device_manager_peripheral.o(i.gattsc_context_store)
    gattsc_context_store                     0x0001f4c9   Thumb Code     8  device_manager_peripheral.o(i.gattsc_context_store)
    i.gpiote_event_handler                   0x0001f4d0   Section        0  app_button.o(i.gpiote_event_handler)
    gpiote_event_handler                     0x0001f4d1   Thumb Code    70  app_button.o(i.gpiote_event_handler)
    i.gpiote_uart_event_handler              0x0001f51c   Section        0  app_uart_fifo.o(i.gpiote_uart_event_handler)
    gpiote_uart_event_handler                0x0001f51d   Thumb Code    22  app_uart_fifo.o(i.gpiote_uart_event_handler)
    i.head_restore_state_run                 0x0001f534   Section        0  pstorage.o(i.head_restore_state_run)
    head_restore_state_run                   0x0001f535   Thumb Code   110  pstorage.o(i.head_restore_state_run)
    i.intern_softdevice_events_execute       0x0001f5ac   Section        0  softdevice_handler.o(i.intern_softdevice_events_execute)
    i.is_conn_params_ok                      0x0001f62c   Section        0  ble_conn_params.o(i.is_conn_params_ok)
    is_conn_params_ok                        0x0001f62d   Thumb Code    24  ble_conn_params.o(i.is_conn_params_ok)
    i.is_desc_discovery_reqd                 0x0001f648   Section        0  ble_db_discovery.o(i.is_desc_discovery_reqd)
    is_desc_discovery_reqd                   0x0001f649   Thumb Code    66  ble_db_discovery.o(i.is_desc_discovery_reqd)
    i.is_manual_peripheral_setup_needed      0x0001f68c   Section        0  system_nrf51.o(i.is_manual_peripheral_setup_needed)
    is_manual_peripheral_setup_needed        0x0001f68d   Thumb Code    66  system_nrf51.o(i.is_manual_peripheral_setup_needed)
    i.is_page_erase_required                 0x0001f6d4   Section        0  pstorage.o(i.is_page_erase_required)
    is_page_erase_required                   0x0001f6d5   Thumb Code    60  pstorage.o(i.is_page_erase_required)
    i.is_word_aligned                        0x0001f718   Section        0  pstorage.o(i.is_word_aligned)
    is_word_aligned                          0x0001f719   Thumb Code    12  pstorage.o(i.is_word_aligned)
    i.leds_timer_handler                     0x0001f724   Section        0  bsp.o(i.leds_timer_handler)
    leds_timer_handler                       0x0001f725   Thumb Code    18  bsp.o(i.leds_timer_handler)
    i.list_deletions_handler                 0x0001f73c   Section        0  app_timer.o(i.list_deletions_handler)
    list_deletions_handler                   0x0001f73d   Thumb Code   144  app_timer.o(i.list_deletions_handler)
    i.list_insertions_handler                0x0001f7d0   Section        0  app_timer.o(i.list_insertions_handler)
    list_insertions_handler                  0x0001f7d1   Thumb Code   230  app_timer.o(i.list_insertions_handler)
    i.main                                   0x0001f8c0   Section        0  main.o(i.main)
    i.main_state_err_busy_process            0x0001fa98   Section        0  pstorage.o(i.main_state_err_busy_process)
    main_state_err_busy_process              0x0001fa99   Thumb Code    20  pstorage.o(i.main_state_err_busy_process)
    i.manuf_specific_data_encode             0x0001fab0   Section        0  ble_advdata.o(i.manuf_specific_data_encode)
    manuf_specific_data_encode               0x0001fab1   Thumb Code   100  ble_advdata.o(i.manuf_specific_data_encode)
    i.name_encode                            0x0001fb14   Section        0  ble_advdata.o(i.name_encode)
    name_encode                              0x0001fb15   Thumb Code   106  ble_advdata.o(i.name_encode)
    i.no_service_context_apply               0x0001fb7e   Section        0  device_manager_peripheral.o(i.no_service_context_apply)
    no_service_context_apply                 0x0001fb7f   Thumb Code     4  device_manager_peripheral.o(i.no_service_context_apply)
    i.no_service_context_load                0x0001fb82   Section        0  device_manager_peripheral.o(i.no_service_context_load)
    no_service_context_load                  0x0001fb83   Thumb Code     4  device_manager_peripheral.o(i.no_service_context_load)
    i.no_service_context_store               0x0001fb86   Section        0  device_manager_peripheral.o(i.no_service_context_store)
    no_service_context_store                 0x0001fb87   Thumb Code     4  device_manager_peripheral.o(i.no_service_context_store)
    i.notif_print                            0x0001fb8c   Section        0  main.o(i.notif_print)
    notif_print                              0x0001fb8d   Thumb Code   124  main.o(i.notif_print)
    i.nrf_delay_ms                           0x0001fcbc   Section        0  nrf_delay.o(i.nrf_delay_ms)
    i.nrf_drv_common_irq_enable              0x0001fcd8   Section        0  nrf_drv_common.o(i.nrf_drv_common_irq_enable)
    i.nrf_drv_gpiote_in_event_enable         0x0001fd38   Section        0  nrf_drv_gpiote.o(i.nrf_drv_gpiote_in_event_enable)
    i.nrf_drv_gpiote_in_init                 0x0001fdd8   Section        0  nrf_drv_gpiote.o(i.nrf_drv_gpiote_in_init)
    i.nrf_drv_gpiote_in_is_set               0x0001fe6c   Section        0  nrf_drv_gpiote.o(i.nrf_drv_gpiote_in_is_set)
    i.nrf_drv_gpiote_init                    0x0001fe80   Section        0  nrf_drv_gpiote.o(i.nrf_drv_gpiote_init)
    i.nrf_drv_gpiote_is_init                 0x0001fed4   Section        0  nrf_drv_gpiote.o(i.nrf_drv_gpiote_is_init)
    i.nrf_drv_gpiote_out_init                0x0001fee4   Section        0  nrf_drv_gpiote.o(i.nrf_drv_gpiote_out_init)
    i.nrf_gpio_cfg_sense_set                 0x0001ff7c   Section        0  nrf_drv_gpiote.o(i.nrf_gpio_cfg_sense_set)
    nrf_gpio_cfg_sense_set                   0x0001ff7d   Thumb Code    26  nrf_drv_gpiote.o(i.nrf_gpio_cfg_sense_set)
    i.nrf_gpiote_event_is_set                0x0001ff9c   Section        0  nrf_drv_gpiote.o(i.nrf_gpiote_event_is_set)
    nrf_gpiote_event_is_set                  0x0001ff9d   Thumb Code    14  nrf_drv_gpiote.o(i.nrf_gpiote_event_is_set)
    i.on_adv_evt                             0x0001ffb0   Section        0  main.o(i.on_adv_evt)
    on_adv_evt                               0x0001ffb1   Thumb Code   104  main.o(i.on_adv_evt)
    i.on_ancs_c_evt                          0x0002001c   Section        0  main.o(i.on_ancs_c_evt)
    on_ancs_c_evt                            0x0002001d   Thumb Code   172  main.o(i.on_ancs_c_evt)
    i.on_ble_evt                             0x0002017c   Section        0  main.o(i.on_ble_evt)
    on_ble_evt                               0x0002017d   Thumb Code   106  main.o(i.on_ble_evt)
    i.on_characteristic_discovery_rsp        0x00020218   Section        0  ble_db_discovery.o(i.on_characteristic_discovery_rsp)
    on_characteristic_discovery_rsp          0x00020219   Thumb Code   204  ble_db_discovery.o(i.on_characteristic_discovery_rsp)
    i.on_descriptor_discovery_rsp            0x000202e4   Section        0  ble_db_discovery.o(i.on_descriptor_discovery_rsp)
    on_descriptor_discovery_rsp              0x000202e5   Thumb Code   156  ble_db_discovery.o(i.on_descriptor_discovery_rsp)
    i.on_evt_gattc_notif                     0x00020384   Section        0  ble_ancs_c.o(i.on_evt_gattc_notif)
    on_evt_gattc_notif                       0x00020385   Thumb Code    68  ble_ancs_c.o(i.on_evt_gattc_notif)
    i.on_srv_disc_completion                 0x000203cc   Section        0  ble_db_discovery.o(i.on_srv_disc_completion)
    on_srv_disc_completion                   0x000203cd   Thumb Code    84  ble_db_discovery.o(i.on_srv_disc_completion)
    i.on_uart_event                          0x00020428   Section        0  app_uart_fifo.o(i.on_uart_event)
    on_uart_event                            0x00020429   Thumb Code   118  app_uart_fifo.o(i.on_uart_event)
    i.parse_get_notif_attrs_response         0x000204b0   Section        0  ble_ancs_c.o(i.parse_get_notif_attrs_response)
    parse_get_notif_attrs_response           0x000204b1   Thumb Code   280  ble_ancs_c.o(i.parse_get_notif_attrs_response)
    i.parse_notif                            0x000205d4   Section        0  ble_ancs_c.o(i.parse_notif)
    parse_notif                              0x000205d5   Thumb Code   152  ble_ancs_c.o(i.parse_notif)
    i.peer_address_exists                    0x00020670   Section        0  ble_advertising.o(i.peer_address_exists)
    peer_address_exists                      0x00020671   Thumb Code    22  ble_advertising.o(i.peer_address_exists)
    i.peer_instance_init                     0x00020688   Section        0  device_manager_peripheral.o(i.peer_instance_init)
    peer_instance_init                       0x00020689   Thumb Code    50  device_manager_peripheral.o(i.peer_instance_init)
    i.pending_user_evts_send                 0x000206c0   Section        0  ble_db_discovery.o(i.pending_user_evts_send)
    pending_user_evts_send                   0x000206c1   Thumb Code    34  ble_db_discovery.o(i.pending_user_evts_send)
    i.pin_in_use_by_port                     0x000206ec   Section        0  nrf_drv_gpiote.o(i.pin_in_use_by_port)
    pin_in_use_by_port                       0x000206ed   Thumb Code    20  nrf_drv_gpiote.o(i.pin_in_use_by_port)
    i.pin_in_use_by_te                       0x00020704   Section        0  nrf_drv_gpiote.o(i.pin_in_use_by_te)
    pin_in_use_by_te                         0x00020705   Thumb Code    20  nrf_drv_gpiote.o(i.pin_in_use_by_te)
    i.pstorage_access_status_get             0x0002071c   Section        0  pstorage.o(i.pstorage_access_status_get)
    i.pstorage_block_identifier_get          0x00020744   Section        0  pstorage.o(i.pstorage_block_identifier_get)
    i.pstorage_clear                         0x0002079c   Section        0  pstorage.o(i.pstorage_clear)
    i.pstorage_flash_page_end                0x00020844   Section        0  pstorage.o(i.pstorage_flash_page_end)
    pstorage_flash_page_end                  0x00020845   Thumb Code    32  pstorage.o(i.pstorage_flash_page_end)
    i.pstorage_flash_page_size               0x00020868   Section        0  pstorage.o(i.pstorage_flash_page_size)
    pstorage_flash_page_size                 0x00020869   Thumb Code    10  pstorage.o(i.pstorage_flash_page_size)
    i.pstorage_init                          0x00020874   Section        0  pstorage.o(i.pstorage_init)
    i.pstorage_load                          0x000208d0   Section        0  pstorage.o(i.pstorage_load)
    i.pstorage_register                      0x0002097c   Section        0  pstorage.o(i.pstorage_register)
    i.pstorage_store                         0x00020a30   Section        0  pstorage.o(i.pstorage_store)
    i.pstorage_sys_event_handler             0x00020ac4   Section        0  pstorage.o(i.pstorage_sys_event_handler)
    i.pstorage_update                        0x00020b10   Section        0  pstorage.o(i.pstorage_update)
    i.registered_handler_get                 0x00020ba4   Section        0  ble_db_discovery.o(i.registered_handler_get)
    registered_handler_get                   0x00020ba5   Thumb Code    50  ble_db_discovery.o(i.registered_handler_get)
    i.rtc1_stop                              0x00020be0   Section        0  app_timer.o(i.rtc1_stop)
    rtc1_stop                                0x00020be1   Thumb Code    50  app_timer.o(i.rtc1_stop)
    i.sec_req_timeout_handler                0x00020c24   Section        0  main.o(i.sec_req_timeout_handler)
    sec_req_timeout_handler                  0x00020c25   Thumb Code    64  main.o(i.sec_req_timeout_handler)
    i.service_data_encode                    0x00020c6c   Section        0  ble_advdata.o(i.service_data_encode)
    service_data_encode                      0x00020c6d   Thumb Code   124  ble_advdata.o(i.service_data_encode)
    i.service_init                           0x00020ce8   Section        0  main.o(i.service_init)
    service_init                             0x00020ce9   Thumb Code   280  main.o(i.service_init)
    i.sleep_mode_enter                       0x00020e20   Section        0  main.o(i.sleep_mode_enter)
    sleep_mode_enter                         0x00020e21   Thumb Code    52  main.o(i.sleep_mode_enter)
    i.sm_state_change                        0x00020e54   Section        0  pstorage.o(i.sm_state_change)
    sm_state_change                          0x00020e55   Thumb Code    62  pstorage.o(i.sm_state_change)
    i.softdevice_assertion_handler           0x00020e9c   Section        0  softdevice_handler.o(i.softdevice_assertion_handler)
    i.softdevice_ble_evt_handler_set         0x00020ea8   Section        0  softdevice_handler.o(i.softdevice_ble_evt_handler_set)
    i.softdevice_handler_init                0x00020ebc   Section        0  softdevice_handler.o(i.softdevice_handler_init)
    i.softdevice_sys_evt_handler_set         0x00020eec   Section        0  softdevice_handler.o(i.softdevice_sys_evt_handler_set)
    i.state_data_erase_swap_entry_run        0x00020f00   Section        0  pstorage.o(i.state_data_erase_swap_entry_run)
    state_data_erase_swap_entry_run          0x00020f01   Thumb Code    92  pstorage.o(i.state_data_erase_swap_entry_run)
    i.state_erase_data_page_entry_run        0x00020f64   Section        0  pstorage.o(i.state_erase_data_page_entry_run)
    state_erase_data_page_entry_run          0x00020f65   Thumb Code    12  pstorage.o(i.state_erase_data_page_entry_run)
    i.state_restore_head_entry_run           0x00020f74   Section        0  pstorage.o(i.state_restore_head_entry_run)
    state_restore_head_entry_run             0x00020f75   Thumb Code    36  pstorage.o(i.state_restore_head_entry_run)
    i.state_restore_tail_entry_run           0x00020f9c   Section        0  pstorage.o(i.state_restore_tail_entry_run)
    state_restore_tail_entry_run             0x00020f9d   Thumb Code    66  pstorage.o(i.state_restore_tail_entry_run)
    i.state_swap_erase_entry_run             0x00020fe8   Section        0  pstorage.o(i.state_swap_erase_entry_run)
    state_swap_erase_entry_run               0x00020fe9   Thumb Code    32  pstorage.o(i.state_swap_erase_entry_run)
    i.state_write_data_swap_entry_run        0x00021008   Section        0  pstorage.o(i.state_write_data_swap_entry_run)
    state_write_data_swap_entry_run          0x00021009   Thumb Code    42  pstorage.o(i.state_write_data_swap_entry_run)
    i.storage_operation_dummy_handler        0x00021038   Section        0  device_manager_peripheral.o(i.storage_operation_dummy_handler)
    storage_operation_dummy_handler          0x00021039   Thumb Code     4  device_manager_peripheral.o(i.storage_operation_dummy_handler)
    i.store_cmd_flash_write_execute          0x0002103c   Section        0  pstorage.o(i.store_cmd_flash_write_execute)
    store_cmd_flash_write_execute            0x0002103d   Thumb Code    82  pstorage.o(i.store_cmd_flash_write_execute)
    i.swap_erase_state_run                   0x00021098   Section        0  pstorage.o(i.swap_erase_state_run)
    swap_erase_state_run                     0x00021099   Thumb Code    24  pstorage.o(i.swap_erase_state_run)
    i.swap_sub_state_err_busy_process        0x000210b4   Section        0  pstorage.o(i.swap_sub_state_err_busy_process)
    swap_sub_state_err_busy_process          0x000210b5   Thumb Code    20  pstorage.o(i.swap_sub_state_err_busy_process)
    i.swap_sub_state_state_change            0x000210cc   Section        0  pstorage.o(i.swap_sub_state_state_change)
    swap_sub_state_state_change              0x000210cd   Thumb Code    12  pstorage.o(i.swap_sub_state_state_change)
    i.sys_evt_dispatch                       0x000210e0   Section        0  main.o(i.sys_evt_dispatch)
    sys_evt_dispatch                         0x000210e1   Thumb Code    16  main.o(i.sys_evt_dispatch)
    i.tail_restore_state_run                 0x000210f0   Section        0  pstorage.o(i.tail_restore_state_run)
    tail_restore_state_run                   0x000210f1   Thumb Code    22  pstorage.o(i.tail_restore_state_run)
    i.timer_list_handler_sched               0x0002110c   Section        0  app_timer.o(i.timer_list_handler_sched)
    timer_list_handler_sched                 0x0002110d   Thumb Code    10  app_timer.o(i.timer_list_handler_sched)
    i.timer_list_insert                      0x0002111c   Section        0  app_timer.o(i.timer_list_insert)
    timer_list_insert                        0x0002111d   Thumb Code    94  app_timer.o(i.timer_list_insert)
    i.timer_list_remove                      0x00021180   Section        0  app_timer.o(i.timer_list_remove)
    timer_list_remove                        0x00021181   Thumb Code   104  app_timer.o(i.timer_list_remove)
    i.timer_timeouts_check                   0x000211f0   Section        0  app_timer.o(i.timer_timeouts_check)
    timer_timeouts_check                     0x000211f1   Thumb Code   120  app_timer.o(i.timer_timeouts_check)
    i.tx_buffer_process                      0x00021270   Section        0  ble_ancs_c.o(i.tx_buffer_process)
    tx_buffer_process                        0x00021271   Thumb Code    58  ble_ancs_c.o(i.tx_buffer_process)
    i.uart_error_handle                      0x000212b4   Section        0  main.o(i.uart_error_handle)
    i.uint16_encode                          0x000212cc   Section        0  ble_advdata.o(i.uint16_encode)
    uint16_encode                            0x000212cd   Thumb Code    10  ble_advdata.o(i.uint16_encode)
    i.uint32_decode                          0x000212d6   Section        0  ble_ancs_c.o(i.uint32_decode)
    uint32_decode                            0x000212d7   Thumb Code    20  ble_ancs_c.o(i.uint32_decode)
    i.update_status_bit_reset                0x000212ec   Section        0  device_manager_peripheral.o(i.update_status_bit_reset)
    update_status_bit_reset                  0x000212ed   Thumb Code    14  device_manager_peripheral.o(i.update_status_bit_reset)
    i.update_timeout_handler                 0x00021300   Section        0  ble_conn_params.o(i.update_timeout_handler)
    update_timeout_handler                   0x00021301   Thumb Code    86  ble_conn_params.o(i.update_timeout_handler)
    i.user_id_get                            0x00021364   Section        0  app_timer.o(i.user_id_get)
    user_id_get                              0x00021365   Thumb Code    74  app_timer.o(i.user_id_get)
    i.user_op_alloc                          0x000213b8   Section        0  app_timer.o(i.user_op_alloc)
    user_op_alloc                            0x000213b9   Thumb Code    36  app_timer.o(i.user_op_alloc)
    i.uuid_list_encode                       0x000213dc   Section        0  ble_advdata.o(i.uuid_list_encode)
    uuid_list_encode                         0x000213dd   Thumb Code    38  ble_advdata.o(i.uuid_list_encode)
    i.uuid_list_sized_encode                 0x00021402   Section        0  ble_advdata.o(i.uuid_list_sized_encode)
    uuid_list_sized_encode                   0x00021403   Thumb Code   162  ble_advdata.o(i.uuid_list_sized_encode)
    i.whitelist_has_entries                  0x000214a4   Section        0  ble_advertising.o(i.whitelist_has_entries)
    whitelist_has_entries                    0x000214a5   Thumb Code    16  ble_advertising.o(i.whitelist_has_entries)
    .constdata                               0x000214b4   Section       12  main.o(.constdata)
    .constdata                               0x000214c0   Section       48  bsp.o(.constdata)
    m_buttons_list                           0x000214c0   Data          16  bsp.o(.constdata)
    app_buttons                              0x000214d0   Data          32  bsp.o(.constdata)
    .constdata                               0x000214f0   Section       16  ble_ancs_c.o(.constdata)
    .constdata                               0x00021500   Section       16  ble_ancs_c.o(.constdata)
    .constdata                               0x00021510   Section       16  ble_ancs_c.o(.constdata)
    .constdata                               0x00021520   Section       16  ble_ancs_c.o(.constdata)
    .constdata                               0x00021530   Section       48  device_manager_peripheral.o(.constdata)
    .constdata                               0x00021560   Section        8  app_uart_fifo.o(.constdata)
    .constdata                               0x00021568   Section       40  pstorage.o(.constdata)
    swap_sub_state_sm_lut                    0x00021568   Data          20  pstorage.o(.constdata)
    swap_sub_state_sm_lut                    0x0002157c   Data          20  pstorage.o(.constdata)
    .constdata                               0x00021590   Section        4  app_button.o(.constdata)
    .conststring                             0x00021594   Section      298  main.o(.conststring)
    .data                                    0x20002800   Section      128  main.o(.data)
    rx_buf                                   0x20002800   Data           1  main.o(.data)
    m_ancs_uuid_type                         0x20002801   Data           1  main.o(.data)
    m_app_handle                             0x20002802   Data           1  main.o(.data)
    m_conn_handle                            0x20002804   Data           2  main.o(.data)
    m_adv_uuids                              0x20002806   Data           4  main.o(.data)
    m_peer_handle                            0x2000280a   Data           4  main.o(.data)
    m_sec_req_timer_id                       0x20002810   Data           4  main.o(.data)
    m_sec_param                              0x20002814   Data           5  main.o(.data)
    m_notification_latest                    0x2000281c   Data           8  main.o(.data)
    lit_catid                                0x20002824   Data          48  main.o(.data)
    lit_eventid                              0x20002854   Data          12  main.o(.data)
    lit_attrid                               0x20002860   Data          32  main.o(.data)
    .data                                    0x20002880   Section       32  bsp.o(.data)
    m_stable_state                           0x20002880   Data           1  bsp.o(.data)
    current_long_push_pin_no                 0x20002881   Data           1  bsp.o(.data)
    m_app_ticks_per_100ms                    0x20002884   Data           4  bsp.o(.data)
    m_indication_type                        0x20002888   Data           4  bsp.o(.data)
    m_registered_callback                    0x2000288c   Data           4  bsp.o(.data)
    release_event_at_push                    0x20002890   Data           4  bsp.o(.data)
    m_leds_timer_id                          0x20002894   Data           4  bsp.o(.data)
    m_alert_timer_id                         0x20002898   Data           4  bsp.o(.data)
    m_button_timer_id                        0x2000289c   Data           4  bsp.o(.data)
    .data                                    0x200028a0   Section        8  bsp_btn_ble.o(.data)
    m_error_handler                          0x200028a0   Data           4  bsp_btn_ble.o(.data)
    m_num_connections                        0x200028a4   Data           4  bsp_btn_ble.o(.data)
    .data                                    0x200028a8   Section        4  system_nrf51.o(.data)
    __tagsym$$used                           0x200028a8   Number         0  system_nrf51.o(.data)
    .data                                    0x200028ac   Section       31  ble_advertising.o(.data)
    m_advertising_start_pending              0x200028ac   Data           1  ble_advertising.o(.data)
    m_whitelist_temporarily_disabled         0x200028ad   Data           1  ble_advertising.o(.data)
    m_whitelist_reply_expected               0x200028ae   Data           1  ble_advertising.o(.data)
    m_peer_addr_reply_expected               0x200028af   Data           1  ble_advertising.o(.data)
    m_adv_evt                                0x200028b0   Data           1  ble_advertising.o(.data)
    m_adv_mode_current                       0x200028b1   Data           1  ble_advertising.o(.data)
    m_tx_power_level                         0x200028b2   Data           1  ble_advertising.o(.data)
    current_slave_link_conn_handle           0x200028b4   Data           2  ble_advertising.o(.data)
    m_evt_handler                            0x200028b8   Data           4  ble_advertising.o(.data)
    m_error_handler                          0x200028bc   Data           4  ble_advertising.o(.data)
    m_slave_conn_int                         0x200028c0   Data           4  ble_advertising.o(.data)
    m_peer_address                           0x200028c4   Data           7  ble_advertising.o(.data)
    .data                                    0x200028cc   Section       24  ble_ancs_c.o(.data)
    m_parse_state                            0x200028cc   Data           1  ble_ancs_c.o(.data)
    current_attr_index                       0x200028ce   Data           2  ble_ancs_c.o(.data)
    m_tx_insert_index                        0x200028d0   Data           4  ble_ancs_c.o(.data)
    m_tx_index                               0x200028d4   Data           4  ble_ancs_c.o(.data)
    p_data_dest                              0x200028d8   Data           4  ble_ancs_c.o(.data)
    mp_ble_ancs                              0x200028dc   Data           4  ble_ancs_c.o(.data)
    m_expected_number_of_attrs               0x200028e0   Data           4  ble_ancs_c.o(.data)
    .data                                    0x200028e4   Section       24  ble_conn_params.o(.data)
    m_change_param                           0x200028e4   Data           1  ble_conn_params.o(.data)
    m_update_count                           0x200028e5   Data           1  ble_conn_params.o(.data)
    m_conn_handle                            0x200028e6   Data           2  ble_conn_params.o(.data)
    m_conn_params_timer_id                   0x200028e8   Data           4  ble_conn_params.o(.data)
    m_preferred_conn_params                  0x200028ec   Data           8  ble_conn_params.o(.data)
    m_current_conn_params                    0x200028f4   Data           8  ble_conn_params.o(.data)
    .data                                    0x200028fc   Section       16  ble_db_discovery.o(.data)
    m_initialized                            0x200028fc   Data           1  ble_db_discovery.o(.data)
    m_pending_usr_evt_index                  0x20002900   Data           4  ble_db_discovery.o(.data)
    m_num_of_handlers_reg                    0x20002904   Data           4  ble_db_discovery.o(.data)
    m_num_of_discoveries_made                0x20002908   Data           4  ble_db_discovery.o(.data)
    .data                                    0x2000290c   Section       24  device_manager_peripheral.o(.data)
    m_module_initialized                     0x2000290c   Data           1  device_manager_peripheral.o(.data)
    m_peer_addr_update                       0x20002910   Data           4  device_manager_peripheral.o(.data)
    m_irk_index_table                        0x20002914   Data           7  device_manager_peripheral.o(.data)
    m_storage_handle                         0x2000291c   Data           8  device_manager_peripheral.o(.data)
    .data                                    0x20002924   Section        8  app_uart_fifo.o(.data)
    m_instance_counter                       0x20002924   Data           1  app_uart_fifo.o(.data)
    m_current_state                          0x20002925   Data           1  app_uart_fifo.o(.data)
    m_event_handler                          0x20002928   Data           4  app_uart_fifo.o(.data)
    .data                                    0x2000292c   Section       36  pstorage.o(.data)
    m_state                                  0x2000292c   Data           1  pstorage.o(.data)
    m_swap_sub_state                         0x2000292d   Data           1  pstorage.o(.data)
    m_next_app_instance                      0x2000292e   Data           2  pstorage.o(.data)
    m_flags                                  0x20002930   Data           4  pstorage.o(.data)
    m_next_page_addr                         0x20002934   Data           4  pstorage.o(.data)
    m_head_word_size                         0x20002938   Data           4  pstorage.o(.data)
    m_tail_word_size                         0x2000293c   Data           4  pstorage.o(.data)
    m_current_page_id                        0x20002940   Data           4  pstorage.o(.data)
    m_num_of_command_retries                 0x20002944   Data           4  pstorage.o(.data)
    m_num_of_bytes_written                   0x20002948   Data           4  pstorage.o(.data)
    m_app_data_size                          0x2000294c   Data           4  pstorage.o(.data)
    .data                                    0x20002950   Section       24  app_button.o(.data)
    m_button_count                           0x20002950   Data           1  app_button.o(.data)
    mp_buttons                               0x20002954   Data           4  app_button.o(.data)
    m_detection_delay                        0x20002958   Data           4  app_button.o(.data)
    m_detection_delay_timer_id               0x2000295c   Data           4  app_button.o(.data)
    m_pin_state                              0x20002960   Data           4  app_button.o(.data)
    m_pin_transition                         0x20002964   Data           4  app_button.o(.data)
    .data                                    0x20002968   Section       16  app_scheduler.o(.data)
    m_queue_start_index                      0x20002968   Data           1  app_scheduler.o(.data)
    m_queue_end_index                        0x20002969   Data           1  app_scheduler.o(.data)
    m_queue_event_size                       0x2000296a   Data           2  app_scheduler.o(.data)
    m_queue_size                             0x2000296c   Data           2  app_scheduler.o(.data)
    m_queue_event_headers                    0x20002970   Data           4  app_scheduler.o(.data)
    m_queue_event_data                       0x20002974   Data           4  app_scheduler.o(.data)
    .data                                    0x20002978   Section       36  app_timer.o(.data)
    m_node_array_size                        0x20002978   Data           1  app_timer.o(.data)
    m_user_array_size                        0x20002979   Data           1  app_timer.o(.data)
    m_ticks_elapsed_q_read_ind               0x2000297a   Data           1  app_timer.o(.data)
    m_ticks_elapsed_q_write_ind              0x2000297b   Data           1  app_timer.o(.data)
    m_rtc1_running                           0x2000297c   Data           1  app_timer.o(.data)
    m_rtc1_reset                             0x2000297d   Data           1  app_timer.o(.data)
    mp_nodes                                 0x20002980   Data           4  app_timer.o(.data)
    mp_users                                 0x20002984   Data           4  app_timer.o(.data)
    m_timer_id_head                          0x20002988   Data           4  app_timer.o(.data)
    m_ticks_latest                           0x2000298c   Data           4  app_timer.o(.data)
    m_evt_schedule_func                      0x20002990   Data           4  app_timer.o(.data)
    m_ticks_elapsed                          0x20002994   Data           8  app_timer.o(.data)
    .data                                    0x2000299c   Section        4  retarget.o(.data)
    .data                                    0x200029a0   Section       20  softdevice_handler.o(.data)
    m_softdevice_enabled                     0x200029a0   Data           1  softdevice_handler.o(.data)
    m_ble_evt_buffer_size                    0x200029a2   Data           2  softdevice_handler.o(.data)
    m_evt_schedule_func                      0x200029a4   Data           4  softdevice_handler.o(.data)
    mp_ble_evt_buffer                        0x200029a8   Data           4  softdevice_handler.o(.data)
    m_ble_evt_handler                        0x200029ac   Data           4  softdevice_handler.o(.data)
    m_sys_evt_handler                        0x200029b0   Data           4  softdevice_handler.o(.data)
    .bss                                     0x200029b4   Section     2550  main.o(.bss)
    APP_TIMER_BUF                            0x200029b4   Data         768  main.o(.bss)
    BLE_EVT_BUFFER                           0x20002cb4   Data          72  main.o(.bss)
    tx_buf                                   0x20002cfc   Data        1024  main.o(.bss)
    APP_SCHED_BUF                            0x200030fc   Data         176  main.o(.bss)
    APP_SCHED_BUF                            0x200031ac   Data         176  main.o(.bss)
    m_ancs_c                                 0x2000325c   Data          12  main.o(.bss)
    m_ble_db_discovery                       0x20003268   Data          98  main.o(.bss)
    m_attr_title                             0x200032ca   Data          32  main.o(.bss)
    m_attr_subtitle                          0x200032ea   Data          32  main.o(.bss)
    m_attr_message                           0x2000330a   Data          32  main.o(.bss)
    m_attr_message_size                      0x2000332a   Data          32  main.o(.bss)
    m_attr_date                              0x2000334a   Data          32  main.o(.bss)
    m_attr_posaction                         0x2000336a   Data          32  main.o(.bss)
    m_attr_negaction                         0x2000338a   Data          32  main.o(.bss)
    .bss                                     0x200033aa   Section       12  bsp.o(.bss)
    m_events_list                            0x200033aa   Data          12  bsp.o(.bss)
    .bss                                     0x200033b8   Section      251  ble_advertising.o(.bss)
    m_advdata                                0x200033b8   Data          48  ble_advertising.o(.bss)
    m_adv_modes_config                       0x200033e8   Data          36  ble_advertising.o(.bss)
    m_whitelist                              0x2000340c   Data          16  ble_advertising.o(.bss)
    mp_whitelist_addr                        0x2000341c   Data          32  ble_advertising.o(.bss)
    mp_whitelist_irk                         0x2000343c   Data          32  ble_advertising.o(.bss)
    m_manuf_specific_data                    0x2000345c   Data          12  ble_advertising.o(.bss)
    m_manuf_data_array                       0x20003468   Data          31  ble_advertising.o(.bss)
    m_service_data                           0x20003488   Data          12  ble_advertising.o(.bss)
    m_service_data_array                     0x20003494   Data          31  ble_advertising.o(.bss)
    .bss                                     0x200034b4   Section      464  ble_ancs_c.o(.bss)
    evt                                      0x200034b4   Data          32  ble_ancs_c.o(.bss)
    m_tx_buffer                              0x200034d4   Data         288  ble_ancs_c.o(.bss)
    m_service                                0x200035f4   Data          46  ble_ancs_c.o(.bss)
    m_ancs_attr_list                         0x20003624   Data          64  ble_ancs_c.o(.bss)
    m_ancs_evt                               0x20003664   Data          32  ble_ancs_c.o(.bss)
    .bss                                     0x20003684   Section       28  ble_conn_params.o(.bss)
    m_conn_params_config                     0x20003684   Data          28  ble_conn_params.o(.bss)
    .bss                                     0x200036a0   Section      128  ble_db_discovery.o(.bss)
    m_registered_handlers                    0x200036a0   Data          16  ble_db_discovery.o(.bss)
    m_pending_user_evts                      0x200036b0   Data         112  ble_db_discovery.o(.bss)
    .bss                                     0x20003720   Section      295  device_manager_peripheral.o(.bss)
    m_peer_table                             0x20003720   Data         196  device_manager_peripheral.o(.bss)
    m_bond_table                             0x200037e4   Data          28  device_manager_peripheral.o(.bss)
    m_gatts_table                            0x20003800   Data          24  device_manager_peripheral.o(.bss)
    m_connection_table                       0x20003818   Data          12  device_manager_peripheral.o(.bss)
    m_application_table                      0x20003824   Data          12  device_manager_peripheral.o(.bss)
    m_local_id_info                          0x20003830   Data          23  device_manager_peripheral.o(.bss)
    .bss                                     0x20003848   Section       32  app_uart_fifo.o(.bss)
    m_rx_fifo                                0x20003848   Data          16  app_uart_fifo.o(.bss)
    m_tx_fifo                                0x20003858   Data          16  app_uart_fifo.o(.bss)
    .bss                                     0x20003868   Section       80  nrf_drv_gpiote.o(.bss)
    m_cb                                     0x20003868   Data          80  nrf_drv_gpiote.o(.bss)
    .bss                                     0x200038b8   Section      228  pstorage.o(.bss)
    m_cmd_queue                              0x200038b8   Data         204  pstorage.o(.bss)
    m_app_table                              0x20003984   Data          24  pstorage.o(.bss)
    STACK                                    0x200039a0   Section     2048  arm_startup_nrf51.o(STACK)

    Global Symbols

    Symbol Name                              Value     Ov Type        Size  Object(Section)

    BuildAttributes$$THM_ISAv3M$S$PE$A:L22$X:L11$S22$IEEE1$IW$USESV6$~STKCKD$USESV7$~SHL$OSPACE$ROPI$EBA8$MICROLIB$REQ8$PRES8$EABIv2 0x00000000   Number         0  anon$$obj.o ABSOLUTE
    __ARM_use_no_argv                        0x00000000   Number         0  main.o ABSOLUTE
    _printf_a                                0x00000000   Number         0  stubs.o ABSOLUTE
    _printf_c                                0x00000000   Number         0  stubs.o ABSOLUTE
    _printf_charcount                        0x00000000   Number         0  stubs.o ABSOLUTE
    _printf_d                                0x00000000   Number         0  stubs.o ABSOLUTE
    _printf_e                                0x00000000   Number         0  stubs.o ABSOLUTE
    _printf_f                                0x00000000   Number         0  stubs.o ABSOLUTE
    _printf_flags                            0x00000000   Number         0  stubs.o ABSOLUTE
    _printf_fp_dec                           0x00000000   Number         0  stubs.o ABSOLUTE
    _printf_fp_hex                           0x00000000   Number         0  stubs.o ABSOLUTE
    _printf_g                                0x00000000   Number         0  stubs.o ABSOLUTE
    _printf_i                                0x00000000   Number         0  stubs.o ABSOLUTE
    _printf_int_dec                          0x00000000   Number         0  stubs.o ABSOLUTE
    _printf_l                                0x00000000   Number         0  stubs.o ABSOLUTE
    _printf_lc                               0x00000000   Number         0  stubs.o ABSOLUTE
    _printf_ll                               0x00000000   Number         0  stubs.o ABSOLUTE
    _printf_lld                              0x00000000   Number         0  stubs.o ABSOLUTE
    _printf_lli                              0x00000000   Number         0  stubs.o ABSOLUTE
    _printf_llo                              0x00000000   Number         0  stubs.o ABSOLUTE
    _printf_llu                              0x00000000   Number         0  stubs.o ABSOLUTE
    _printf_llx                              0x00000000   Number         0  stubs.o ABSOLUTE
    _printf_longlong_dec                     0x00000000   Number         0  stubs.o ABSOLUTE
    _printf_longlong_hex                     0x00000000   Number         0  stubs.o ABSOLUTE
    _printf_longlong_oct                     0x00000000   Number         0  stubs.o ABSOLUTE
    _printf_ls                               0x00000000   Number         0  stubs.o ABSOLUTE
    _printf_mbtowc                           0x00000000   Number         0  stubs.o ABSOLUTE
    _printf_n                                0x00000000   Number         0  stubs.o ABSOLUTE
    _printf_o                                0x00000000   Number         0  stubs.o ABSOLUTE
    _printf_p                                0x00000000   Number         0  stubs.o ABSOLUTE
    _printf_percent                          0x00000000   Number         0  stubs.o ABSOLUTE
    _printf_pre_padding                      0x00000000   Number         0  stubs.o ABSOLUTE
    _printf_return_value                     0x00000000   Number         0  stubs.o ABSOLUTE
    _printf_s                                0x00000000   Number         0  stubs.o ABSOLUTE
    _printf_sizespec                         0x00000000   Number         0  stubs.o ABSOLUTE
    _printf_str                              0x00000000   Number         0  stubs.o ABSOLUTE
    _printf_truncate_signed                  0x00000000   Number         0  stubs.o ABSOLUTE
    _printf_truncate_unsigned                0x00000000   Number         0  stubs.o ABSOLUTE
    _printf_u                                0x00000000   Number         0  stubs.o ABSOLUTE
    _printf_wc                               0x00000000   Number         0  stubs.o ABSOLUTE
    _printf_wctomb                           0x00000000   Number         0  stubs.o ABSOLUTE
    _printf_widthprec                        0x00000000   Number         0  stubs.o ABSOLUTE
    _printf_x                                0x00000000   Number         0  stubs.o ABSOLUTE
    __cpp_initialize__aeabi_                  - Undefined Weak Reference
    __cxa_finalize                            - Undefined Weak Reference
    _clock_init                               - Undefined Weak Reference
    _microlib_exit                            - Undefined Weak Reference
    __Vectors_Size                           0x000000c0   Number         0  arm_startup_nrf51.o ABSOLUTE
    __Vectors                                0x0001c000   Data           4  arm_startup_nrf51.o(RESET)
    __Vectors_End                            0x0001c0c0   Data           0  arm_startup_nrf51.o(RESET)
    __main                                   0x0001c0c1   Thumb Code     0  entry.o(.ARM.Collect$$$$00000000)
    _main_stk                                0x0001c0c1   Thumb Code     0  entry2.o(.ARM.Collect$$$$00000001)
    _main_scatterload                        0x0001c0c5   Thumb Code     0  entry5.o(.ARM.Collect$$$$00000004)
    __main_after_scatterload                 0x0001c0c9   Thumb Code     0  entry5.o(.ARM.Collect$$$$00000004)
    _main_clock                              0x0001c0c9   Thumb Code     0  entry7b.o(.ARM.Collect$$$$00000008)
    _main_cpp_init                           0x0001c0c9   Thumb Code     0  entry8b.o(.ARM.Collect$$$$0000000A)
    _main_init                               0x0001c0c9   Thumb Code     0  entry9a.o(.ARM.Collect$$$$0000000B)
    __rt_final_cpp                           0x0001c0d1   Thumb Code     0  entry10a.o(.ARM.Collect$$$$0000000D)
    __rt_final_exit                          0x0001c0d1   Thumb Code     0  entry11a.o(.ARM.Collect$$$$0000000F)
    __asm___11_nrf_delay_c_532987f3__nrf_delay_us 0x0001c0d5   Thumb Code    30  nrf_delay.o(.emb_text)
    __asm___11_app_timer_c_cd27f9c3__nrf_delay_us 0x0001c0f5   Thumb Code    30  app_timer.o(.emb_text)
    Reset_Handler                            0x0001c115   Thumb Code    26  arm_startup_nrf51.o(.text)
    NMI_Handler                              0x0001c12f   Thumb Code     2  arm_startup_nrf51.o(.text)
    HardFault_Handler                        0x0001c131   Thumb Code     2  arm_startup_nrf51.o(.text)
    SVC_Handler                              0x0001c133   Thumb Code     2  arm_startup_nrf51.o(.text)
    PendSV_Handler                           0x0001c135   Thumb Code     2  arm_startup_nrf51.o(.text)
    SysTick_Handler                          0x0001c137   Thumb Code     2  arm_startup_nrf51.o(.text)
    ADC_IRQHandler                           0x0001c139   Thumb Code     0  arm_startup_nrf51.o(.text)
    CCM_AAR_IRQHandler                       0x0001c139   Thumb Code     0  arm_startup_nrf51.o(.text)
    ECB_IRQHandler                           0x0001c139   Thumb Code     0  arm_startup_nrf51.o(.text)
    LPCOMP_IRQHandler                        0x0001c139   Thumb Code     0  arm_startup_nrf51.o(.text)
    POWER_CLOCK_IRQHandler                   0x0001c139   Thumb Code     0  arm_startup_nrf51.o(.text)
    QDEC_IRQHandler                          0x0001c139   Thumb Code     0  arm_startup_nrf51.o(.text)
    RADIO_IRQHandler                         0x0001c139   Thumb Code     0  arm_startup_nrf51.o(.text)
    RNG_IRQHandler                           0x0001c139   Thumb Code     0  arm_startup_nrf51.o(.text)
    RTC0_IRQHandler                          0x0001c139   Thumb Code     0  arm_startup_nrf51.o(.text)
    SPI0_TWI0_IRQHandler                     0x0001c139   Thumb Code     0  arm_startup_nrf51.o(.text)
    SPI1_TWI1_IRQHandler                     0x0001c139   Thumb Code     0  arm_startup_nrf51.o(.text)
    SWI1_IRQHandler                          0x0001c139   Thumb Code     0  arm_startup_nrf51.o(.text)
    SWI3_IRQHandler                          0x0001c139   Thumb Code     0  arm_startup_nrf51.o(.text)
    SWI4_IRQHandler                          0x0001c139   Thumb Code     0  arm_startup_nrf51.o(.text)
    SWI5_IRQHandler                          0x0001c139   Thumb Code     0  arm_startup_nrf51.o(.text)
    TEMP_IRQHandler                          0x0001c139   Thumb Code     0  arm_startup_nrf51.o(.text)
    TIMER0_IRQHandler                        0x0001c139   Thumb Code     0  arm_startup_nrf51.o(.text)
    TIMER1_IRQHandler                        0x0001c139   Thumb Code     0  arm_startup_nrf51.o(.text)
    TIMER2_IRQHandler                        0x0001c139   Thumb Code     0  arm_startup_nrf51.o(.text)
    WDT_IRQHandler                           0x0001c139   Thumb Code     0  arm_startup_nrf51.o(.text)
    __aeabi_uidiv                            0x0001c14d   Thumb Code     0  uidiv.o(.text)
    __aeabi_uidivmod                         0x0001c14d   Thumb Code    44  uidiv.o(.text)
    __aeabi_idiv                             0x0001c179   Thumb Code     0  idiv.o(.text)
    __aeabi_idivmod                          0x0001c179   Thumb Code    40  idiv.o(.text)
    __aeabi_memcpy                           0x0001c1a1   Thumb Code    36  memcpya.o(.text)
    __aeabi_memcpy4                          0x0001c1a1   Thumb Code     0  memcpya.o(.text)
    __aeabi_memcpy8                          0x0001c1a1   Thumb Code     0  memcpya.o(.text)
    __aeabi_memset                           0x0001c1c5   Thumb Code    14  memseta.o(.text)
    __aeabi_memset4                          0x0001c1c5   Thumb Code     0  memseta.o(.text)
    __aeabi_memset8                          0x0001c1c5   Thumb Code     0  memseta.o(.text)
    __aeabi_memclr                           0x0001c1d3   Thumb Code     4  memseta.o(.text)
    __aeabi_memclr4                          0x0001c1d3   Thumb Code     0  memseta.o(.text)
    __aeabi_memclr8                          0x0001c1d3   Thumb Code     0  memseta.o(.text)
    _memset$wrapper                          0x0001c1d7   Thumb Code    18  memseta.o(.text)
    memcmp                                   0x0001c1e9   Thumb Code    26  memcmp.o(.text)
    __aeabi_uread4                           0x0001c203   Thumb Code    20  uread4.o(.text)
    __rt_uread4                              0x0001c203   Thumb Code     0  uread4.o(.text)
    _uread4                                  0x0001c203   Thumb Code     0  uread4.o(.text)
    __scatterload                            0x0001c219   Thumb Code    28  init.o(.text)
    __scatterload_rt2                        0x0001c219   Thumb Code     0  init.o(.text)
    __decompress                             0x0001c23d   Thumb Code     0  __dczerorl2.o(.text)
    __decompress1                            0x0001c23d   Thumb Code    86  __dczerorl2.o(.text)
    GPIOTE_IRQHandler                        0x0001c295   Thumb Code   234  nrf_drv_gpiote.o(i.GPIOTE_IRQHandler)
    RTC1_IRQHandler                          0x0001c3e1   Thumb Code    28  app_timer.o(i.RTC1_IRQHandler)
    SWI0_IRQHandler                          0x0001c401   Thumb Code    78  app_timer.o(i.SWI0_IRQHandler)
    SWI2_IRQHandler                          0x0001c455   Thumb Code    32  softdevice_handler.o(i.SWI2_IRQHandler)
    SystemInit                               0x0001c479   Thumb Code    64  system_nrf51.o(i.SystemInit)
    UART0_IRQHandler                         0x0001c4cd   Thumb Code   110  app_uart_fifo.o(i.UART0_IRQHandler)
    __0printf$3                              0x0001c54d   Thumb Code    24  printf3.o(i.__0printf$3)
    __1printf$3                              0x0001c54d   Thumb Code     0  printf3.o(i.__0printf$3)
    __2printf                                0x0001c54d   Thumb Code     0  printf3.o(i.__0printf$3)
    __ARM_common_switch8                     0x0001c56d   Thumb Code    26  main.o(i.__ARM_common_switch8)
    __scatterload_copy                       0x0001c587   Thumb Code    14  handlers.o(i.__scatterload_copy)
    __scatterload_null                       0x0001c595   Thumb Code     2  handlers.o(i.__scatterload_null)
    __scatterload_zeroinit                   0x0001c597   Thumb Code    14  handlers.o(i.__scatterload_zeroinit)
    action_tx_stop                           0x0001c7bd   Thumb Code    26  app_uart_fifo.o(i.action_tx_stop)
    app_button_enable                        0x0001ca11   Thumb Code    32  app_button.o(i.app_button_enable)
    app_button_init                          0x0001ca35   Thumb Code   102  app_button.o(i.app_button_init)
    app_error_handler                        0x0001caad   Thumb Code    16  app_error.o(i.app_error_handler)
    app_fifo_get                             0x0001cad1   Thumb Code    34  app_fifo.o(i.app_fifo_get)
    app_fifo_init                            0x0001caf3   Thumb Code    36  app_fifo.o(i.app_fifo_init)
    app_fifo_put                             0x0001cb17   Thumb Code    34  app_fifo.o(i.app_fifo_put)
    app_sched_event_put                      0x0001cbc9   Thumb Code   240  app_scheduler.o(i.app_sched_event_put)
    app_sched_execute                        0x0001ccc9   Thumb Code    30  app_scheduler.o(i.app_sched_execute)
    app_sched_init                           0x0001cce9   Thumb Code    40  app_scheduler.o(i.app_sched_init)
    app_timer_create                         0x0001cd15   Thumb Code    72  app_timer.o(i.app_timer_create)
    app_timer_evt_schedule                   0x0001cd7d   Thumb Code    18  app_timer_appsh.o(i.app_timer_evt_schedule)
    app_timer_init                           0x0001cd95   Thumb Code   164  app_timer.o(i.app_timer_init)
    app_timer_start                          0x0001ce49   Thumb Code   122  app_timer.o(i.app_timer_start)
    app_timer_stop                           0x0001cecd   Thumb Code    82  app_timer.o(i.app_timer_stop)
    app_uart_init                            0x0001cf25   Thumb Code   354  app_uart_fifo.o(i.app_uart_init)
    app_uart_put                             0x0001d0b9   Thumb Code    22  app_uart_fifo.o(i.app_uart_put)
    ble_advdata_set                          0x0001d0e1   Thumb Code    90  ble_advdata.o(i.ble_advdata_set)
    ble_advertising_init                     0x0001d13d   Thumb Code   284  ble_advertising.o(i.ble_advertising_init)
    ble_advertising_on_ble_evt               0x0001d261   Thumb Code   118  ble_advertising.o(i.ble_advertising_on_ble_evt)
    ble_advertising_on_sys_evt               0x0001d2dd   Thumb Code    42  ble_advertising.o(i.ble_advertising_on_sys_evt)
    ble_advertising_restart_without_whitelist 0x0001d31d   Thumb Code    56  ble_advertising.o(i.ble_advertising_restart_without_whitelist)
    ble_advertising_start                    0x0001d35d   Thumb Code   470  ble_advertising.o(i.ble_advertising_start)
    ble_advertising_whitelist_reply          0x0001d53d   Thumb Code    74  ble_advertising.o(i.ble_advertising_whitelist_reply)
    ble_ancs_c_attr_add                      0x0001d591   Thumb Code    40  ble_ancs_c.o(i.ble_ancs_c_attr_add)
    ble_ancs_c_data_source_notif_enable      0x0001d5bd   Thumb Code    16  ble_ancs_c.o(i.ble_ancs_c_data_source_notif_enable)
    ble_ancs_c_init                          0x0001d5d1   Thumb Code    78  ble_ancs_c.o(i.ble_ancs_c_init)
    ble_ancs_c_notif_source_notif_enable     0x0001d635   Thumb Code    16  ble_ancs_c.o(i.ble_ancs_c_notif_source_notif_enable)
    ble_ancs_c_on_ble_evt                    0x0001d649   Thumb Code    24  ble_ancs_c.o(i.ble_ancs_c_on_ble_evt)
    ble_ancs_c_on_device_manager_evt         0x0001d661   Thumb Code    16  ble_ancs_c.o(i.ble_ancs_c_on_device_manager_evt)
    ble_ancs_c_request_attrs                 0x0001d671   Thumb Code    28  ble_ancs_c.o(i.ble_ancs_c_request_attrs)
    ble_ancs_get_notif_attrs                 0x0001d691   Thumb Code   136  ble_ancs_c.o(i.ble_ancs_get_notif_attrs)
    ble_conn_params_init                     0x0001d739   Thumb Code    72  ble_conn_params.o(i.ble_conn_params_init)
    ble_conn_params_on_ble_evt               0x0001d78d   Thumb Code   134  ble_conn_params.o(i.ble_conn_params_on_ble_evt)
    ble_db_discovery_evt_register            0x0001d81d   Thumb Code    66  ble_db_discovery.o(i.ble_db_discovery_evt_register)
    ble_db_discovery_init                    0x0001d869   Thumb Code    18  ble_db_discovery.o(i.ble_db_discovery_init)
    ble_db_discovery_on_ble_evt              0x0001d881   Thumb Code   156  ble_db_discovery.o(i.ble_db_discovery_on_ble_evt)
    ble_db_discovery_start                   0x0001d921   Thumb Code    86  ble_db_discovery.o(i.ble_db_discovery_start)
    bond_data_load                           0x0001da1d   Thumb Code    58  device_manager_peripheral.o(i.bond_data_load)
    bsp_btn_ble_init                         0x0001da65   Thumb Code    80  bsp_btn_ble.o(i.bsp_btn_ble_init)
    bsp_btn_ble_on_ble_evt                   0x0001dab9   Thumb Code   114  bsp_btn_ble.o(i.bsp_btn_ble_on_ble_evt)
    bsp_btn_ble_sleep_mode_prepare           0x0001db31   Thumb Code    20  bsp_btn_ble.o(i.bsp_btn_ble_sleep_mode_prepare)
    bsp_button_is_pressed                    0x0001dbe1   Thumb Code    34  bsp.o(i.bsp_button_is_pressed)
    bsp_event_to_button_action_assign        0x0001dc55   Thumb Code    66  bsp.o(i.bsp_event_to_button_action_assign)
    bsp_indication_set                       0x0001dc9d   Thumb Code    22  bsp.o(i.bsp_indication_set)
    bsp_init                                 0x0001dcb9   Thumb Code   134  bsp.o(i.bsp_init)
    bsp_wakeup_buttons_set                   0x0001df49   Thumb Code    50  bsp.o(i.bsp_wakeup_buttons_set)
    dm_ble_evt_handler                       0x0001e9b5   Thumb Code   962  device_manager_peripheral.o(i.dm_ble_evt_handler)
    dm_handle_initialize                     0x0001ed8d   Thumb Code    22  device_manager_peripheral.o(i.dm_handle_initialize)
    dm_init                                  0x0001eda9   Thumb Code   174  device_manager_peripheral.o(i.dm_init)
    dm_register                              0x0001efd1   Thumb Code   104  device_manager_peripheral.o(i.dm_register)
    dm_security_setup_req                    0x0001f045   Thumb Code    80  device_manager_peripheral.o(i.dm_security_setup_req)
    dm_security_status_req                   0x0001f0a1   Thumb Code    98  device_manager_peripheral.o(i.dm_security_status_req)
    dm_whitelist_create                      0x0001f111   Thumb Code   164  device_manager_peripheral.o(i.dm_whitelist_create)
    fputc                                    0x0001f311   Thumb Code    14  retarget.o(i.fputc)
    intern_softdevice_events_execute         0x0001f5ad   Thumb Code   124  softdevice_handler.o(i.intern_softdevice_events_execute)
    main                                     0x0001f8c1   Thumb Code   406  main.o(i.main)
    nrf_delay_ms                             0x0001fcbd   Thumb Code    24  nrf_delay.o(i.nrf_delay_ms)
    nrf_drv_common_irq_enable                0x0001fcd9   Thumb Code    78  nrf_drv_common.o(i.nrf_drv_common_irq_enable)
    nrf_drv_gpiote_in_event_enable           0x0001fd39   Thumb Code   138  nrf_drv_gpiote.o(i.nrf_drv_gpiote_in_event_enable)
    nrf_drv_gpiote_in_init                   0x0001fdd9   Thumb Code   130  nrf_drv_gpiote.o(i.nrf_drv_gpiote_in_init)
    nrf_drv_gpiote_in_is_set                 0x0001fe6d   Thumb Code    16  nrf_drv_gpiote.o(i.nrf_drv_gpiote_in_is_set)
    nrf_drv_gpiote_init                      0x0001fe81   Thumb Code    76  nrf_drv_gpiote.o(i.nrf_drv_gpiote_init)
    nrf_drv_gpiote_is_init                   0x0001fed5   Thumb Code    12  nrf_drv_gpiote.o(i.nrf_drv_gpiote_is_init)
    nrf_drv_gpiote_out_init                  0x0001fee5   Thumb Code   130  nrf_drv_gpiote.o(i.nrf_drv_gpiote_out_init)
    pstorage_access_status_get               0x0002071d   Thumb Code    30  pstorage.o(i.pstorage_access_status_get)
    pstorage_block_identifier_get            0x00020745   Thumb Code    78  pstorage.o(i.pstorage_block_identifier_get)
    pstorage_clear                           0x0002079d   Thumb Code   160  pstorage.o(i.pstorage_clear)
    pstorage_init                            0x00020875   Thumb Code    82  pstorage.o(i.pstorage_init)
    pstorage_load                            0x000208d1   Thumb Code   162  pstorage.o(i.pstorage_load)
    pstorage_register                        0x0002097d   Thumb Code   170  pstorage.o(i.pstorage_register)
    pstorage_store                           0x00020a31   Thumb Code   138  pstorage.o(i.pstorage_store)
    pstorage_sys_event_handler               0x00020ac5   Thumb Code    72  pstorage.o(i.pstorage_sys_event_handler)
    pstorage_update                          0x00020b11   Thumb Code   138  pstorage.o(i.pstorage_update)
    softdevice_assertion_handler             0x00020e9d   Thumb Code    12  softdevice_handler.o(i.softdevice_assertion_handler)
    softdevice_ble_evt_handler_set           0x00020ea9   Thumb Code    16  softdevice_handler.o(i.softdevice_ble_evt_handler_set)
    softdevice_handler_init                  0x00020ebd   Thumb Code    40  softdevice_handler.o(i.softdevice_handler_init)
    softdevice_sys_evt_handler_set           0x00020eed   Thumb Code    16  softdevice_handler.o(i.softdevice_sys_evt_handler_set)
    uart_error_handle                        0x000212b5   Thumb Code    24  main.o(i.uart_error_handle)
    ble_ancs_base_uuid128                    0x000214f0   Data          16  ble_ancs_c.o(.constdata)
    ble_ancs_cp_base_uuid128                 0x00021500   Data          16  ble_ancs_c.o(.constdata)
    ble_ancs_ns_base_uuid128                 0x00021510   Data          16  ble_ancs_c.o(.constdata)
    ble_ancs_ds_base_uuid128                 0x00021520   Data          16  ble_ancs_c.o(.constdata)
    m_service_context_store                  0x00021530   Data          16  device_manager_peripheral.o(.constdata)
    m_service_context_load                   0x00021540   Data          16  device_manager_peripheral.o(.constdata)
    m_service_context_apply                  0x00021550   Data          16  device_manager_peripheral.o(.constdata)
    Region$$Table$$Base                      0x000216c0   Number         0  anon$$obj.o(Region$$Table)
    Region$$Table$$Limit                     0x000216e0   Number         0  anon$$obj.o(Region$$Table)
    SystemCoreClock                          0x200028a8   Data           4  system_nrf51.o(.data)
    __stdout                                 0x2000299c   Data           4  retarget.o(.data)
    __initial_sp                             0x200041a0   Data           0  arm_startup_nrf51.o(STACK)



==============================================================================

Memory Map of the image

  Image Entry point : 0x0001c0c1

  Load Region LR_IROM1 (Base: 0x0001c000, Size: 0x00005894, Max: 0x00024000, ABSOLUTE, COMPRESSED[0x0000573c])

    Execution Region ER_IROM1 (Base: 0x0001c000, Size: 0x000056e0, Max: 0x00024000, ABSOLUTE)

    Base Addr    Size         Type   Attr      Idx    E Section Name        Object

    0x0001c000   0x000000c0   Data   RO          464    RESET               arm_startup_nrf51.o
    0x0001c0c0   0x00000000   Code   RO         2220  * .ARM.Collect$$$$00000000  mc_p.l(entry.o)
    0x0001c0c0   0x00000004   Code   RO         2500    .ARM.Collect$$$$00000001  mc_p.l(entry2.o)
    0x0001c0c4   0x00000004   Code   RO         2503    .ARM.Collect$$$$00000004  mc_p.l(entry5.o)
    0x0001c0c8   0x00000000   Code   RO         2505    .ARM.Collect$$$$00000008  mc_p.l(entry7b.o)
    0x0001c0c8   0x00000000   Code   RO         2507    .ARM.Collect$$$$0000000A  mc_p.l(entry8b.o)
    0x0001c0c8   0x00000008   Code   RO         2508    .ARM.Collect$$$$0000000B  mc_p.l(entry9a.o)
    0x0001c0d0   0x00000000   Code   RO         2510    .ARM.Collect$$$$0000000D  mc_p.l(entry10a.o)
    0x0001c0d0   0x00000000   Code   RO         2512    .ARM.Collect$$$$0000000F  mc_p.l(entry11a.o)
    0x0001c0d0   0x00000004   Code   RO         2501    .ARM.Collect$$$$00002712  mc_p.l(entry2.o)
    0x0001c0d4   0x0000001e   Code   RO         1319    .emb_text           nrf_delay.o
    0x0001c0f2   0x00000002   PAD
    0x0001c0f4   0x0000001e   Code   RO         1946    .emb_text           app_timer.o
    0x0001c112   0x00000002   PAD
    0x0001c114   0x00000038   Code   RO          465    .text               arm_startup_nrf51.o
    0x0001c14c   0x0000002c   Code   RO         2223    .text               mc_p.l(uidiv.o)
    0x0001c178   0x00000028   Code   RO         2225    .text               mc_p.l(idiv.o)
    0x0001c1a0   0x00000024   Code   RO         2227    .text               mc_p.l(memcpya.o)
    0x0001c1c4   0x00000024   Code   RO         2229    .text               mc_p.l(memseta.o)
    0x0001c1e8   0x0000001a   Code   RO         2233    .text               mc_p.l(memcmp.o)
    0x0001c202   0x00000014   Code   RO         2498    .text               mc_p.l(uread4.o)
    0x0001c216   0x00000002   PAD
    0x0001c218   0x00000024   Code   RO         2527    .text               mc_p.l(init.o)
    0x0001c23c   0x00000056   Code   RO         2547    .text               mc_p.l(__dczerorl2.o)
    0x0001c292   0x00000002   PAD
    0x0001c294   0x00000108   Code   RO         1370    i.GPIOTE_IRQHandler  nrf_drv_gpiote.o
    0x0001c39c   0x00000044   Code   RO         1947    i.NVIC_SetPriority  app_timer.o
    0x0001c3e0   0x00000020   Code   RO         1948    i.RTC1_IRQHandler   app_timer.o
    0x0001c400   0x00000054   Code   RO         1949    i.SWI0_IRQHandler   app_timer.o
    0x0001c454   0x00000024   Code   RO         2164    i.SWI2_IRQHandler   softdevice_handler.o
    0x0001c478   0x00000054   Code   RO          472    i.SystemInit        system_nrf51.o
    0x0001c4cc   0x00000080   Code   RO         1212    i.UART0_IRQHandler  app_uart_fifo.o
    0x0001c54c   0x00000020   Code   RO         2326    i.__0printf$3       mc_p.l(printf3.o)
    0x0001c56c   0x0000001a   Code   RO          120    i.__ARM_common_switch8  main.o
    0x0001c586   0x0000000e   Code   RO         2541    i.__scatterload_copy  mc_p.l(handlers.o)
    0x0001c594   0x00000002   Code   RO         2542    i.__scatterload_null  mc_p.l(handlers.o)
    0x0001c596   0x0000000e   Code   RO         2543    i.__scatterload_zeroinit  mc_p.l(handlers.o)
    0x0001c5a4   0x000001cc   Code   RO         2333    i._printf_core      mc_p.l(printf3.o)
    0x0001c770   0x0000004c   Code   RO         1213    i.action_tx_send    app_uart_fifo.o
    0x0001c7bc   0x00000024   Code   RO         1214    i.action_tx_stop    app_uart_fifo.o
    0x0001c7e0   0x00000020   Code   RO         1215    i.action_uart_deactivate  app_uart_fifo.o
    0x0001c800   0x0000014a   Code   RO          506    i.adv_data_encode   ble_advdata.o
    0x0001c94a   0x0000003c   Code   RO          425    i.advertising_buttons_configure  bsp_btn_ble.o
    0x0001c986   0x00000002   PAD
    0x0001c988   0x00000070   Code   RO            4    i.advertising_init  main.o
    0x0001c9f8   0x00000018   Code   RO          318    i.alert_timer_handler  bsp.o
    0x0001ca10   0x00000024   Code   RO         1792    i.app_button_enable  app_button.o
    0x0001ca34   0x00000078   Code   RO         1793    i.app_button_init   app_button.o
    0x0001caac   0x00000018   Code   RO         1848    i.app_error_handler  app_error.o
    0x0001cac4   0x0000000c   Code   RO          945    i.app_evt_notify    device_manager_peripheral.o
    0x0001cad0   0x00000022   Code   RO         1870    i.app_fifo_get      app_fifo.o
    0x0001caf2   0x00000024   Code   RO         1871    i.app_fifo_init     app_fifo.o
    0x0001cb16   0x00000022   Code   RO         1872    i.app_fifo_put      app_fifo.o
    0x0001cb38   0x0000002c   Code   RO         1550    i.app_notify        pstorage.o
    0x0001cb64   0x00000020   Code   RO         1551    i.app_notify_error_state_transit  pstorage.o
    0x0001cb84   0x00000044   Code   RO         1901    i.app_sched_event_get  app_scheduler.o
    0x0001cbc8   0x00000100   Code   RO         1902    i.app_sched_event_put  app_scheduler.o
    0x0001ccc8   0x0000001e   Code   RO         1903    i.app_sched_execute  app_scheduler.o
    0x0001cce6   0x00000002   PAD
    0x0001cce8   0x0000002c   Code   RO         1904    i.app_sched_init    app_scheduler.o
    0x0001cd14   0x0000004c   Code   RO         1952    i.app_timer_create  app_timer.o
    0x0001cd60   0x0000001a   Code   RO         2089    i.app_timer_evt_get  app_timer_appsh.o
    0x0001cd7a   0x00000002   PAD
    0x0001cd7c   0x00000018   Code   RO         2090    i.app_timer_evt_schedule  app_timer_appsh.o
    0x0001cd94   0x000000b4   Code   RO         1953    i.app_timer_init    app_timer.o
    0x0001ce48   0x00000084   Code   RO         1954    i.app_timer_start   app_timer.o
    0x0001cecc   0x00000058   Code   RO         1955    i.app_timer_stop    app_timer.o
    0x0001cf24   0x00000194   Code   RO         1220    i.app_uart_init     app_uart_fifo.o
    0x0001d0b8   0x0000001c   Code   RO         1221    i.app_uart_put      app_uart_fifo.o
    0x0001d0d4   0x0000000c   Code   RO            5    i.apple_notification_error_handler  main.o
    0x0001d0e0   0x0000005a   Code   RO          507    i.ble_advdata_set   ble_advdata.o
    0x0001d13a   0x00000002   PAD
    0x0001d13c   0x00000124   Code   RO          566    i.ble_advertising_init  ble_advertising.o
    0x0001d260   0x0000007c   Code   RO          567    i.ble_advertising_on_ble_evt  ble_advertising.o
    0x0001d2dc   0x00000030   Code   RO          568    i.ble_advertising_on_sys_evt  ble_advertising.o
    0x0001d30c   0x00000010   Code   RO          570    i.ble_advertising_peer_address_clear  ble_advertising.o
    0x0001d31c   0x00000040   Code   RO          571    i.ble_advertising_restart_without_whitelist  ble_advertising.o
    0x0001d35c   0x000001e0   Code   RO          572    i.ble_advertising_start  ble_advertising.o
    0x0001d53c   0x00000054   Code   RO          573    i.ble_advertising_whitelist_reply  ble_advertising.o
    0x0001d590   0x0000002c   Code   RO          638    i.ble_ancs_c_attr_add  ble_ancs_c.o
    0x0001d5bc   0x00000014   Code   RO          640    i.ble_ancs_c_data_source_notif_enable  ble_ancs_c.o
    0x0001d5d0   0x00000064   Code   RO          641    i.ble_ancs_c_init   ble_ancs_c.o
    0x0001d634   0x00000014   Code   RO          643    i.ble_ancs_c_notif_source_notif_enable  ble_ancs_c.o
    0x0001d648   0x00000018   Code   RO          644    i.ble_ancs_c_on_ble_evt  ble_ancs_c.o
    0x0001d660   0x00000010   Code   RO          645    i.ble_ancs_c_on_device_manager_evt  ble_ancs_c.o
    0x0001d670   0x00000020   Code   RO          646    i.ble_ancs_c_request_attrs  ble_ancs_c.o
    0x0001d690   0x00000094   Code   RO          647    i.ble_ancs_get_notif_attrs  ble_ancs_c.o
    0x0001d724   0x00000014   Code   RO          648    i.ble_ancs_verify_notification_format  ble_ancs_c.o
    0x0001d738   0x00000054   Code   RO          762    i.ble_conn_params_init  ble_conn_params.o
    0x0001d78c   0x00000090   Code   RO          763    i.ble_conn_params_on_ble_evt  ble_conn_params.o
    0x0001d81c   0x0000004c   Code   RO          823    i.ble_db_discovery_evt_register  ble_db_discovery.o
    0x0001d868   0x00000018   Code   RO          824    i.ble_db_discovery_init  ble_db_discovery.o
    0x0001d880   0x000000a0   Code   RO          825    i.ble_db_discovery_on_ble_evt  ble_db_discovery.o
    0x0001d920   0x00000060   Code   RO          826    i.ble_db_discovery_start  ble_db_discovery.o
    0x0001d980   0x00000038   Code   RO            7    i.ble_evt_dispatch  main.o
    0x0001d9b8   0x00000064   Code   RO            8    i.ble_stack_init    main.o
    0x0001da1c   0x00000048   Code   RO          946    i.bond_data_load    device_manager_peripheral.o
    0x0001da64   0x00000054   Code   RO          426    i.bsp_btn_ble_init  bsp_btn_ble.o
    0x0001dab8   0x00000078   Code   RO          427    i.bsp_btn_ble_on_ble_evt  bsp_btn_ble.o
    0x0001db30   0x00000014   Code   RO          428    i.bsp_btn_ble_sleep_mode_prepare  bsp_btn_ble.o
    0x0001db44   0x0000009c   Code   RO          319    i.bsp_button_event_handler  bsp.o
    0x0001dbe0   0x0000002c   Code   RO          320    i.bsp_button_is_pressed  bsp.o
    0x0001dc0c   0x00000048   Code   RO            9    i.bsp_event_handler  main.o
    0x0001dc54   0x00000048   Code   RO          324    i.bsp_event_to_button_action_assign  bsp.o
    0x0001dc9c   0x0000001c   Code   RO          325    i.bsp_indication_set  bsp.o
    0x0001dcb8   0x000000a0   Code   RO          327    i.bsp_init          bsp.o
    0x0001dd58   0x000001f0   Code   RO          328    i.bsp_led_indication  bsp.o
    0x0001df48   0x0000003c   Code   RO          329    i.bsp_wakeup_buttons_set  bsp.o
    0x0001df84   0x0000000c   Code   RO          330    i.button_timer_handler  bsp.o
    0x0001df90   0x00000044   Code   RO          649    i.cccd_configure    ble_ancs_c.o
    0x0001dfd4   0x0000001c   Code   RO         1371    i.channel_free      nrf_drv_gpiote.o
    0x0001dff0   0x00000048   Code   RO         1372    i.channel_port_alloc  nrf_drv_gpiote.o
    0x0001e038   0x00000010   Code   RO         1373    i.channel_port_get  nrf_drv_gpiote.o
    0x0001e048   0x00000038   Code   RO          827    i.characteristics_discover  ble_db_discovery.o
    0x0001e080   0x00000104   Code   RO         1552    i.clear_operation_execute  pstorage.o
    0x0001e184   0x00000024   Code   RO         1553    i.clear_post_processing_run  pstorage.o
    0x0001e1a8   0x00000038   Code   RO         1554    i.cmd_process       pstorage.o
    0x0001e1e0   0x00000020   Code   RO         1555    i.cmd_queue_element_init  pstorage.o
    0x0001e200   0x0000004c   Code   RO         1556    i.cmd_queue_enqueue  pstorage.o
    0x0001e24c   0x0000003c   Code   RO         1557    i.command_end_procedure_run  pstorage.o
    0x0001e288   0x000000a4   Code   RO         1957    i.compare_reg_update  app_timer.o
    0x0001e32c   0x00000084   Code   RO          508    i.conn_int_encode   ble_advdata.o
    0x0001e3b0   0x0000000c   Code   RO           10    i.conn_params_error_handler  main.o
    0x0001e3bc   0x00000064   Code   RO          765    i.conn_params_negotiation  ble_conn_params.o
    0x0001e420   0x00000030   Code   RO          947    i.connection_instance_find  device_manager_peripheral.o
    0x0001e450   0x00000024   Code   RO          948    i.connection_instance_init  device_manager_peripheral.o
    0x0001e474   0x00000054   Code   RO         1558    i.data_page_erase_state_run  pstorage.o
    0x0001e4c8   0x00000028   Code   RO         1559    i.data_to_swap_write_state_run  pstorage.o
    0x0001e4f0   0x000000c0   Code   RO          650    i.db_discover_evt_handler  ble_ancs_c.o
    0x0001e5b0   0x00000084   Code   RO          828    i.descriptors_discover  ble_db_discovery.o
    0x0001e634   0x00000060   Code   RO         1795    i.detection_delay_timeout_handler  app_button.o
    0x0001e694   0x000000b0   Code   RO          949    i.device_context_store  device_manager_peripheral.o
    0x0001e744   0x00000054   Code   RO          950    i.device_instance_allocate  device_manager_peripheral.o
    0x0001e798   0x00000048   Code   RO          951    i.device_instance_find  device_manager_peripheral.o
    0x0001e7e0   0x0000002c   Code   RO          952    i.device_instance_free  device_manager_peripheral.o
    0x0001e80c   0x00000068   Code   RO           11    i.device_manager_evt_handler  main.o
    0x0001e874   0x00000084   Code   RO           12    i.device_manager_init  main.o
    0x0001e8f8   0x0000006c   Code   RO          829    i.discovery_complete_evt_trigger  ble_db_discovery.o
    0x0001e964   0x00000050   Code   RO          830    i.discovery_error_evt_trigger  ble_db_discovery.o
    0x0001e9b4   0x000003d8   Code   RO          957    i.dm_ble_evt_handler  device_manager_peripheral.o
    0x0001ed8c   0x0000001c   Code   RO          963    i.dm_handle_initialize  device_manager_peripheral.o
    0x0001eda8   0x000000c4   Code   RO          964    i.dm_init           device_manager_peripheral.o
    0x0001ee6c   0x00000164   Code   RO          967    i.dm_pstorage_cb_handler  device_manager_peripheral.o
    0x0001efd0   0x00000074   Code   RO          968    i.dm_register       device_manager_peripheral.o
    0x0001f044   0x0000005c   Code   RO          969    i.dm_security_setup_req  device_manager_peripheral.o
    0x0001f0a0   0x00000070   Code   RO          970    i.dm_security_status_req  device_manager_peripheral.o
    0x0001f110   0x000000b4   Code   RO          974    i.dm_whitelist_create  device_manager_peripheral.o
    0x0001f1c4   0x00000040   Code   RO         1958    i.elapsed_ticks_acquire  app_timer.o
    0x0001f204   0x00000058   Code   RO         1959    i.expired_timers_handler  app_timer.o
    0x0001f25c   0x00000020   Code   RO         1560    i.flash_api_err_code_process  pstorage.o
    0x0001f27c   0x00000080   Code   RO         1561    i.flash_operation_success_run  pstorage.o
    0x0001f2fc   0x0000000a   Code   RO         1562    i.flash_page_erase  pstorage.o
    0x0001f306   0x0000000a   Code   RO         1563    i.flash_write       pstorage.o
    0x0001f310   0x0000000e   Code   RO         2131    i.fputc             retarget.o
    0x0001f31e   0x00000004   Code   RO          975    i.gattc_context_apply  device_manager_peripheral.o
    0x0001f322   0x00000004   Code   RO          976    i.gattc_context_load  device_manager_peripheral.o
    0x0001f326   0x00000004   Code   RO          977    i.gattc_context_store  device_manager_peripheral.o
    0x0001f32a   0x00000002   PAD
    0x0001f32c   0x000000b0   Code   RO          978    i.gatts_context_apply  device_manager_peripheral.o
    0x0001f3dc   0x00000030   Code   RO          979    i.gatts_context_load  device_manager_peripheral.o
    0x0001f40c   0x000000ac   Code   RO          980    i.gatts_context_store  device_manager_peripheral.o
    0x0001f4b8   0x00000008   Code   RO          981    i.gattsc_context_apply  device_manager_peripheral.o
    0x0001f4c0   0x00000008   Code   RO          982    i.gattsc_context_load  device_manager_peripheral.o
    0x0001f4c8   0x00000008   Code   RO          983    i.gattsc_context_store  device_manager_peripheral.o
    0x0001f4d0   0x0000004c   Code   RO         1796    i.gpiote_event_handler  app_button.o
    0x0001f51c   0x00000016   Code   RO         1222    i.gpiote_uart_event_handler  app_uart_fifo.o
    0x0001f532   0x00000002   PAD
    0x0001f534   0x00000078   Code   RO         1564    i.head_restore_state_run  pstorage.o
    0x0001f5ac   0x00000080   Code   RO         2165    i.intern_softdevice_events_execute  softdevice_handler.o
    0x0001f62c   0x0000001c   Code   RO          766    i.is_conn_params_ok  ble_conn_params.o
    0x0001f648   0x00000042   Code   RO          831    i.is_desc_discovery_reqd  ble_db_discovery.o
    0x0001f68a   0x00000002   PAD
    0x0001f68c   0x00000048   Code   RO          473    i.is_manual_peripheral_setup_needed  system_nrf51.o
    0x0001f6d4   0x00000044   Code   RO         1565    i.is_page_erase_required  pstorage.o
    0x0001f718   0x0000000c   Code   RO         1566    i.is_word_aligned   pstorage.o
    0x0001f724   0x00000018   Code   RO          331    i.leds_timer_handler  bsp.o
    0x0001f73c   0x00000094   Code   RO         1960    i.list_deletions_handler  app_timer.o
    0x0001f7d0   0x000000f0   Code   RO         1961    i.list_insertions_handler  app_timer.o
    0x0001f8c0   0x000001d8   Code   RO           13    i.main              main.o
    0x0001fa98   0x00000018   Code   RO         1567    i.main_state_err_busy_process  pstorage.o
    0x0001fab0   0x00000064   Code   RO          509    i.manuf_specific_data_encode  ble_advdata.o
    0x0001fb14   0x0000006a   Code   RO          510    i.name_encode       ble_advdata.o
    0x0001fb7e   0x00000004   Code   RO          984    i.no_service_context_apply  device_manager_peripheral.o
    0x0001fb82   0x00000004   Code   RO          985    i.no_service_context_load  device_manager_peripheral.o
    0x0001fb86   0x00000004   Code   RO          986    i.no_service_context_store  device_manager_peripheral.o
    0x0001fb8a   0x00000002   PAD
    0x0001fb8c   0x00000130   Code   RO           14    i.notif_print       main.o
    0x0001fcbc   0x0000001c   Code   RO         1320    i.nrf_delay_ms      nrf_delay.o
    0x0001fcd8   0x00000060   Code   RO         1347    i.nrf_drv_common_irq_enable  nrf_drv_common.o
    0x0001fd38   0x000000a0   Code   RO         1376    i.nrf_drv_gpiote_in_event_enable  nrf_drv_gpiote.o
    0x0001fdd8   0x00000094   Code   RO         1377    i.nrf_drv_gpiote_in_init  nrf_drv_gpiote.o
    0x0001fe6c   0x00000014   Code   RO         1378    i.nrf_drv_gpiote_in_is_set  nrf_drv_gpiote.o
    0x0001fe80   0x00000054   Code   RO         1380    i.nrf_drv_gpiote_init  nrf_drv_gpiote.o
    0x0001fed4   0x00000010   Code   RO         1381    i.nrf_drv_gpiote_is_init  nrf_drv_gpiote.o
    0x0001fee4   0x00000098   Code   RO         1383    i.nrf_drv_gpiote_out_init  nrf_drv_gpiote.o
    0x0001ff7c   0x00000020   Code   RO         1393    i.nrf_gpio_cfg_sense_set  nrf_drv_gpiote.o
    0x0001ff9c   0x00000014   Code   RO         1394    i.nrf_gpiote_event_is_set  nrf_drv_gpiote.o
    0x0001ffb0   0x0000006c   Code   RO           15    i.on_adv_evt        main.o
    0x0002001c   0x00000160   Code   RO           16    i.on_ancs_c_evt     main.o
    0x0002017c   0x0000009c   Code   RO           17    i.on_ble_evt        main.o
    0x00020218   0x000000cc   Code   RO          832    i.on_characteristic_discovery_rsp  ble_db_discovery.o
    0x000202e4   0x000000a0   Code   RO          833    i.on_descriptor_discovery_rsp  ble_db_discovery.o
    0x00020384   0x00000048   Code   RO          651    i.on_evt_gattc_notif  ble_ancs_c.o
    0x000203cc   0x0000005c   Code   RO          834    i.on_srv_disc_completion  ble_db_discovery.o
    0x00020428   0x00000088   Code   RO         1223    i.on_uart_event     app_uart_fifo.o
    0x000204b0   0x00000124   Code   RO          652    i.parse_get_notif_attrs_response  ble_ancs_c.o
    0x000205d4   0x0000009c   Code   RO          653    i.parse_notif       ble_ancs_c.o
    0x00020670   0x00000016   Code   RO          574    i.peer_address_exists  ble_advertising.o
    0x00020686   0x00000002   PAD
    0x00020688   0x00000038   Code   RO          987    i.peer_instance_init  device_manager_peripheral.o
    0x000206c0   0x0000002c   Code   RO          835    i.pending_user_evts_send  ble_db_discovery.o
    0x000206ec   0x00000018   Code   RO         1395    i.pin_in_use_by_port  nrf_drv_gpiote.o
    0x00020704   0x00000018   Code   RO         1396    i.pin_in_use_by_te  nrf_drv_gpiote.o
    0x0002071c   0x00000028   Code   RO         1568    i.pstorage_access_status_get  pstorage.o
    0x00020744   0x00000058   Code   RO         1569    i.pstorage_block_identifier_get  pstorage.o
    0x0002079c   0x000000a8   Code   RO         1570    i.pstorage_clear    pstorage.o
    0x00020844   0x00000024   Code   RO         1571    i.pstorage_flash_page_end  pstorage.o
    0x00020868   0x0000000a   Code   RO         1572    i.pstorage_flash_page_size  pstorage.o
    0x00020872   0x00000002   PAD
    0x00020874   0x0000005c   Code   RO         1573    i.pstorage_init     pstorage.o
    0x000208d0   0x000000ac   Code   RO         1574    i.pstorage_load     pstorage.o
    0x0002097c   0x000000b4   Code   RO         1575    i.pstorage_register  pstorage.o
    0x00020a30   0x00000094   Code   RO         1576    i.pstorage_store    pstorage.o
    0x00020ac4   0x0000004c   Code   RO         1577    i.pstorage_sys_event_handler  pstorage.o
    0x00020b10   0x00000094   Code   RO         1578    i.pstorage_update   pstorage.o
    0x00020ba4   0x0000003c   Code   RO          836    i.registered_handler_get  ble_db_discovery.o
    0x00020be0   0x00000044   Code   RO         1962    i.rtc1_stop         app_timer.o
    0x00020c24   0x00000048   Code   RO           18    i.sec_req_timeout_handler  main.o
    0x00020c6c   0x0000007c   Code   RO          511    i.service_data_encode  ble_advdata.o
    0x00020ce8   0x00000138   Code   RO           19    i.service_init      main.o
    0x00020e20   0x00000034   Code   RO           20    i.sleep_mode_enter  main.o
    0x00020e54   0x00000048   Code   RO         1579    i.sm_state_change   pstorage.o
    0x00020e9c   0x0000000c   Code   RO         2166    i.softdevice_assertion_handler  softdevice_handler.o
    0x00020ea8   0x00000014   Code   RO         2167    i.softdevice_ble_evt_handler_set  softdevice_handler.o
    0x00020ebc   0x00000030   Code   RO         2168    i.softdevice_handler_init  softdevice_handler.o
    0x00020eec   0x00000014   Code   RO         2170    i.softdevice_sys_evt_handler_set  softdevice_handler.o
    0x00020f00   0x00000064   Code   RO         1580    i.state_data_erase_swap_entry_run  pstorage.o
    0x00020f64   0x00000010   Code   RO         1581    i.state_erase_data_page_entry_run  pstorage.o
    0x00020f74   0x00000028   Code   RO         1582    i.state_restore_head_entry_run  pstorage.o
    0x00020f9c   0x0000004c   Code   RO         1583    i.state_restore_tail_entry_run  pstorage.o
    0x00020fe8   0x00000020   Code   RO         1584    i.state_swap_erase_entry_run  pstorage.o
    0x00021008   0x00000030   Code   RO         1585    i.state_write_data_swap_entry_run  pstorage.o
    0x00021038   0x00000004   Code   RO          988    i.storage_operation_dummy_handler  device_manager_peripheral.o
    0x0002103c   0x0000005c   Code   RO         1586    i.store_cmd_flash_write_execute  pstorage.o
    0x00021098   0x0000001c   Code   RO         1587    i.swap_erase_state_run  pstorage.o
    0x000210b4   0x00000018   Code   RO         1588    i.swap_sub_state_err_busy_process  pstorage.o
    0x000210cc   0x00000014   Code   RO         1589    i.swap_sub_state_state_change  pstorage.o
    0x000210e0   0x00000010   Code   RO           21    i.sys_evt_dispatch  main.o
    0x000210f0   0x0000001c   Code   RO         1590    i.tail_restore_state_run  pstorage.o
    0x0002110c   0x00000010   Code   RO         1963    i.timer_list_handler_sched  app_timer.o
    0x0002111c   0x00000064   Code   RO         1964    i.timer_list_insert  app_timer.o
    0x00021180   0x00000070   Code   RO         1965    i.timer_list_remove  app_timer.o
    0x000211f0   0x00000080   Code   RO         1966    i.timer_timeouts_check  app_timer.o
    0x00021270   0x00000044   Code   RO          654    i.tx_buffer_process  ble_ancs_c.o
    0x000212b4   0x00000018   Code   RO           22    i.uart_error_handle  main.o
    0x000212cc   0x0000000a   Code   RO          512    i.uint16_encode     ble_advdata.o
    0x000212d6   0x00000014   Code   RO          655    i.uint32_decode     ble_ancs_c.o
    0x000212ea   0x00000002   PAD
    0x000212ec   0x00000014   Code   RO          989    i.update_status_bit_reset  device_manager_peripheral.o
    0x00021300   0x00000064   Code   RO          767    i.update_timeout_handler  ble_conn_params.o
    0x00021364   0x00000054   Code   RO         1967    i.user_id_get       app_timer.o
    0x000213b8   0x00000024   Code   RO         1968    i.user_op_alloc     app_timer.o
    0x000213dc   0x00000026   Code   RO          513    i.uuid_list_encode  ble_advdata.o
    0x00021402   0x000000a2   Code   RO          514    i.uuid_list_sized_encode  ble_advdata.o
    0x000214a4   0x00000010   Code   RO          575    i.whitelist_has_entries  ble_advertising.o
    0x000214b4   0x0000000c   Data   RO           24    .constdata          main.o
    0x000214c0   0x00000030   Data   RO          333    .constdata          bsp.o
    0x000214f0   0x00000010   Data   RO          657    .constdata          ble_ancs_c.o
    0x00021500   0x00000010   Data   RO          658    .constdata          ble_ancs_c.o
    0x00021510   0x00000010   Data   RO          659    .constdata          ble_ancs_c.o
    0x00021520   0x00000010   Data   RO          660    .constdata          ble_ancs_c.o
    0x00021530   0x00000030   Data   RO          991    .constdata          device_manager_peripheral.o
    0x00021560   0x00000008   Data   RO         1225    .constdata          app_uart_fifo.o
    0x00021568   0x00000028   Data   RO         1592    .constdata          pstorage.o
    0x00021590   0x00000004   Data   RO         1797    .constdata          app_button.o
    0x00021594   0x0000012a   Data   RO           25    .conststring        main.o
    0x000216be   0x00000002   PAD
    0x000216c0   0x00000020   Data   RO         2539    Region$$Table       anon$$obj.o


    Execution Region RW_IRAM1 (Base: 0x20002800, Size: 0x000019a0, Max: 0x00005800, ABSOLUTE, COMPRESSED[0x0000005c])

    Base Addr    Size         Type   Attr      Idx    E Section Name        Object

    0x20002800   0x00000080   Data   RW           26    .data               main.o
    0x20002880   0x00000020   Data   RW          334    .data               bsp.o
    0x200028a0   0x00000008   Data   RW          429    .data               bsp_btn_ble.o
    0x200028a8   0x00000004   Data   RW          474    .data               system_nrf51.o
    0x200028ac   0x0000001f   Data   RW          577    .data               ble_advertising.o
    0x200028cb   0x00000001   PAD
    0x200028cc   0x00000018   Data   RW          661    .data               ble_ancs_c.o
    0x200028e4   0x00000018   Data   RW          769    .data               ble_conn_params.o
    0x200028fc   0x00000010   Data   RW          838    .data               ble_db_discovery.o
    0x2000290c   0x00000018   Data   RW          993    .data               device_manager_peripheral.o
    0x20002924   0x00000008   Data   RW         1226    .data               app_uart_fifo.o
    0x2000292c   0x00000024   Data   RW         1593    .data               pstorage.o
    0x20002950   0x00000018   Data   RW         1798    .data               app_button.o
    0x20002968   0x00000010   Data   RW         1905    .data               app_scheduler.o
    0x20002978   0x00000024   Data   RW         1969    .data               app_timer.o
    0x2000299c   0x00000004   Data   RW         2132    .data               retarget.o
    0x200029a0   0x00000014   Data   RW         2171    .data               softdevice_handler.o
    0x200029b4   0x000009f6   Zero   RW           23    .bss                main.o
    0x200033aa   0x0000000c   Zero   RW          332    .bss                bsp.o
    0x200033b6   0x00000002   PAD
    0x200033b8   0x000000fb   Zero   RW          576    .bss                ble_advertising.o
    0x200034b3   0x00000001   PAD
    0x200034b4   0x000001d0   Zero   RW          656    .bss                ble_ancs_c.o
    0x20003684   0x0000001c   Zero   RW          768    .bss                ble_conn_params.o
    0x200036a0   0x00000080   Zero   RW          837    .bss                ble_db_discovery.o
    0x20003720   0x00000127   Zero   RW          990    .bss                device_manager_peripheral.o
    0x20003847   0x00000001   PAD
    0x20003848   0x00000020   Zero   RW         1224    .bss                app_uart_fifo.o
    0x20003868   0x00000050   Zero   RW         1397    .bss                nrf_drv_gpiote.o
    0x200038b8   0x000000e4   Zero   RW         1591    .bss                pstorage.o
    0x2000399c   0x00000004   PAD
    0x200039a0   0x00000800   Zero   RW          462    STACK               arm_startup_nrf51.o


==============================================================================

Image component sizes


      Code (inc. data)   RO Data    RW Data    ZI Data      Debug   Object Name

       328         34          4         24          0       5926   app_button.o
        24          8          0          0          0       6824   app_error.o
       104          0          0          0          0       2566   app_fifo.o
       398         26          0         16          0      12383   app_scheduler.o
      1938        160          0         36          0      24567   app_timer.o
        50          6          0          0          0       1769   app_timer_appsh.o
       862        142          8          8         32      20743   app_uart_fifo.o
        56         18        192          0       2048        700   arm_startup_nrf51.o
      1092          6          0          0          0      11318   ble_advdata.o
      1146         52          0         31        251       8531   ble_advertising.o
      1292        118         64         24        464      18925   ble_ancs_c.o
       456         50          0         24         28      11464   ble_conn_params.o
      1358         78          0         16        128      12623   ble_db_discovery.o
      1076        120         48         32         12       8269   bsp.o
       284         10          0          8          0       4269   bsp_btn_ble.o
      3132        240         48         24        295      28372   device_manager_peripheral.o
      2494        578        310        128       2550     107722   main.o
        58          4          0          0          0       1575   nrf_delay.o
        96         18          0          0          0       1500   nrf_drv_common.o
      1060        146          0          0         80      19774   nrf_drv_gpiote.o
      2858        266         40         36        228      33334   pstorage.o
        14          0          0          4          0       2646   retarget.o
       264         24          0         20          0       5792   softdevice_handler.o
       156         26          0          4          0       2079   system_nrf51.o

    ----------------------------------------------------------------------
     20622       2130        748        436       6124     353671   Object Totals
         0          0         32          0          0          0   (incl. Generated)
        26          0          2          1          8          0   (incl. Padding)

    ----------------------------------------------------------------------

      Code (inc. data)   RO Data    RW Data    ZI Data      Debug   Library Member Name

        86          0          0          0          0          0   __dczerorl2.o
         0          0          0          0          0          0   entry.o
         0          0          0          0          0          0   entry10a.o
         0          0          0          0          0          0   entry11a.o
         8          4          0          0          0          0   entry2.o
         4          0          0          0          0          0   entry5.o
         0          0          0          0          0          0   entry7b.o
         0          0          0          0          0          0   entry8b.o
         8          4          0          0          0          0   entry9a.o
        30          0          0          0          0          0   handlers.o
        40          0          0          0          0         72   idiv.o
        36          8          0          0          0         68   init.o
        26          0          0          0          0         72   memcmp.o
        36          0          0          0          0         60   memcpya.o
        36          0          0          0          0        100   memseta.o
       492         12          0          0          0        168   printf3.o
        44          0          0          0          0         72   uidiv.o
        20          0          0          0          0         60   uread4.o

    ----------------------------------------------------------------------
       870         28          0          0          0        672   Library Totals
         4          0          0          0          0          0   (incl. Padding)

    ----------------------------------------------------------------------

      Code (inc. data)   RO Data    RW Data    ZI Data      Debug   Library Name

       866         28          0          0          0        672   mc_p.l

    ----------------------------------------------------------------------
       870         28          0          0          0        672   Library Totals

    ----------------------------------------------------------------------

==============================================================================


      Code (inc. data)   RO Data    RW Data    ZI Data      Debug   

     21492       2158        748        436       6124     344475   Grand Totals
     21492       2158        748         92       6124     344475   ELF Image Totals (compressed)
     21492       2158        748         92          0          0   ROM Totals

==============================================================================

    Total RO  Size (Code + RO Data)                22240 (  21.72kB)
    Total RW  Size (RW Data + ZI Data)              6560 (   6.41kB)
    Total ROM Size (Code + RO Data + RW Data)      22332 (  21.81kB)

==============================================================================

