<html>
<body>
<pre>
<h1>µVision Build Log</h1>
<h2>Project:</h2>
E:\svn\L53_New\Nordic\Bootloader\source\examples\dfu\bootloader\pca10028\single_bank_ble_s110\arm4\dfu_single_bank_ble_s110_pca10028.uvproj
Project File Date:  12/21/2015

<h2>Output:</h2>
Build target 'nrf51422_xxac'
Clean started - Project: 'dfu_single_bank_ble_s110_pca10028'
   deleting intermediate output files for target 'nrf51422_xxac'
compiling dfu_ble_svc.c...
compiling main.c...
assembling arm_startup_nrf51.s...
compiling system_nrf51.c...
compiling ble_advdata.c...
compiling ble_conn_params.c...
compiling ble_dfu.c...
compiling ble_srv_common.c...
compiling nrf_delay.c...
compiling pstorage_raw.c...
compiling app_error.c...
compiling app_scheduler.c...
compiling app_timer.c...
compiling app_timer_appsh.c...
compiling bootloader.c...
compiling bootloader_settings.c...
compiling bootloader_util.c...
compiling crc16.c...
compiling dfu_dual_bank.c...
compiling dfu_init_template.c...
compiling dfu_transport_ble.c...
compiling hci_mem_pool.c...
compiling nrf_assert.c...
compiling softdevice_handler.c...
compiling softdevice_handler_appsh.c...
compiling lcd.c...
linking...
Program Size: Code=13232 RO-data=820 RW-data=220 ZI-data=4976  
".\_build\nrf51422_xxac.axf" - 0 Error(s), 0 Warning(s).

*** Performing Cross-Module-Optimization:
compiling dfu_ble_svc.c...
compiling main.c...
compiling system_nrf51.c...
compiling ble_conn_params.c...
compiling ble_srv_common.c...
compiling nrf_delay.c...
compiling pstorage_raw.c...
compiling app_error.c...
compiling app_scheduler.c...
compiling app_timer.c...
compiling bootloader.c...
compiling bootloader_settings.c...
compiling dfu_dual_bank.c...
compiling dfu_init_template.c...
compiling dfu_transport_ble.c...
compiling hci_mem_pool.c...
compiling softdevice_handler.c...
compiling softdevice_handler_appsh.c...
compiling lcd.c...
linking...
Program Size: Code=12820 RO-data=820 RW-data=220 ZI-data=4976  
compiling dfu_ble_svc.c...
compiling main.c...
compiling system_nrf51.c...
compiling ble_conn_params.c...
compiling ble_srv_common.c...
compiling nrf_delay.c...
compiling pstorage_raw.c...
compiling app_error.c...
compiling app_scheduler.c...
compiling app_timer.c...
compiling bootloader.c...
compiling bootloader_settings.c...
compiling dfu_dual_bank.c...
compiling dfu_init_template.c...
compiling dfu_transport_ble.c...
compiling hci_mem_pool.c...
compiling softdevice_handler.c...
compiling softdevice_handler_appsh.c...
compiling lcd.c...
linking...
Program Size: Code=12820 RO-data=820 RW-data=220 ZI-data=4976  
FromELF: creating hex file...
".\_build\nrf51422_xxac.axf" - 0 Error(s), 0 Warning(s).
*** Completed Cross-Module-Optimization after 3 iteration(s).
Clean started: Project: 'dfu_single_bank_ble_s110_pca10028'
   deleting intermediate output files for target 'nrf51422_xxac'
</pre>
</body>
</html>
